Component: ARM Compiler 5.06 update 2 (build 183) Tool: armlink [4d35b7]

==============================================================================

Section Cross References

    arm_atan2_f32.o(i.arm_atan2_f32) refers to arm_atan2_f32.o(.constdata) for .constdata
    arm_cos_f32.o(i.arm_cos_f32) refers to arm_common_tables.o(.constdata) for sinTable_f32
    arm_cos_q15.o(i.arm_cos_q15) refers to arm_common_tables.o(.constdata) for sinTable_q15
    arm_cos_q31.o(i.arm_cos_q31) refers to arm_common_tables.o(.constdata) for sinTable_q31
    arm_sin_f32.o(i.arm_sin_f32) refers to arm_common_tables.o(.constdata) for sinTable_f32
    arm_sin_q15.o(i.arm_sin_q15) refers to arm_common_tables.o(.constdata) for sinTable_q15
    arm_sin_q31.o(i.arm_sin_q31) refers to arm_common_tables.o(.constdata) for sinTable_q31
    arm_sqrt_q15.o(i.arm_sqrt_q15) refers to arm_common_tables.o(.constdata) for sqrt_initial_lut_q15
    arm_sqrt_q31.o(i.arm_sqrt_q31) refers to arm_common_tables.o(.constdata) for sqrt_initial_lut_q31
    arm_divide_q15.o(i.arm_divide_q15) refers to arm_abs_q15.o(i.arm_abs_q15) for arm_abs_q15
    arm_divide_q31.o(i.arm_divide_q31) refers to arm_abs_q31.o(i.arm_abs_q31) for arm_abs_q31
    arm_divide_q31.o(i.arm_divide_q31) refers to ldiv.o(.text) for __aeabi_ldivmod
    arm_divide_q31.o(i.arm_divide_q31) refers to llsshr.o(.text) for __aeabi_lasr
    arm_vexp_f32.o(i.arm_vexp_f32) refers to expf.o(i.__hardfp_expf) for __hardfp_expf
    arm_vexp_f64.o(i.arm_vexp_f64) refers to exp.o(i.__hardfp_exp) for __hardfp_exp
    arm_vlog_f32.o(i.arm_vlog_f32) refers to logf.o(i.__hardfp_logf) for __hardfp_logf
    arm_vlog_f64.o(i.arm_vlog_f64) refers to log.o(i.__hardfp_log) for __hardfp_log
    arm_atan2_q15.o(i.arm_atan2_q15) refers to arm_negate_q15.o(i.arm_negate_q15) for arm_negate_q15
    arm_atan2_q15.o(i.arm_atan2_q15) refers to arm_divide_q15.o(i.arm_divide_q15) for arm_divide_q15
    arm_atan2_q15.o(i.arm_atan2_q15) refers to arm_shift_q15.o(i.arm_shift_q15) for arm_shift_q15
    arm_atan2_q15.o(i.arm_atan2_q15) refers to arm_atan2_q15.o(.constdata) for .constdata
    arm_atan2_q31.o(i.arm_atan2_q31) refers to arm_negate_q31.o(i.arm_negate_q31) for arm_negate_q31
    arm_atan2_q31.o(i.arm_atan2_q31) refers to arm_divide_q31.o(i.arm_divide_q31) for arm_divide_q31
    arm_atan2_q31.o(i.arm_atan2_q31) refers to arm_shift_q31.o(i.arm_shift_q31) for arm_shift_q31
    arm_atan2_q31.o(i.arm_atan2_q31) refers to arm_atan2_q31.o(.constdata) for .constdata
    arm_const_structs.o(.constdata) refers to arm_common_tables.o(.constdata) for twiddleCoefF64_16
    arm_const_structs.o(.constdata) refers to arm_common_tables.o(.constdata) for armBitRevIndexTableF64_16
    arm_const_structs.o(.constdata) refers to arm_common_tables.o(.constdata) for twiddleCoefF64_32
    arm_const_structs.o(.constdata) refers to arm_common_tables.o(.constdata) for armBitRevIndexTableF64_32
    arm_const_structs.o(.constdata) refers to arm_common_tables.o(.constdata) for twiddleCoefF64_64
    arm_const_structs.o(.constdata) refers to arm_common_tables.o(.constdata) for armBitRevIndexTableF64_64
    arm_const_structs.o(.constdata) refers to arm_common_tables.o(.constdata) for twiddleCoefF64_128
    arm_const_structs.o(.constdata) refers to arm_common_tables.o(.constdata) for armBitRevIndexTableF64_128
    arm_const_structs.o(.constdata) refers to arm_common_tables.o(.constdata) for twiddleCoefF64_256
    arm_const_structs.o(.constdata) refers to arm_common_tables.o(.constdata) for armBitRevIndexTableF64_256
    arm_const_structs.o(.constdata) refers to arm_common_tables.o(.constdata) for twiddleCoefF64_512
    arm_const_structs.o(.constdata) refers to arm_common_tables.o(.constdata) for armBitRevIndexTableF64_512
    arm_const_structs.o(.constdata) refers to arm_common_tables.o(.constdata) for twiddleCoefF64_1024
    arm_const_structs.o(.constdata) refers to arm_common_tables.o(.constdata) for armBitRevIndexTableF64_1024
    arm_const_structs.o(.constdata) refers to arm_common_tables.o(.constdata) for twiddleCoefF64_2048
    arm_const_structs.o(.constdata) refers to arm_common_tables.o(.constdata) for armBitRevIndexTableF64_2048
    arm_const_structs.o(.constdata) refers to arm_common_tables.o(.constdata) for twiddleCoefF64_4096
    arm_const_structs.o(.constdata) refers to arm_common_tables.o(.constdata) for armBitRevIndexTableF64_4096
    arm_const_structs.o(.constdata) refers to arm_common_tables.o(.constdata) for twiddleCoef_16
    arm_const_structs.o(.constdata) refers to arm_common_tables.o(.constdata) for armBitRevIndexTable16
    arm_const_structs.o(.constdata) refers to arm_common_tables.o(.constdata) for twiddleCoef_32
    arm_const_structs.o(.constdata) refers to arm_common_tables.o(.constdata) for armBitRevIndexTable32
    arm_const_structs.o(.constdata) refers to arm_common_tables.o(.constdata) for twiddleCoef_64
    arm_const_structs.o(.constdata) refers to arm_common_tables.o(.constdata) for armBitRevIndexTable64
[...]
    MX_USART2_UART_Init                      0x080051cd   Thumb Code    50  usart.o(i.MX_USART2_UART_Init)
    MX_USART3_UART_Init                      0x0800520d   Thumb Code    48  usart.o(i.MX_USART3_UART_Init)
    MemManage_Handler                        0x08005245   Thumb Code     2  stm32f4xx_it.o(i.MemManage_Handler)
    NMI_Handler                              0x08005247   Thumb Code     2  stm32f4xx_it.o(i.NMI_Handler)
    RC_DeathZoom                             0x08005263   Thumb Code    34  rc.o(i.RC_DeathZoom)
    RC_Key2Channel                           0x08005285   Thumb Code   244  rc.o(i.RC_Key2Channel)
    RC_KeyMouseReceive                       0x0800537d   Thumb Code   336  rc.o(i.RC_KeyMouseReceive)
    RC_Mouse_Speed                           0x080054d1   Thumb Code   214  rc.o(i.RC_Mouse_Speed)
    RC_ResetData                             0x080055c9   Thumb Code     8  rc.o(i.RC_ResetData)
    RC_ResetJudge                            0x080055d1   Thumb Code   150  rc.o(i.RC_ResetJudge)
    RC_SF                                    0x0800566d   Thumb Code    56  rc.o(i.RC_SF)
    RM_MotorCAN1                             0x080056a5   Thumb Code    68  motor.o(i.RM_MotorCAN1)
    RM_MotorCAN2                             0x080056f5   Thumb Code    44  motor.o(i.RM_MotorCAN2)
    RM_MotorHeartBeat                        0x08005725   Thumb Code    64  motor.o(i.RM_MotorHeartBeat)
    RM_MotorInit                             0x0800576d   Thumb Code   246  motor.o(i.RM_MotorInit)
    RP_GetAbsoluteMax                        0x08005aa1   Thumb Code    76  rp_math.o(i.RP_GetAbsoluteMax)
    RP_IMU_INIT                              0x08005af1   Thumb Code    38  rp_init.o(i.RP_IMU_INIT)
    RP_INIT                                  0x08005b1d   Thumb Code    70  rp_init.o(i.RP_INIT)
    RP_Limit                                 0x08005b75   Thumb Code    66  rp_math.o(i.RP_Limit)
    RP_QuaternionMartix_LeftMult             0x08005bb7   Thumb Code   158  imu.o(i.RP_QuaternionMartix_LeftMult)
    RP_QuaternionMartix_RightMult            0x08005cf3   Thumb Code   158  imu.o(i.RP_QuaternionMartix_RightMult)
    RP_RotationOutput_Chassis2Gimb           0x08005d91   Thumb Code   216  gimbalrotationoutput.o(i.RP_RotationOutput_Chassis2Gimb)
    Rifle_BoxCtrl                            0x08005e6d   Thumb Code   320  rifle.o(i.Rifle_BoxCtrl)
    Rifle_FrictionCtrl                       0x08005fc1   Thumb Code   278  rifle.o(i.Rifle_FrictionCtrl)
    Rifle_MagazineCtrl                       0x080060e5   Thumb Code    26  rifle.o(i.Rifle_MagazineCtrl)
    Rifle_ModifyFri                          0x08006105   Thumb Code    26  rifle.o(i.Rifle_ModifyFri)
    Rifle_ModifyLock                         0x0800611f   Thumb Code    46  rifle.o(i.Rifle_ModifyLock)
    Rifle_ModifyMagazine                     0x0800614d   Thumb Code    10  rifle.o(i.Rifle_ModifyMagazine)
    Rifle_ModifyShootType                    0x08006157   Thumb Code    28  rifle.o(i.Rifle_ModifyShootType)
    Rifle_Updata                             0x08006175   Thumb Code   710  rifle.o(i.Rifle_Updata)
    Sim_Channel                              0x0800664d   Thumb Code    58  rc.o(i.Sim_Channel)
    StartCommunityTask                       0x08006695   Thumb Code   134  tasks_center.o(i.StartCommunityTask)
    StartControlTask                         0x0800672d   Thumb Code    22  tasks_center.o(i.StartControlTask)
    StartMonitorTask                         0x0800674d   Thumb Code    96  tasks_center.o(i.StartMonitorTask)
    SysTick_Handler                          0x080067c9   Thumb Code    38  port.o(i.SysTick_Handler)
    SystemClock_Config                       0x080067f5   Thumb Code   148  main.o(i.SystemClock_Config)
    SystemInit                               0x08006891   Thumb Code    12  system_stm32f4xx.o(i.SystemInit)
    TIM2_IRQHandler                          0x080068a1   Thumb Code     6  stm32f4xx_it.o(i.TIM2_IRQHandler)
    TIM4_IRQHandler                          0x080068ad   Thumb Code     6  stm32f4xx_it.o(i.TIM4_IRQHandler)
    TIM_Base_SetConfig                       0x080068b9   Thumb Code   156  stm32f4xx_hal_tim.o(i.TIM_Base_SetConfig)
    TIM_CCxChannelCmd                        0x08006981   Thumb Code    26  stm32f4xx_hal_tim.o(i.TIM_CCxChannelCmd)
    TIM_ETR_SetConfig                        0x0800699b   Thumb Code    20  stm32f4xx_hal_tim.o(i.TIM_ETR_SetConfig)
    TIM_OC2_SetConfig                        0x08006a21   Thumb Code    98  stm32f4xx_hal_tim.o(i.TIM_OC2_SetConfig)
    UART4_IRQHandler                         0x08006b8d   Thumb Code    18  stm32f4xx_it.o(i.UART4_IRQHandler)
    UART5_IRQHandler                         0x08006ba5   Thumb Code    18  stm32f4xx_it.o(i.UART5_IRQHandler)
    UART_Send                                0x08006d8d   Thumb Code    58  uart_drv.o(i.UART_Send)
    USART1_IRQHandler                        0x08006ee9   Thumb Code    18  stm32f4xx_it.o(i.USART1_IRQHandler)
    USART1_Init                              0x08006f01   Thumb Code    48  uart_drv.o(i.USART1_Init)
    USART1_rxDataHandler                     0x08006f39   Thumb Code    10  usart_potocal.o(i.USART1_rxDataHandler)
    USART2_IRQHandler                        0x08006f49   Thumb Code    18  stm32f4xx_it.o(i.USART2_IRQHandler)
    USART2_Init                              0x08006f61   Thumb Code    52  uart_drv.o(i.USART2_Init)
    USART2_rxDataHandler                     0x08006f9d   Thumb Code    12  usart_potocal.o(i.USART2_rxDataHandler)
    USART3_IRQHandler                        0x08006fad   Thumb Code    18  stm32f4xx_it.o(i.USART3_IRQHandler)
    USART3_Init                              0x08006fc5   Thumb Code    48  uart_drv.o(i.USART3_Init)
    USART3_rxDataHandler                     0x08006ffd   Thumb Code     2  usart_potocal.o(i.USART3_rxDataHandler)
    USART4_Init                              0x08007001   Thumb Code    48  uart_drv.o(i.USART4_Init)
    USART4_rxDataHandler                     0x08007039   Thumb Code     2  usart_potocal.o(i.USART4_rxDataHandler)
    USART5_Init                              0x0800703d   Thumb Code    48  uart_drv.o(i.USART5_Init)
    USART5_rxDataHandler                     0x08007075   Thumb Code    12  usart_potocal.o(i.USART5_rxDataHandler)
    UsageFault_Handler                       0x08007085   Thumb Code     2  stm32f4xx_it.o(i.UsageFault_Handler)
    Verify_CRC16_Check_Sum                   0x08007089   Thumb Code    54  crc.o(i.Verify_CRC16_Check_Sum)
    Verify_CRC8_Check_Sum                    0x080070c5   Thumb Code    42  crc.o(i.Verify_CRC8_Check_Sum)
    __ARM_fpclassify                         0x080070ef   Thumb Code    48  fpclassify.o(i.__ARM_fpclassify)
    __hardfp_cos                             0x08007141   Thumb Code   180  cos.o(i.__hardfp_cos)
    __hardfp_sin                             0x08007209   Thumb Code   180  sin.o(i.__hardfp_sin)
    __ieee754_rem_pio2                       0x080072d1   Thumb Code   938  rred.o(i.__ieee754_rem_pio2)
    __kernel_cos                             0x08007709   Thumb Code   322  cos_i.o(i.__kernel_cos)
    __kernel_poly                            0x08007879   Thumb Code   248  poly.o(i.__kernel_poly)
    __kernel_sin                             0x08007971   Thumb Code   280  sin_i.o(i.__kernel_sin)
    __mathlib_dbl_infnan                     0x08007aa1   Thumb Code    20  dunder.o(i.__mathlib_dbl_infnan)
    __mathlib_dbl_invalid                    0x08007ab9   Thumb Code    24  dunder.o(i.__mathlib_dbl_invalid)
    __mathlib_dbl_underflow                  0x08007ad9   Thumb Code    24  dunder.o(i.__mathlib_dbl_underflow)
    __scatterload_copy                       0x08007af9   Thumb Code    14  handlers.o(i.__scatterload_copy)
    __scatterload_null                       0x08007b07   Thumb Code     2  handlers.o(i.__scatterload_null)
    __scatterload_zeroinit                   0x08007b09   Thumb Code    14  handlers.o(i.__scatterload_zeroinit)
    __set_errno                              0x08007b19   Thumb Code     6  errno.o(i.__set_errno)
    arm_atan2_f32                            0x08007b25   Thumb Code   512  arm_atan2_f32.o(i.arm_atan2_f32)
    arm_cos_f32                              0x08007d41   Thumb Code   118  arm_cos_f32.o(i.arm_cos_f32)
    arm_sin_f32                              0x08007dc5   Thumb Code   114  arm_sin_f32.o(i.arm_sin_f32)
    bmi270_get_sensor_config                 0x08007e45   Thumb Code   134  bmi270.o(i.bmi270_get_sensor_config)
    bmi270_init                              0x08007ecd   Thumb Code   102  bmi270.o(i.bmi270_init)
    bmi270_sensor_enable                     0x08007f41   Thumb Code   126  bmi270.o(i.bmi270_sensor_enable)
    bmi270_set_sensor_config                 0x08007fbf   Thumb Code   130  bmi270.o(i.bmi270_set_sensor_config)
    bmi2_delay                               0x08008041   Thumb Code    24  common.o(i.bmi2_delay)
    bmi2_delay_us                            0x08008059   Thumb Code    24  common.o(i.bmi2_delay_us)
    bmi2_error_codes_print_result            0x08008071   Thumb Code     2  common.o(i.bmi2_error_codes_print_result)
    bmi2_extract_input_feat_config           0x08008073   Thumb Code    54  bmi2.o(i.bmi2_extract_input_feat_config)
    bmi2_get_feat_config                     0x080080a9   Thumb Code   160  bmi2.o(i.bmi2_get_feat_config)
    bmi2_get_feature_data                    0x08008149   Thumb Code   132  bmi2.o(i.bmi2_get_feature_data)
    bmi2_get_gyro_cross_sense                0x080081cd   Thumb Code    64  bmi2.o(i.bmi2_get_gyro_cross_sense)
    bmi2_get_internal_status                 0x0800820d   Thumb Code    46  bmi2.o(i.bmi2_get_internal_status)
    bmi2_get_regs                            0x08008241   Thumb Code   126  bmi2.o(i.bmi2_get_regs)
    bmi2_get_sensor_config                   0x080082bf   Thumb Code   182  bmi2.o(i.bmi2_get_sensor_config)
    bmi2_get_status                          0x08008375   Thumb Code    38  bmi2.o(i.bmi2_get_status)
    bmi2_i2c_read                            0x0800839d   Thumb Code    94  common.o(i.bmi2_i2c_read)
    bmi2_i2c_write                           0x08008401   Thumb Code    80  common.o(i.bmi2_i2c_write)
    bmi2_interface_init                      0x08008455   Thumb Code    74  common.o(i.bmi2_interface_init)
    bmi2_map_data_int                        0x080084b9   Thumb Code   118  bmi2.o(i.bmi2_map_data_int)
    bmi2_micros                              0x08008531   Thumb Code    30  common.o(i.bmi2_micros)
    bmi2_sec_init                            0x08008555   Thumb Code   114  bmi2.o(i.bmi2_sec_init)
    bmi2_set_adv_power_save                  0x080085cd   Thumb Code    84  bmi2.o(i.bmi2_set_adv_power_save)
    bmi2_set_regs                            0x08008621   Thumb Code   108  bmi2.o(i.bmi2_set_regs)
    bmi2_set_sensor_config                   0x0800868d   Thumb Code   170  bmi2.o(i.bmi2_set_sensor_config)
    bmi2_soft_reset                          0x08008737   Thumb Code   104  bmi2.o(i.bmi2_soft_reset)
    bmi2_spi_read                            0x080087a1   Thumb Code    72  common.o(i.bmi2_spi_read)
    bmi2_spi_write                           0x080087f1   Thumb Code    72  common.o(i.bmi2_spi_write)
    bmi2_write_config_file                   0x08008841   Thumb Code    86  bmi2.o(i.bmi2_write_config_file)
    bmi_init                                 0x08008899   Thumb Code    48  bmi.o(i.bmi_init)
    delay_us                                 0x08008a19   Thumb Code    24  tick_drv.o(i.delay_us)
    fabs                                     0x08008b99   Thumb Code    24  fabs.o(i.fabs)
    free                                     0x08008bb1   Thumb Code    76  malloc.o(i.free)
    get_rm_can_drvie                         0x0800902d   Thumb Code    88  rm_motor.o(i.get_rm_can_drvie)
    get_rm_info                              0x0800908d   Thumb Code   144  rm_motor.o(i.get_rm_info)
    imu_half_cycle                           0x080093ab   Thumb Code    60  imu.o(i.imu_half_cycle)
    inVSqrt                                  0x08009979   Thumb Code    40  imu.o(i.inVSqrt)
    int16_to_float                           0x080099a5   Thumb Code    38  cap.o(i.int16_to_float)
    main                                     0x08009c1d   Thumb Code    86  main.o(i.main)
    malloc                                   0x08009c85   Thumb Code    92  malloc.o(i.malloc)
    micros                                   0x08009d65   Thumb Code    30  tick_drv.o(i.micros)
    motor_class_heartbeat                    0x08009d89   Thumb Code    42  rm_motor.o(i.motor_class_heartbeat)
    motor_class_init                         0x08009db5   Thumb Code   100  rm_motor.o(i.motor_class_init)
    motor_class_pid_init                     0x08009e41   Thumb Code    44  rm_motor.o(i.motor_class_pid_init)
    motor_class_stucking_flag                0x08009e6d   Thumb Code    44  rm_motor.o(i.motor_class_stucking_flag)
    motor_cycle                              0x08009e99   Thumb Code    32  rm_motor.o(i.motor_cycle)
    motor_half_cycle                         0x08009eb9   Thumb Code    60  rm_motor.o(i.motor_half_cycle)
    motor_judge_dir                          0x08009ef5   Thumb Code    50  rm_motor.o(i.motor_judge_dir)
    motor_offset                             0x08009f27   Thumb Code    72  rm_motor.o(i.motor_offset)
    motor_pid_angle                          0x08009f71   Thumb Code    72  rm_motor.o(i.motor_pid_angle)
    motor_pid_cal                            0x08009fc1   Thumb Code   274  rm_motor.o(i.motor_pid_cal)
    motor_pid_ctrl                           0x0800a0d9   Thumb Code   346  rm_motor.o(i.motor_pid_ctrl)
    motor_pid_double                         0x0800a245   Thumb Code     8  rm_motor.o(i.motor_pid_double)
    motor_pid_err                            0x0800a24d   Thumb Code    30  rm_motor.o(i.motor_pid_err)
    motor_pid_position                       0x0800a271   Thumb Code    56  rm_motor.o(i.motor_pid_position)
    motor_pid_single                         0x0800a2ad   Thumb Code    16  rm_motor.o(i.motor_pid_single)
    motor_pid_speed                          0x0800a2c1   Thumb Code    46  rm_motor.o(i.motor_pid_speed)
    osDelay                                  0x0800a325   Thumb Code    14  cmsis_os.o(i.osDelay)
    osKernelStart                            0x0800a333   Thumb Code    10  cmsis_os.o(i.osKernelStart)
    osThreadCreate                           0x0800a33d   Thumb Code    84  cmsis_os.o(i.osThreadCreate)
    pvPortMalloc                             0x0800a6dd   Thumb Code   216  heap_4.o(i.pvPortMalloc)
    pxPortInitialiseStack                    0x0800a7b9   Thumb Code    40  port.o(i.pxPortInitialiseStack)
    rm_motor_rx                              0x0800a981   Thumb Code    36  rm_motor.o(i.rm_motor_rx)
    rm_motor_tx                              0x0800a9a5   Thumb Code    92  rm_motor.o(i.rm_motor_tx)
    uxListRemove                             0x0800b879   Thumb Code    38  list.o(i.uxListRemove)
    vApplicationGetIdleTaskMemory            0x0800b8a1   Thumb Code    16  freertos.o(i.vApplicationGetIdleTaskMemory)
    vListInitialise                          0x0800b8b5   Thumb Code    22  list.o(i.vListInitialise)
    vListInitialiseItem                      0x0800b8cb   Thumb Code     6  list.o(i.vListInitialiseItem)
    vListInsert                              0x0800b8d1   Thumb Code    48  list.o(i.vListInsert)
    vListInsertEnd                           0x0800b901   Thumb Code    24  list.o(i.vListInsertEnd)
    vPortEnterCritical                       0x0800b919   Thumb Code    54  port.o(i.vPortEnterCritical)
    vPortExitCritical                        0x0800b959   Thumb Code    34  port.o(i.vPortExitCritical)
    vPortFree                                0x0800b981   Thumb Code    94  heap_4.o(i.vPortFree)
    vPortSetupTimerInterrupt                 0x0800b9e5   Thumb Code    32  port.o(i.vPortSetupTimerInterrupt)
    vPortValidateInterruptPriority           0x0800ba09   Thumb Code    74  port.o(i.vPortValidateInterruptPriority)
    vTaskDelay                               0x0800ba5d   Thumb Code    66  tasks.o(i.vTaskDelay)
    vTaskStartScheduler                      0x0800baa9   Thumb Code    90  tasks.o(i.vTaskStartScheduler)
    vTaskSuspendAll                          0x0800bb15   Thumb Code    10  tasks.o(i.vTaskSuspendAll)
    vTaskSwitchContext                       0x0800bb25   Thumb Code    82  tasks.o(i.vTaskSwitchContext)
    xPortStartScheduler                      0x0800bd0d   Thumb Code   222  port.o(i.xPortStartScheduler)
    xTaskCreate                              0x0800be01   Thumb Code    90  tasks.o(i.xTaskCreate)
    xTaskCreateStatic                        0x0800be5b   Thumb Code    86  tasks.o(i.xTaskCreateStatic)
    xTaskGetTickCountFromISR                 0x0800beb1   Thumb Code    12  tasks.o(i.xTaskGetTickCountFromISR)
    xTaskIncrementTick                       0x0800bec1   Thumb Code   194  tasks.o(i.xTaskIncrementTick)
    xTaskResumeAll                           0x0800bf8d   Thumb Code   182  tasks.o(i.xTaskResumeAll)
    sinTable_f32                             0x0800c078   Data        2052  arm_common_tables.o(.constdata)
    CRC8_TAB                                 0x0800c87c   Data         256  crc.o(.constdata)
    wCRC_Table                               0x0800c97c   Data         512  crc.o(.constdata)
    bmi270_config_file                       0x0800cb82   Data        8192  bmi270.o(.constdata)
    bmi270_feat_in                           0x0800eb82   Data          51  bmi270.o(.constdata)
    bmi270_feat_out                          0x0800ebb5   Data          21  bmi270.o(.constdata)
    AHBPrescTable                            0x0800ec28   Data          16  system_stm32f4xx.o(.constdata)
    APBPrescTable                            0x0800ec38   Data           8  system_stm32f4xx.o(.constdata)
    Region$$Table$$Base                      0x0800ed88   Number         0  anon$$obj.o(Region$$Table)
    Region$$Table$$Limit                     0x0800eda8   Number         0  anon$$obj.o(Region$$Table)
    Center                                   0x20000004   Data          56  center.o(.data)
    gun                                      0x2000003c   Data         152  rifle.o(.data)
    head                                     0x200000d4   Data          96  gimbal.o(.data)
    omni                                     0x20000134   Data         136  chassis.o(.data)
    haltick                                  0x200001bc   Data           4  tick_drv.o(.data)
    CH_UP                                    0x200001c4   Data           4  rc.o(.data)
    CH_DOWN                                  0x200001c8   Data           4  rc.o(.data)
    Mouse_X_Last                             0x200001cc   Data           4  rc.o(.data)
    Mouse_Y_Last                             0x200001d0   Data           4  rc.o(.data)
    W_Chan                                   0x200001d4   Data           4  rc.o(.data)
    S_Chan                                   0x200001d8   Data           4  rc.o(.data)
    A_Chan                                   0x200001dc   Data           4  rc.o(.data)
    D_Chan                                   0x200001e0   Data           4  rc.o(.data)
    rc                                       0x200001e4   Data         448  rc.o(.data)
    led                                      0x200003a4   Data          12  led.o(.data)
    cap                                      0x200003b4   Data          72  cap.o(.data)
    bmi_client                               0x200003fc   Data          20  imu.o(.data)
    exInt                                    0x20000414   Data           4  imu.o(.data)
    eyInt                                    0x20000418   Data           4  imu.o(.data)
    ezInt                                    0x2000041c   Data           4  imu.o(.data)
    imu                                      0x20000420   Data         304  imu.o(.data)
    targetTest                               0x20000550   Data           4  motor.o(.data)
    SendBuffTest                             0x20000554   Data           8  motor.o(.data)
    motor                                    0x2000055c   Data        5040  motor.o(.data)
    test_speed_pid_param                     0x2000190c   Data          28  motor.o(.data)
    chassis_speed_pid_param                  0x20001928   Data          28  motor.o(.data)
    yaw_imu_out_pid_param                    0x20001944   Data          28  motor.o(.data)
    yaw_imu_inn_pid_param                    0x20001960   Data          28  motor.o(.data)
    pit_imu_out_pid_param                    0x2000197c   Data          28  motor.o(.data)
    pit_imu_inn_pid_param                    0x20001998   Data          28  motor.o(.data)
    fri_speed_pid_param                      0x200019b4   Data          28  motor.o(.data)
    box_posit_out_pid_param                  0x200019d0   Data          28  motor.o(.data)
    box_posit_inn_pid_param                  0x200019ec   Data          28  motor.o(.data)
    master                                   0x20001a08   Data          64  master.o(.data)
    magazine                                 0x20001a48   Data          20  servo.o(.data)
    CRC_INIT                                 0x20001a5c   Data           2  crc.o(.data)
    judge                                    0x20001a60   Data         212  judge.o(.data)
    vision                                   0x20001b34   Data         112  vision.o(.data)
    bmi270_map_int                           0x20001ba4   Data          16  bmi270.o(.data)
    btick                                    0x20001bb8   Data           4  common.o(.data)
    MonitorTaskHandle                        0x20001bbc   Data           4  freertos.o(.data)
    CommunityTaskHandle                      0x20001bc0   Data           4  freertos.o(.data)
    ControlTaskHandle                        0x20001bc4   Data           4  freertos.o(.data)
    uwTickFreq                               0x20001bcc   Data           1  stm32f4xx_hal.o(.data)
    uwTickPrio                               0x20001bd0   Data           4  stm32f4xx_hal.o(.data)
    uwTick                                   0x20001bd4   Data           4  stm32f4xx_hal.o(.data)
    SystemCoreClock                          0x20001bd8   Data           4  system_stm32f4xx.o(.data)
    pxCurrentTCB                             0x20001bdc   Data           4  tasks.o(.data)
    __microlib_freelist                      0x20001c44   Data           4  mvars.o(.data)
    __microlib_freelist_initialised          0x20001c48   Data           4  mvars.o(.data)
    hcan1RxFrame                             0x20001c50   Data          36  can_drv.o(.bss)
    hcan2RxFrame                             0x20001c74   Data          36  can_drv.o(.bss)
    hcan1TxFrame                             0x20001c98   Data          32  can_drv.o(.bss)
    hcan2TxFrame                             0x20001cb8   Data          32  can_drv.o(.bss)
    hcan1RmFrame                             0x20001cd8   Data          24  can_drv.o(.bss)
    hcan2RmFrame                             0x20001cf0   Data          24  can_drv.o(.bss)
    usart1_dma_rxbuf                         0x20001d08   Data         350  uart_drv.o(.bss)
    usart2_dma_rxbuf                         0x20001e66   Data          48  uart_drv.o(.bss)
    usart3_dma_rxbuf                         0x20001e96   Data         350  uart_drv.o(.bss)
    usart4_dma_rxbuf                         0x20001ff4   Data         350  uart_drv.o(.bss)
    usart5_dma_rxbuf                         0x20002152   Data         350  uart_drv.o(.bss)
    bmi270                                   0x200022b0   Data         104  imu.o(.bss)
    hcan1                                    0x2000256c   Data          40  can.o(.bss)
    hcan2                                    0x20002594   Data          40  can.o(.bss)
    hiwdg                                    0x200025bc   Data          12  iwdg.o(.bss)
    hspi2                                    0x200025c8   Data          88  spi.o(.bss)
    htim1                                    0x20002620   Data          72  tim.o(.bss)
    htim4                                    0x20002668   Data          72  tim.o(.bss)
    huart4                                   0x200026b0   Data          68  usart.o(.bss)
    huart5                                   0x200026f4   Data          68  usart.o(.bss)
    huart1                                   0x20002738   Data          68  usart.o(.bss)
    huart2                                   0x2000277c   Data          68  usart.o(.bss)
    huart3                                   0x200027c0   Data          68  usart.o(.bss)
    hdma_uart4_rx                            0x20002804   Data          96  usart.o(.bss)
    hdma_uart4_tx                            0x20002864   Data          96  usart.o(.bss)
    hdma_uart5_rx                            0x200028c4   Data          96  usart.o(.bss)
    hdma_uart5_tx                            0x20002924   Data          96  usart.o(.bss)
    hdma_usart1_rx                           0x20002984   Data          96  usart.o(.bss)
    hdma_usart1_tx                           0x200029e4   Data          96  usart.o(.bss)
    hdma_usart2_rx                           0x20002a44   Data          96  usart.o(.bss)
    hdma_usart3_rx                           0x20002aa4   Data          96  usart.o(.bss)
    hdma_usart3_tx                           0x20002b04   Data          96  usart.o(.bss)
    htim2                                    0x20002b64   Data          72  stm32f4xx_hal_timebase_tim.o(.bss)
    __heap_base                              0x200068a0   Data           0  startup_stm32f407xx.o(HEAP)
    __heap_limit                             0x20006aa0   Data           0  startup_stm32f407xx.o(HEAP)
    __initial_sp                             0x20006ea0   Data           0  startup_stm32f407xx.o(STACK)



==============================================================================

Memory Map of the image

  Image Entry point : 0x08000189

  Load Region LR_IROM1 (Base: 0x08000000, Size: 0x000109f8, Max: 0x00080000, ABSOLUTE, COMPRESSED[0x0000f010])

    Execution Region ER_IROM1 (Exec base: 0x08000000, Load base: 0x08000000, Size: 0x0000eda8, Max: 0x00080000, ABSOLUTE)

    Exec Addr    Load Addr    Size         Type   Attr      Idx    E Section Name        Object

    0x08000000   0x08000000   0x00000188   Data   RO         5904    RESET               startup_stm32f407xx.o
    0x08000188   0x08000188   0x00000000   Code   RO        11026  * .ARM.Collect$$$$00000000  mc_w.l(entry.o)
    0x08000188   0x08000188   0x00000004   Code   RO        11132    .ARM.Collect$$$$00000001  mc_w.l(entry2.o)
    0x0800018c   0x0800018c   0x00000004   Code   RO        11135    .ARM.Collect$$$$00000004  mc_w.l(entry5.o)
    0x08000190   0x08000190   0x00000000   Code   RO        11137    .ARM.Collect$$$$00000008  mc_w.l(entry7b.o)
    0x08000190   0x08000190   0x00000000   Code   RO        11139    .ARM.Collect$$$$0000000A  mc_w.l(entry8b.o)
    0x08000190   0x08000190   0x00000008   Code   RO        11140    .ARM.Collect$$$$0000000B  mc_w.l(entry9a.o)
    0x08000198   0x08000198   0x00000000   Code   RO        11142    .ARM.Collect$$$$0000000D  mc_w.l(entry10a.o)
    0x08000198   0x08000198   0x00000000   Code   RO        11144    .ARM.Collect$$$$0000000F  mc_w.l(entry11a.o)
    0x08000198   0x08000198   0x00000004   Code   RO        11133    .ARM.Collect$$$$00002712  mc_w.l(entry2.o)
    0x0800019c   0x0800019c   0x000000be   Code   RO        10863    .emb_text           port.o
    0x0800025a   0x0800025a   0x00000002   PAD
    0x0800025c   0x0800025c   0x00000024   Code   RO         5905    .text               startup_stm32f407xx.o
    0x08000280   0x08000280   0x00000062   Code   RO        11029    .text               mc_w.l(uldiv.o)
    0x080002e2   0x080002e2   0x0000001e   Code   RO        11033    .text               mc_w.l(llshl.o)
    0x08000300   0x08000300   0x00000024   Code   RO        11035    .text               mc_w.l(llsshr.o)
    0x08000324   0x08000324   0x00000024   Code   RO        11037    .text               mc_w.l(memcpya.o)
    0x08000348   0x08000348   0x00000024   Code   RO        11041    .text               mc_w.l(memseta.o)
    0x0800036c   0x0800036c   0x0000014e   Code   RO        11073    .text               mf_w.l(dadd.o)
    0x080004ba   0x080004ba   0x000000e4   Code   RO        11075    .text               mf_w.l(dmul.o)
    0x0800059e   0x0800059e   0x00000026   Code   RO        11079    .text               mf_w.l(f2d.o)
    0x080005c4   0x080005c4   0x00000038   Code   RO        11081    .text               mf_w.l(d2f.o)
    0x080005fc   0x080005fc   0x00000020   Code   RO        11146    .text               mc_w.l(llushr.o)
    0x0800061c   0x0800061c   0x00000000   Code   RO        11157    .text               mc_w.l(iusefp.o)
    0x0800061c   0x0800061c   0x0000006e   Code   RO        11158    .text               mf_w.l(fepilogue.o)
    0x0800068a   0x0800068a   0x000000ba   Code   RO        11160    .text               mf_w.l(depilogue.o)
    0x08000744   0x08000744   0x000000de   Code   RO        11162    .text               mf_w.l(ddiv.o)
    0x08000822   0x08000822   0x00000022   Code   RO        11164    .text               mf_w.l(dflti.o)
    0x08000844   0x08000844   0x0000003e   Code   RO        11166    .text               mf_w.l(dfixi.o)
    0x08000882   0x08000882   0x00000002   PAD
    0x08000884   0x08000884   0x00000024   Code   RO        11174    .text               mc_w.l(init.o)
    0x080008a8   0x080008a8   0x0000001a   Code   RO        11176    .text               mf_w.l(dfltui.o)
    0x080008c2   0x080008c2   0x00000056   Code   RO        11186    .text               mc_w.l(__dczerorl2.o)
    0x08000918   0x08000918   0x00000274   Code   RO         4076    i.AccGyr_2_EulerAngle  imu.o
    0x08000b8c   0x08000b8c   0x00000002   Code   RO         6334    i.BusFault_Handler  stm32f4xx_it.o
    0x08000b8e   0x08000b8e   0x00000002   PAD
    0x08000b90   0x08000b90   0x00000028   Code   RO         3642    i.CAN1_Init         can_drv.o
    0x08000bb8   0x08000bb8   0x0000000c   Code   RO         6335    i.CAN1_RX0_IRQHandler  stm32f4xx_it.o
    0x08000bc4   0x08000bc4   0x00000010   Code   RO         3644    i.CAN1_SendData     can_drv.o
    0x08000bd4   0x08000bd4   0x0000001c   Code   RO         4390    i.CAN1_rxDataHandler  can_potocal.o
    0x08000bf0   0x08000bf0   0x00000028   Code   RO         3647    i.CAN2_Init         can_drv.o
    0x08000c18   0x08000c18   0x0000000c   Code   RO         6336    i.CAN2_RX0_IRQHandler  stm32f4xx_it.o
    0x08000c24   0x08000c24   0x00000010   Code   RO         3649    i.CAN2_SendData     can_drv.o
    0x08000c34   0x08000c34   0x0000002c   Code   RO         4391    i.CAN2_rxDataHandler  can_potocal.o
    0x08000c60   0x08000c60   0x0000001a   Code   RO         3652    i.CAN_Filter_ParamsInit  can_drv.o
    0x08000c7a   0x08000c7a   0x00000002   PAD
    0x08000c7c   0x08000c7c   0x00000058   Code   RO         3654    i.CAN_Rx_Callback   can_drv.o
    0x08000cd4   0x08000cd4   0x0000006c   Code   RO         3655    i.CAN_SendData      can_drv.o
    0x08000d40   0x08000d40   0x0000000c   Code   RO         4019    i.CAP_ModifyOutInLimit  cap.o
    0x08000d4c   0x08000d4c   0x00000024   Code   RO         4020    i.CAP_heart_beat    cap.o
    0x08000d70   0x08000d70   0x00000058   Code   RO         4021    i.CAP_rxMessage     cap.o
    0x08000dc8   0x08000dc8   0x0000000e   Code   RO         4022    i.CAP_setBuff0x2E   cap.o
    0x08000dd6   0x08000dd6   0x00000012   Code   RO         4023    i.CAP_setBuff0x2F   cap.o
    0x08000de8   0x08000de8   0x00000048   Code   RO         4024    i.CAP_setMessage    cap.o
    0x08000e30   0x08000e30   0x000000ec   Code   RO         3050    i.Center_Ctrl       center.o
    0x08000f1c   0x08000f1c   0x00000010   Code   RO         3051    i.Center_CtrlModeInit  center.o
    0x08000f2c   0x08000f2c   0x0000003c   Code   RO         3052    i.Center_ModifiyCtrlMode  center.o
    0x08000f68   0x08000f68   0x00000018   Code   RO         3053    i.Center_ModifiyMoveMode  center.o
    0x08000f80   0x08000f80   0x00000018   Code   RO         3054    i.Center_ModifiyRifleMode  center.o
    0x08000f98   0x08000f98   0x0000000a   Code   RO         3055    i.Center_ModifiyState  center.o
    0x08000fa2   0x08000fa2   0x00000002   PAD
    0x08000fa4   0x08000fa4   0x000000f4   Code   RO         3059    i.Center_Switch     center.o
    0x08001098   0x08001098   0x00000128   Code   RO         3414    i.Chassis_Ctrl      chassis.o
    0x080011c0   0x080011c0   0x0000002e   Code   RO         3415    i.Chassis_ModifyLock  chassis.o
    0x080011ee   0x080011ee   0x00000006   Code   RO         3416    i.Chassis_ModifyOriginAngle  chassis.o
    0x080011f4   0x080011f4   0x000000f0   Code   RO         3417    i.Chassis_ModifyXYZSet  chassis.o
    0x080012e4   0x080012e4   0x00000006   Code   RO         3418    i.Chassis_ModifyrpmMax  chassis.o
    0x080012ea   0x080012ea   0x00000002   PAD
    0x080012ec   0x080012ec   0x000000e4   Code   RO         3419    i.Chassis_Power_Limit  chassis.o
    0x080013d0   0x080013d0   0x000000dc   Code   RO         3420    i.Chassis_Resolving  chassis.o
    0x080014ac   0x080014ac   0x00000160   Code   RO         3421    i.Chassis_Updata    chassis.o
    0x0800160c   0x0800160c   0x0000000c   Code   RO         6337    i.DMA1_Stream0_IRQHandler  stm32f4xx_it.o
    0x08001618   0x08001618   0x0000000c   Code   RO         6338    i.DMA1_Stream1_IRQHandler  stm32f4xx_it.o
    0x08001624   0x08001624   0x0000000c   Code   RO         6339    i.DMA1_Stream2_IRQHandler  stm32f4xx_it.o
    0x08001630   0x08001630   0x0000000c   Code   RO         6340    i.DMA1_Stream3_IRQHandler  stm32f4xx_it.o
    0x0800163c   0x0800163c   0x0000000c   Code   RO         6341    i.DMA1_Stream4_IRQHandler  stm32f4xx_it.o
    0x08001648   0x08001648   0x0000000c   Code   RO         6342    i.DMA1_Stream5_IRQHandler  stm32f4xx_it.o
    0x08001654   0x08001654   0x0000000c   Code   RO         6343    i.DMA1_Stream7_IRQHandler  stm32f4xx_it.o
    0x08001660   0x08001660   0x0000000c   Code   RO         6344    i.DMA2_Stream2_IRQHandler  stm32f4xx_it.o
    0x0800166c   0x0800166c   0x0000000c   Code   RO         6345    i.DMA2_Stream7_IRQHandler  stm32f4xx_it.o
    0x08001678   0x08001678   0x00000244   Code   RO         3767    i.DMAEx_MultiBufferStart_NoIT  uart_drv.o
    0x080018bc   0x080018bc   0x00000028   Code   RO         7256    i.DMA_CalcBaseAndBitshift  stm32f4xx_hal_dma.o
    0x080018e4   0x080018e4   0x00000054   Code   RO         7257    i.DMA_CheckFifoParam  stm32f4xx_hal_dma.o
    0x08001938   0x08001938   0x00000028   Code   RO         7258    i.DMA_SetConfig     stm32f4xx_hal_dma.o
    0x08001960   0x08001960   0x00000062   Code   RO         3768    i.DMA_Start         uart_drv.o
    0x080019c2   0x080019c2   0x00000014   Code   RO         3769    i.DRV_UART_IRQHandler  uart_drv.o
    0x080019d6   0x080019d6   0x00000002   Code   RO         6346    i.DebugMon_Handler  stm32f4xx_it.o
    0x080019d8   0x080019d8   0x00000108   Code   RO         4535    i.Determine_ID      judge.o
    0x08001ae0   0x08001ae0   0x00000088   Code   RO         4077    i.Difference_2_WorldGyro  imu.o
    0x08001b68   0x08001b68   0x00000004   Code   RO         5912    i.Error_Handler     main.o
    0x08001b6c   0x08001b6c   0x00000010   Code   RO         3886    i.FirstGetInto_KEY_PRESS  rc.o
    0x08001b7c   0x08001b7c   0x0000002c   Code   RO         4476    i.Get_CRC16_Check_Sum  crc.o
    0x08001ba8   0x08001ba8   0x00000020   Code   RO         4477    i.Get_CRC8_Check_Sum  crc.o
    0x08001bc8   0x08001bc8   0x000000b4   Code   RO         3355    i.Gimbal_Ctrl       gimbal.o
    0x08001c7c   0x08001c7c   0x0000002c   Code   RO         3356    i.Gimbal_ModifyDataRange360  gimbal.o
    0x08001ca8   0x08001ca8   0x0000002e   Code   RO         3357    i.Gimbal_ModifyLock  gimbal.o
    0x08001cd6   0x08001cd6   0x00000002   PAD
    0x08001cd8   0x08001cd8   0x00000054   Code   RO         3358    i.Gimbal_ModifyXYZSet  gimbal.o
    0x08001d2c   0x08001d2c   0x00000058   Code   RO         3359    i.Gimbal_Resolving  gimbal.o
    0x08001d84   0x08001d84   0x00000014   Code   RO         3360    i.Gimbal_Translation  gimbal.o
    0x08001d98   0x08001d98   0x00000074   Code   RO         3361    i.Gimbal_Updata     gimbal.o
    0x08001e0c   0x08001e0c   0x00000024   Code   RO         6564    i.HAL_CAN_ActivateNotification  stm32f4xx_hal_can.o
    0x08001e30   0x08001e30   0x000000c8   Code   RO         6565    i.HAL_CAN_AddTxMessage  stm32f4xx_hal_can.o
    0x08001ef8   0x08001ef8   0x0000010c   Code   RO         6566    i.HAL_CAN_ConfigFilter  stm32f4xx_hal_can.o
    0x08002004   0x08002004   0x00000002   Code   RO         6569    i.HAL_CAN_ErrorCallback  stm32f4xx_hal_can.o
    0x08002006   0x08002006   0x000000e8   Code   RO         6572    i.HAL_CAN_GetRxMessage  stm32f4xx_hal_can.o
    0x080020ee   0x080020ee   0x000001fc   Code   RO         6576    i.HAL_CAN_IRQHandler  stm32f4xx_hal_can.o
    0x080022ea   0x080022ea   0x0000011a   Code   RO         6577    i.HAL_CAN_Init      stm32f4xx_hal_can.o
    0x08002404   0x08002404   0x000000fc   Code   RO         6070    i.HAL_CAN_MspInit   can.o
    0x08002500   0x08002500   0x00000002   Code   RO         6584    i.HAL_CAN_RxFifo0FullCallback  stm32f4xx_hal_can.o
    0x08002502   0x08002502   0x00000002   PAD
    0x08002504   0x08002504   0x0000001c   Code   RO         3658    i.HAL_CAN_RxFifo0MsgPendingCallback  can_drv.o
    0x08002520   0x08002520   0x00000002   Code   RO         6586    i.HAL_CAN_RxFifo1FullCallback  stm32f4xx_hal_can.o
    0x08002522   0x08002522   0x00000002   Code   RO         6587    i.HAL_CAN_RxFifo1MsgPendingCallback  stm32f4xx_hal_can.o
    0x08002524   0x08002524   0x00000002   Code   RO         6588    i.HAL_CAN_SleepCallback  stm32f4xx_hal_can.o
    0x08002526   0x08002526   0x00000002   PAD
    0x08002528   0x08002528   0x00000058   Code   RO         6589    i.HAL_CAN_Start     stm32f4xx_hal_can.o
    0x08002580   0x08002580   0x00000002   Code   RO         6591    i.HAL_CAN_TxMailbox0AbortCallback  stm32f4xx_hal_can.o
    0x08002582   0x08002582   0x00000002   Code   RO         6592    i.HAL_CAN_TxMailbox0CompleteCallback  stm32f4xx_hal_can.o
    0x08002584   0x08002584   0x00000002   Code   RO         6593    i.HAL_CAN_TxMailbox1AbortCallback  stm32f4xx_hal_can.o
    0x08002586   0x08002586   0x00000002   Code   RO         6594    i.HAL_CAN_TxMailbox1CompleteCallback  stm32f4xx_hal_can.o
    0x08002588   0x08002588   0x00000002   Code   RO         6595    i.HAL_CAN_TxMailbox2AbortCallback  stm32f4xx_hal_can.o
    0x0800258a   0x0800258a   0x00000002   Code   RO         6596    i.HAL_CAN_TxMailbox2CompleteCallback  stm32f4xx_hal_can.o
    0x0800258c   0x0800258c   0x00000002   Code   RO         6598    i.HAL_CAN_WakeUpFromRxMsgCallback  stm32f4xx_hal_can.o
    0x0800258e   0x0800258e   0x00000092   Code   RO         7259    i.HAL_DMA_Abort     stm32f4xx_hal_dma.o
    0x08002620   0x08002620   0x00000024   Code   RO         7260    i.HAL_DMA_Abort_IT  stm32f4xx_hal_dma.o
    0x08002644   0x08002644   0x000001a0   Code   RO         7264    i.HAL_DMA_IRQHandler  stm32f4xx_hal_dma.o
    0x080027e4   0x080027e4   0x000000d4   Code   RO         7265    i.HAL_DMA_Init      stm32f4xx_hal_dma.o
    0x080028b8   0x080028b8   0x0000006e   Code   RO         7269    i.HAL_DMA_Start_IT  stm32f4xx_hal_dma.o
    0x08002926   0x08002926   0x00000002   PAD
    0x08002928   0x08002928   0x00000024   Code   RO         7678    i.HAL_Delay         stm32f4xx_hal.o
    0x0800294c   0x0800294c   0x000001f0   Code   RO         7152    i.HAL_GPIO_Init     stm32f4xx_hal_gpio.o
    0x08002b3c   0x08002b3c   0x00000010   Code   RO         7155    i.HAL_GPIO_TogglePin  stm32f4xx_hal_gpio.o
    0x08002b4c   0x08002b4c   0x0000000a   Code   RO         7156    i.HAL_GPIO_WritePin  stm32f4xx_hal_gpio.o
    0x08002b56   0x08002b56   0x00000002   PAD
    0x08002b58   0x08002b58   0x0000000c   Code   RO         7684    i.HAL_GetTick       stm32f4xx_hal.o
    0x08002b64   0x08002b64   0x0000005a   Code   RO         7929    i.HAL_IWDG_Init     stm32f4xx_hal_iwdg.o
    0x08002bbe   0x08002bbe   0x0000000c   Code   RO         7930    i.HAL_IWDG_Refresh  stm32f4xx_hal_iwdg.o
    0x08002bca   0x08002bca   0x00000002   PAD
    0x08002bcc   0x08002bcc   0x00000010   Code   RO         7690    i.HAL_IncTick       stm32f4xx_hal.o
    0x08002bdc   0x08002bdc   0x00000034   Code   RO         7691    i.HAL_Init          stm32f4xx_hal.o
    0x08002c10   0x08002c10   0x00000098   Code   RO         6524    i.HAL_InitTick      stm32f4xx_hal_timebase_tim.o
    0x08002ca8   0x08002ca8   0x00000038   Code   RO         6500    i.HAL_MspInit       stm32f4xx_hal_msp.o
    0x08002ce0   0x08002ce0   0x0000001a   Code   RO         7541    i.HAL_NVIC_EnableIRQ  stm32f4xx_hal_cortex.o
    0x08002cfa   0x08002cfa   0x00000002   PAD
    0x08002cfc   0x08002cfc   0x00000040   Code   RO         7547    i.HAL_NVIC_SetPriority  stm32f4xx_hal_cortex.o
    0x08002d3c   0x08002d3c   0x00000024   Code   RO         7548    i.HAL_NVIC_SetPriorityGrouping  stm32f4xx_hal_cortex.o
    0x08002d60   0x08002d60   0x00000134   Code   RO         6798    i.HAL_RCC_ClockConfig  stm32f4xx_hal_rcc.o
    0x08002e94   0x08002e94   0x00000040   Code   RO         6802    i.HAL_RCC_GetClockConfig  stm32f4xx_hal_rcc.o
    0x08002ed4   0x08002ed4   0x00000020   Code   RO         6805    i.HAL_RCC_GetPCLK1Freq  stm32f4xx_hal_rcc.o
    0x08002ef4   0x08002ef4   0x00000020   Code   RO         6806    i.HAL_RCC_GetPCLK2Freq  stm32f4xx_hal_rcc.o
    0x08002f14   0x08002f14   0x00000064   Code   RO         6807    i.HAL_RCC_GetSysClockFreq  stm32f4xx_hal_rcc.o
    0x08002f78   0x08002f78   0x0000036c   Code   RO         6810    i.HAL_RCC_OscConfig  stm32f4xx_hal_rcc.o
    0x080032e4   0x080032e4   0x000000bc   Code   RO         7970    i.HAL_SPI_Init      stm32f4xx_hal_spi.o
    0x080033a0   0x080033a0   0x0000006c   Code   RO         6173    i.HAL_SPI_MspInit   spi.o
    0x0800340c   0x0800340c   0x0000015a   Code   RO         7973    i.HAL_SPI_Receive   stm32f4xx_hal_spi.o
    0x08003566   0x08003566   0x00000166   Code   RO         7978    i.HAL_SPI_Transmit  stm32f4xx_hal_spi.o
    0x080036cc   0x080036cc   0x000001e2   Code   RO         7979    i.HAL_SPI_TransmitReceive  stm32f4xx_hal_spi.o
    0x080038ae   0x080038ae   0x00000002   Code   RO         8987    i.HAL_TIMEx_BreakCallback  stm32f4xx_hal_tim_ex.o
    0x080038b0   0x080038b0   0x00000002   Code   RO         8988    i.HAL_TIMEx_CommutCallback  stm32f4xx_hal_tim_ex.o
    0x080038b2   0x080038b2   0x00000054   Code   RO         8990    i.HAL_TIMEx_ConfigBreakDeadTime  stm32f4xx_hal_tim_ex.o
    0x08003906   0x08003906   0x00000002   PAD
    0x08003908   0x08003908   0x00000090   Code   RO         9006    i.HAL_TIMEx_MasterConfigSynchronization  stm32f4xx_hal_tim_ex.o
    0x08003998   0x08003998   0x0000005a   Code   RO         8283    i.HAL_TIM_Base_Init  stm32f4xx_hal_tim.o
    0x080039f2   0x080039f2   0x00000002   PAD
    0x080039f4   0x080039f4   0x00000058   Code   RO         6215    i.HAL_TIM_Base_MspInit  tim.o
    0x08003a4c   0x08003a4c   0x00000080   Code   RO         8288    i.HAL_TIM_Base_Start_IT  stm32f4xx_hal_tim.o
    0x08003acc   0x08003acc   0x000000dc   Code   RO         8292    i.HAL_TIM_ConfigClockSource  stm32f4xx_hal_tim.o
    0x08003ba8   0x08003ba8   0x00000002   Code   RO         8317    i.HAL_TIM_IC_CaptureCallback  stm32f4xx_hal_tim.o
    0x08003baa   0x08003baa   0x00000166   Code   RO         8331    i.HAL_TIM_IRQHandler  stm32f4xx_hal_tim.o
    0x08003d10   0x08003d10   0x00000054   Code   RO         6216    i.HAL_TIM_MspPostInit  tim.o
    0x08003d64   0x08003d64   0x00000002   Code   RO         8334    i.HAL_TIM_OC_DelayElapsedCallback  stm32f4xx_hal_tim.o
    0x08003d66   0x08003d66   0x000000cc   Code   RO         8355    i.HAL_TIM_PWM_ConfigChannel  stm32f4xx_hal_tim.o
    0x08003e32   0x08003e32   0x0000005a   Code   RO         8358    i.HAL_TIM_PWM_Init  stm32f4xx_hal_tim.o
    0x08003e8c   0x08003e8c   0x00000002   Code   RO         8360    i.HAL_TIM_PWM_MspInit  stm32f4xx_hal_tim.o
    0x08003e8e   0x08003e8e   0x00000002   Code   RO         8361    i.HAL_TIM_PWM_PulseFinishedCallback  stm32f4xx_hal_tim.o
    0x08003e90   0x08003e90   0x000000c8   Code   RO         8363    i.HAL_TIM_PWM_Start  stm32f4xx_hal_tim.o
    0x08003f58   0x08003f58   0x0000007c   Code   RO         8366    i.HAL_TIM_PWM_Stop  stm32f4xx_hal_tim.o
    0x08003fd4   0x08003fd4   0x0000000e   Code   RO         5913    i.HAL_TIM_PeriodElapsedCallback  main.o
    0x08003fe2   0x08003fe2   0x00000002   Code   RO         8374    i.HAL_TIM_TriggerCallback  stm32f4xx_hal_tim.o
    0x08003fe4   0x08003fe4   0x00000002   Code   RO         9265    i.HAL_UARTEx_RxEventCallback  stm32f4xx_hal_uart.o
    0x08003fe6   0x08003fe6   0x00000002   Code   RO         9279    i.HAL_UART_ErrorCallback  stm32f4xx_hal_uart.o
    0x08003fe8   0x08003fe8   0x00000268   Code   RO         9282    i.HAL_UART_IRQHandler  stm32f4xx_hal_uart.o
    0x08004250   0x08004250   0x00000062   Code   RO         9283    i.HAL_UART_Init     stm32f4xx_hal_uart.o
    0x080042b2   0x080042b2   0x00000002   PAD
    0x080042b4   0x080042b4   0x00000404   Code   RO         6269    i.HAL_UART_MspInit  usart.o
    0x080046b8   0x080046b8   0x00000002   Code   RO         9289    i.HAL_UART_RxCpltCallback  stm32f4xx_hal_uart.o
    0x080046ba   0x080046ba   0x00000002   PAD
    0x080046bc   0x080046bc   0x0000008c   Code   RO         9292    i.HAL_UART_Transmit_DMA  stm32f4xx_hal_uart.o
    0x08004748   0x08004748   0x00000002   Code   RO         9294    i.HAL_UART_TxCpltCallback  stm32f4xx_hal_uart.o
    0x0800474a   0x0800474a   0x00000002   Code   RO         9295    i.HAL_UART_TxHalfCpltCallback  stm32f4xx_hal_uart.o
    0x0800474c   0x0800474c   0x00000002   Code   RO         6347    i.HardFault_Handler  stm32f4xx_it.o
    0x0800474e   0x0800474e   0x00000002   PAD
    0x08004750   0x08004750   0x00000040   Code   RO         3499    i.IIC_Ack           iic_drv.o
    0x08004790   0x08004790   0x0000008c   Code   RO         3500    i.IIC_Init          iic_drv.o
    0x0800481c   0x0800481c   0x00000040   Code   RO         3501    i.IIC_NAck          iic_drv.o
    0x0800485c   0x0800485c   0x00000068   Code   RO         3502    i.IIC_Read_Byte     iic_drv.o
    0x080048c4   0x080048c4   0x0000004c   Code   RO         3503    i.IIC_Read_Cicle    iic_drv.o
    0x08004910   0x08004910   0x00000060   Code   RO         3504    i.IIC_Send_Byte     iic_drv.o
    0x08004970   0x08004970   0x00000040   Code   RO         3505    i.IIC_Start         iic_drv.o
    0x080049b0   0x080049b0   0x00000044   Code   RO         3506    i.IIC_Stop          iic_drv.o
    0x080049f4   0x080049f4   0x00000054   Code   RO         3507    i.IIC_Wait_Ack      iic_drv.o
    0x08004a48   0x08004a48   0x0000004e   Code   RO         4078    i.IMU_Lpf           imu.o
    0x08004a96   0x08004a96   0x0000011e   Code   RO         4079    i.IMU_LpfCenter     imu.o
    0x08004bb4   0x08004bb4   0x0000005c   Code   RO         3615    i.Imu_SPI_Init      spi_drv.o
    0x08004c10   0x08004c10   0x00000062   Code   RO         3887    i.KEY_State_Judge   rc.o
    0x08004c72   0x08004c72   0x00000002   PAD
    0x08004c74   0x08004c74   0x00000010   Code   RO         3979    i.Led_All_Light     led.o
    0x08004c84   0x08004c84   0x00000028   Code   RO         3980    i.Led_All_Shine     led.o
    0x08004cac   0x08004cac   0x00000080   Code   RO         3981    i.Led_Running       led.o
    0x08004d2c   0x08004d2c   0x00000020   Code   RO         4277    i.MASTER_HeartBeat  master.o
    0x08004d4c   0x08004d4c   0x00000002   Code   RO         4278    i.MASTER_sendBuff   master.o
    0x08004d4e   0x08004d4e   0x00000002   PAD
    0x08004d50   0x08004d50   0x00000048   Code   RO         6071    i.MX_CAN1_Init      can.o
    0x08004d98   0x08004d98   0x00000048   Code   RO         6072    i.MX_CAN2_Init      can.o
    0x08004de0   0x08004de0   0x000000bc   Code   RO         6118    i.MX_DMA_Init       dma.o
    0x08004e9c   0x08004e9c   0x00000054   Code   RO         6007    i.MX_FREERTOS_Init  freertos.o
    0x08004ef0   0x08004ef0   0x0000008c   Code   RO         5983    i.MX_GPIO_Init      gpio.o
    0x08004f7c   0x08004f7c   0x0000002c   Code   RO         6142    i.MX_IWDG_Init      iwdg.o
    0x08004fa8   0x08004fa8   0x00000048   Code   RO         6174    i.MX_SPI2_Init      spi.o
    0x08004ff0   0x08004ff0   0x000000cc   Code   RO         6217    i.MX_TIM1_Init      tim.o
    0x080050bc   0x080050bc   0x00000068   Code   RO         6218    i.MX_TIM4_Init      tim.o
    0x08005124   0x08005124   0x00000038   Code   RO         6270    i.MX_UART4_Init     usart.o
    0x0800515c   0x0800515c   0x00000038   Code   RO         6271    i.MX_UART5_Init     usart.o
    0x08005194   0x08005194   0x00000038   Code   RO         6272    i.MX_USART1_UART_Init  usart.o
    0x080051cc   0x080051cc   0x00000040   Code   RO         6273    i.MX_USART2_UART_Init  usart.o
    0x0800520c   0x0800520c   0x00000038   Code   RO         6274    i.MX_USART3_UART_Init  usart.o
    0x08005244   0x08005244   0x00000002   Code   RO         6348    i.MemManage_Handler  stm32f4xx_it.o
    0x08005246   0x08005246   0x00000002   Code   RO         6349    i.NMI_Handler       stm32f4xx_it.o
    0x08005248   0x08005248   0x0000001a   Code   RO         4080    i.QuaternionGyr_2_WorldGyro  imu.o
    0x08005262   0x08005262   0x00000022   Code   RO         3888    i.RC_DeathZoom      rc.o
    0x08005284   0x08005284   0x000000f8   Code   RO         3889    i.RC_Key2Channel    rc.o
    0x0800537c   0x0800537c   0x00000154   Code   RO         3890    i.RC_KeyMouseReceive  rc.o
    0x080054d0   0x080054d0   0x000000f8   Code   RO         3891    i.RC_Mouse_Speed    rc.o
    0x080055c8   0x080055c8   0x00000008   Code   RO         3892    i.RC_ResetData      rc.o
    0x080055d0   0x080055d0   0x0000009c   Code   RO         3893    i.RC_ResetJudge     rc.o
    0x0800566c   0x0800566c   0x00000038   Code   RO         3894    i.RC_SF             rc.o
    0x080056a4   0x080056a4   0x00000050   Code   RO         4220    i.RM_MotorCAN1      motor.o
    0x080056f4   0x080056f4   0x00000030   Code   RO         4221    i.RM_MotorCAN2      motor.o
    0x08005724   0x08005724   0x00000048   Code   RO         4223    i.RM_MotorHeartBeat  motor.o
    0x0800576c   0x0800576c   0x00000100   Code   RO         4224    i.RM_MotorInit      motor.o
    0x0800586c   0x0800586c   0x00000234   Code   RO         2824    i.RP_EulerAngle_2_Quaternion  gimbalrotationoutput.o
    0x08005aa0   0x08005aa0   0x00000050   Code   RO         2894    i.RP_GetAbsoluteMax  rp_math.o
    0x08005af0   0x08005af0   0x0000002c   Code   RO         2592    i.RP_IMU_INIT       rp_init.o
    0x08005b1c   0x08005b1c   0x00000058   Code   RO         2593    i.RP_INIT           rp_init.o
    0x08005b74   0x08005b74   0x00000042   Code   RO         2898    i.RP_Limit          rp_math.o
    0x08005bb6   0x08005bb6   0x0000009e   Code   RO         4082    i.RP_QuaternionMartix_LeftMult  imu.o
    0x08005c54   0x08005c54   0x0000009e   Code   RO         2825    i.RP_QuaternionMartix_RightMult  gimbalrotationoutput.o
    0x08005cf2   0x08005cf2   0x0000009e   Code   RO         4083    i.RP_QuaternionMartix_RightMult  imu.o
    0x08005d90   0x08005d90   0x000000dc   Code   RO         2826    i.RP_RotationOutput_Chassis2Gimb  gimbalrotationoutput.o
    0x08005e6c   0x08005e6c   0x00000154   Code   RO         3277    i.Rifle_BoxCtrl     rifle.o
    0x08005fc0   0x08005fc0   0x00000124   Code   RO         3279    i.Rifle_FrictionCtrl  rifle.o
    0x080060e4   0x080060e4   0x00000020   Code   RO         3280    i.Rifle_MagazineCtrl  rifle.o
    0x08006104   0x08006104   0x0000001a   Code   RO         3281    i.Rifle_ModifyFri   rifle.o
    0x0800611e   0x0800611e   0x0000002e   Code   RO         3282    i.Rifle_ModifyLock  rifle.o
    0x0800614c   0x0800614c   0x0000000a   Code   RO         3283    i.Rifle_ModifyMagazine  rifle.o
    0x08006156   0x08006156   0x0000001c   Code   RO         3284    i.Rifle_ModifyShootType  rifle.o
    0x08006172   0x08006172   0x00000002   PAD
    0x08006174   0x08006174   0x000002e8   Code   RO         3285    i.Rifle_Updata      rifle.o
    0x0800645c   0x0800645c   0x00000038   Code   RO         4085    i.RotationTransform_IMU2Pose  imu.o
    0x08006494   0x08006494   0x0000005c   Code   RO         8007    i.SPI_EndRxTransaction  stm32f4xx_hal_spi.o
    0x080064f0   0x080064f0   0x00000058   Code   RO         8008    i.SPI_EndRxTxTransaction  stm32f4xx_hal_spi.o
    0x08006548   0x08006548   0x000000b8   Code   RO         8013    i.SPI_WaitFlagStateUntilTimeout  stm32f4xx_hal_spi.o
    0x08006600   0x08006600   0x00000030   Code   RO         4350    i.Servo_ModifyCCR   servo.o
    0x08006630   0x08006630   0x00000006   Code   RO         4351    i.Servo_Sleep       servo.o
    0x08006636   0x08006636   0x00000016   Code   RO         4352    i.Servo_Weak        servo.o
    0x0800664c   0x0800664c   0x00000048   Code   RO         3895    i.Sim_Channel       rc.o
    0x08006694   0x08006694   0x00000098   Code   RO         2945    i.StartCommunityTask  tasks_center.o
    0x0800672c   0x0800672c   0x00000020   Code   RO         2946    i.StartControlTask  tasks_center.o
    0x0800674c   0x0800674c   0x0000007c   Code   RO         2947    i.StartMonitorTask  tasks_center.o
    0x080067c8   0x080067c8   0x0000002c   Code   RO        10864    i.SysTick_Handler   port.o
    0x080067f4   0x080067f4   0x0000009c   Code   RO         5914    i.SystemClock_Config  main.o
    0x08006890   0x08006890   0x00000010   Code   RO         9612    i.SystemInit        system_stm32f4xx.o
    0x080068a0   0x080068a0   0x0000000c   Code   RO         6350    i.TIM2_IRQHandler   stm32f4xx_it.o
    0x080068ac   0x080068ac   0x0000000c   Code   RO         6351    i.TIM4_IRQHandler   stm32f4xx_it.o
    0x080068b8   0x080068b8   0x000000c8   Code   RO         8376    i.TIM_Base_SetConfig  stm32f4xx_hal_tim.o
    0x08006980   0x08006980   0x0000001a   Code   RO         8377    i.TIM_CCxChannelCmd  stm32f4xx_hal_tim.o
    0x0800699a   0x0800699a   0x00000014   Code   RO         8387    i.TIM_ETR_SetConfig  stm32f4xx_hal_tim.o
    0x080069ae   0x080069ae   0x00000010   Code   RO         8388    i.TIM_ITRx_SetConfig  stm32f4xx_hal_tim.o
    0x080069be   0x080069be   0x00000002   PAD
    0x080069c0   0x080069c0   0x00000060   Code   RO         8389    i.TIM_OC1_SetConfig  stm32f4xx_hal_tim.o
    0x08006a20   0x08006a20   0x0000006c   Code   RO         8390    i.TIM_OC2_SetConfig  stm32f4xx_hal_tim.o
    0x08006a8c   0x08006a8c   0x00000068   Code   RO         8391    i.TIM_OC3_SetConfig  stm32f4xx_hal_tim.o
    0x08006af4   0x08006af4   0x00000050   Code   RO         8392    i.TIM_OC4_SetConfig  stm32f4xx_hal_tim.o
    0x08006b44   0x08006b44   0x00000022   Code   RO         8394    i.TIM_TI1_ConfigInputStage  stm32f4xx_hal_tim.o
    0x08006b66   0x08006b66   0x00000024   Code   RO         8396    i.TIM_TI2_ConfigInputStage  stm32f4xx_hal_tim.o
    0x08006b8a   0x08006b8a   0x00000002   PAD
    0x08006b8c   0x08006b8c   0x00000018   Code   RO         6352    i.UART4_IRQHandler  stm32f4xx_it.o
    0x08006ba4   0x08006ba4   0x00000018   Code   RO         6353    i.UART5_IRQHandler  stm32f4xx_it.o
    0x08006bbc   0x08006bbc   0x00000010   Code   RO         9296    i.UART_DMAAbortOnError  stm32f4xx_hal_uart.o
    0x08006bcc   0x08006bcc   0x0000004a   Code   RO         9297    i.UART_DMAError     stm32f4xx_hal_uart.o
    0x08006c16   0x08006c16   0x00000042   Code   RO         9302    i.UART_DMATransmitCplt  stm32f4xx_hal_uart.o
    0x08006c58   0x08006c58   0x0000000a   Code   RO         9304    i.UART_DMATxHalfCplt  stm32f4xx_hal_uart.o
    0x08006c62   0x08006c62   0x0000004e   Code   RO         9306    i.UART_EndRxTransfer  stm32f4xx_hal_uart.o
    0x08006cb0   0x08006cb0   0x0000001c   Code   RO         9307    i.UART_EndTxTransfer  stm32f4xx_hal_uart.o
    0x08006ccc   0x08006ccc   0x000000c0   Code   RO         9308    i.UART_Receive_IT   stm32f4xx_hal_uart.o
    0x08006d8c   0x08006d8c   0x00000050   Code   RO         3770    i.UART_Send         uart_drv.o
    0x08006ddc   0x08006ddc   0x0000010c   Code   RO         9309    i.UART_SetConfig    stm32f4xx_hal_uart.o
    0x08006ee8   0x08006ee8   0x00000018   Code   RO         6354    i.USART1_IRQHandler  stm32f4xx_it.o
    0x08006f00   0x08006f00   0x00000038   Code   RO         3771    i.USART1_Init       uart_drv.o
    0x08006f38   0x08006f38   0x00000010   Code   RO         4423    i.USART1_rxDataHandler  usart_potocal.o
    0x08006f48   0x08006f48   0x00000018   Code   RO         6355    i.USART2_IRQHandler  stm32f4xx_it.o
    0x08006f60   0x08006f60   0x0000003c   Code   RO         3773    i.USART2_Init       uart_drv.o
    0x08006f9c   0x08006f9c   0x00000010   Code   RO         4424    i.USART2_rxDataHandler  usart_potocal.o
    0x08006fac   0x08006fac   0x00000018   Code   RO         6356    i.USART3_IRQHandler  stm32f4xx_it.o
    0x08006fc4   0x08006fc4   0x00000038   Code   RO         3775    i.USART3_Init       uart_drv.o
    0x08006ffc   0x08006ffc   0x00000002   Code   RO         4425    i.USART3_rxDataHandler  usart_potocal.o
    0x08006ffe   0x08006ffe   0x00000002   PAD
    0x08007000   0x08007000   0x00000038   Code   RO         3777    i.USART4_Init       uart_drv.o
    0x08007038   0x08007038   0x00000002   Code   RO         4426    i.USART4_rxDataHandler  usart_potocal.o
    0x0800703a   0x0800703a   0x00000002   PAD
    0x0800703c   0x0800703c   0x00000038   Code   RO         3779    i.USART5_Init       uart_drv.o
    0x08007074   0x08007074   0x00000010   Code   RO         4427    i.USART5_rxDataHandler  usart_potocal.o
    0x08007084   0x08007084   0x00000002   Code   RO         6357    i.UsageFault_Handler  stm32f4xx_it.o
    0x08007086   0x08007086   0x00000002   PAD
    0x08007088   0x08007088   0x0000003c   Code   RO         4478    i.Verify_CRC16_Check_Sum  crc.o
    0x080070c4   0x080070c4   0x0000002a   Code   RO         4479    i.Verify_CRC8_Check_Sum  crc.o
    0x080070ee   0x080070ee   0x00000030   Code   RO        11100    i.__ARM_fpclassify  m_wm.l(fpclassify.o)
    0x0800711e   0x0800711e   0x00000020   Code   RO         7554    i.__NVIC_SetPriority  stm32f4xx_hal_cortex.o
    0x0800713e   0x0800713e   0x00000002   PAD
    0x08007140   0x08007140   0x000000c8   Code   RO        10940    i.__hardfp_cos      m_wm.l(cos.o)
    0x08007208   0x08007208   0x000000c8   Code   RO        11014    i.__hardfp_sin      m_wm.l(sin.o)
    0x080072d0   0x080072d0   0x00000438   Code   RO        11121    i.__ieee754_rem_pio2  m_wm.l(rred.o)
    0x08007708   0x08007708   0x00000170   Code   RO        11083    i.__kernel_cos      m_wm.l(cos_i.o)
    0x08007878   0x08007878   0x000000f8   Code   RO        11118    i.__kernel_poly     m_wm.l(poly.o)
    0x08007970   0x08007970   0x00000130   Code   RO        11126    i.__kernel_sin      m_wm.l(sin_i.o)
    0x08007aa0   0x08007aa0   0x00000014   Code   RO        11087    i.__mathlib_dbl_infnan  m_wm.l(dunder.o)
    0x08007ab4   0x08007ab4   0x00000004   PAD
    0x08007ab8   0x08007ab8   0x00000020   Code   RO        11089    i.__mathlib_dbl_invalid  m_wm.l(dunder.o)
    0x08007ad8   0x08007ad8   0x00000020   Code   RO        11092    i.__mathlib_dbl_underflow  m_wm.l(dunder.o)
    0x08007af8   0x08007af8   0x0000000e   Code   RO        11180    i.__scatterload_copy  mc_w.l(handlers.o)
    0x08007b06   0x08007b06   0x00000002   Code   RO        11181    i.__scatterload_null  mc_w.l(handlers.o)
    0x08007b08   0x08007b08   0x0000000e   Code   RO        11182    i.__scatterload_zeroinit  mc_w.l(handlers.o)
    0x08007b16   0x08007b16   0x00000002   PAD
    0x08007b18   0x08007b18   0x0000000c   Code   RO        11152    i.__set_errno       mc_w.l(errno.o)
    0x08007b24   0x08007b24   0x0000021c   Code   RO            4    i.arm_atan2_f32     arm_atan2_f32.o
    0x08007d40   0x08007d40   0x00000084   Code   RO           73    i.arm_cos_f32       arm_cos_f32.o
    0x08007dc4   0x08007dc4   0x00000080   Code   RO          224    i.arm_sin_f32       arm_sin_f32.o
    0x08007e44   0x08007e44   0x00000086   Code   RO         5574    i.bmi270_get_sensor_config  bmi270.o
    0x08007eca   0x08007eca   0x00000002   PAD
    0x08007ecc   0x08007ecc   0x00000074   Code   RO         5575    i.bmi270_init       bmi270.o
    0x08007f40   0x08007f40   0x0000007e   Code   RO         5579    i.bmi270_sensor_enable  bmi270.o
    0x08007fbe   0x08007fbe   0x00000082   Code   RO         5580    i.bmi270_set_sensor_config  bmi270.o
    0x08008040   0x08008040   0x00000018   Code   RO         5821    i.bmi2_delay        common.o
    0x08008058   0x08008058   0x00000018   Code   RO         5822    i.bmi2_delay_us     common.o
    0x08008070   0x08008070   0x00000002   Code   RO         5823    i.bmi2_error_codes_print_result  common.o
    0x08008072   0x08008072   0x00000036   Code   RO         4847    i.bmi2_extract_input_feat_config  bmi2.o
    0x080080a8   0x080080a8   0x000000a0   Code   RO         4850    i.bmi2_get_feat_config  bmi2.o
    0x08008148   0x08008148   0x00000084   Code   RO         4851    i.bmi2_get_feature_data  bmi2.o
    0x080081cc   0x080081cc   0x00000040   Code   RO         4858    i.bmi2_get_gyro_cross_sense  bmi2.o
    0x0800820c   0x0800820c   0x00000034   Code   RO         4861    i.bmi2_get_internal_status  bmi2.o
    0x08008240   0x08008240   0x0000007e   Code   RO         4862    i.bmi2_get_regs     bmi2.o
    0x080082be   0x080082be   0x000000b6   Code   RO         4864    i.bmi2_get_sensor_config  bmi2.o
    0x08008374   0x08008374   0x00000026   Code   RO         4866    i.bmi2_get_status   bmi2.o
    0x0800839a   0x0800839a   0x00000002   PAD
    0x0800839c   0x0800839c   0x00000064   Code   RO         5824    i.bmi2_i2c_read     common.o
    0x08008400   0x08008400   0x00000054   Code   RO         5825    i.bmi2_i2c_write    common.o
    0x08008454   0x08008454   0x00000064   Code   RO         5826    i.bmi2_interface_init  common.o
    0x080084b8   0x080084b8   0x00000076   Code   RO         4867    i.bmi2_map_data_int  bmi2.o
    0x0800852e   0x0800852e   0x00000002   PAD
    0x08008530   0x08008530   0x00000024   Code   RO         5827    i.bmi2_micros       common.o
    0x08008554   0x08008554   0x00000078   Code   RO         4876    i.bmi2_sec_init     bmi2.o
    0x080085cc   0x080085cc   0x00000054   Code   RO         4879    i.bmi2_set_adv_power_save  bmi2.o
    0x08008620   0x08008620   0x0000006c   Code   RO         4889    i.bmi2_set_regs     bmi2.o
    0x0800868c   0x0800868c   0x000000aa   Code   RO         4891    i.bmi2_set_sensor_config  bmi2.o
    0x08008736   0x08008736   0x00000068   Code   RO         4892    i.bmi2_soft_reset   bmi2.o
    0x0800879e   0x0800879e   0x00000002   PAD
    0x080087a0   0x080087a0   0x00000050   Code   RO         5828    i.bmi2_spi_read     common.o
    0x080087f0   0x080087f0   0x00000050   Code   RO         5829    i.bmi2_spi_write    common.o
    0x08008840   0x08008840   0x00000056   Code   RO         4894    i.bmi2_write_config_file  bmi2.o
    0x08008896   0x08008896   0x00000002   PAD
    0x08008898   0x08008898   0x00000034   Code   RO         4799    i.bmi_init          bmi.o
    0x080088cc   0x080088cc   0x0000003e   Code   RO         4897    i.cfg_error_status  bmi2.o
    0x0800890a   0x0800890a   0x00000030   Code   RO         4898    i.check_boundary_val  bmi2.o
    0x0800893a   0x0800893a   0x000000dc   Code   RO         4902    i.config_aux_interface  bmi2.o
    0x08008a16   0x08008a16   0x00000002   PAD
    0x08008a18   0x08008a18   0x00000018   Code   RO         3578    i.delay_us          tick_drv.o
    0x08008a30   0x08008a30   0x00000018   Code   RO         3781    i.dma_m0_rxcplt_callback  uart_drv.o
    0x08008a48   0x08008a48   0x00000018   Code   RO         3782    i.dma_m1_rxcplt_callback  uart_drv.o
    0x08008a60   0x08008a60   0x00000076   Code   RO         5584    i.enable_main_sensors  bmi270.o
    0x08008ad6   0x08008ad6   0x0000008c   Code   RO         5585    i.enable_sensor_features  bmi270.o
    0x08008b62   0x08008b62   0x00000036   Code   RO         4912    i.extract_output_feat_config  bmi2.o
    0x08008b98   0x08008b98   0x00000018   Code   RO        10982    i.fabs              m_wm.l(fabs.o)
    0x08008bb0   0x08008bb0   0x00000050   Code   RO        11045    i.free              mc_w.l(malloc.o)
    0x08008c00   0x08008c00   0x0000004e   Code   RO         4914    i.get_accel_config  bmi2.o
    0x08008c4e   0x08008c4e   0x0000007e   Code   RO         5587    i.get_any_motion_config  bmi270.o
    0x08008ccc   0x08008ccc   0x000000aa   Code   RO         4915    i.get_aux_config    bmi2.o
    0x08008d76   0x08008d76   0x00000076   Code   RO         5588    i.get_feat_config   bmi270.o
    0x08008dec   0x08008dec   0x0000005e   Code   RO         4916    i.get_gyro_config   bmi2.o
    0x08008e4a   0x08008e4a   0x00000072   Code   RO         4917    i.get_gyro_cross_sense  bmi2.o
    0x08008ebc   0x08008ebc   0x0000008a   Code   RO         4918    i.get_gyro_gain_update_config  bmi2.o
    0x08008f46   0x08008f46   0x00000068   Code   RO         4919    i.get_gyro_gain_update_status  bmi2.o
    0x08008fae   0x08008fae   0x0000007e   Code   RO         5589    i.get_no_motion_config  bmi270.o
    0x0800902c   0x0800902c   0x00000060   Code   RO         4656    i.get_rm_can_drvie  rm_motor.o
    0x0800908c   0x0800908c   0x00000094   Code   RO         4657    i.get_rm_info       rm_motor.o
    0x08009120   0x08009120   0x000000a2   Code   RO         5591    i.get_sig_motion_config  bmi270.o
    0x080091c2   0x080091c2   0x0000005a   Code   RO         5592    i.get_step_config   bmi270.o
    0x0800921c   0x0800921c   0x000000aa   Code   RO         5593    i.get_step_count_params_config  bmi270.o
    0x080092c6   0x080092c6   0x00000068   Code   RO         5596    i.get_wrist_gest_config  bmi270.o
    0x0800932e   0x0800932e   0x0000007c   Code   RO         5597    i.get_wrist_wear_wake_up_config  bmi270.o
    0x080093aa   0x080093aa   0x0000003c   Code   RO         4086    i.imu_half_cycle    imu.o
    0x080093e6   0x080093e6   0x0000002e   Code   RO         4087    i.imu_heart_beat    imu.o
    0x08009414   0x08009414   0x000000e4   Code   RO         4088    i.imu_iic_get_data  imu.o
    0x080094f8   0x080094f8   0x00000184   Code   RO         4089    i.imu_init          imu.o
    0x0800967c   0x0800967c   0x0000013c   Code   RO         4090    i.imu_spi_get_data  imu.o
    0x080097b8   0x080097b8   0x000001c0   Code   RO         4091    i.imu_updata        imu.o
    0x08009978   0x08009978   0x0000002c   Code   RO         4092    i.inVSqrt           imu.o
    0x080099a4   0x080099a4   0x00000026   Code   RO         4026    i.int16_to_float    cap.o
    0x080099ca   0x080099ca   0x00000008   Code   RO         4536    i.judge_sendBuff    judge.o
    0x080099d2   0x080099d2   0x00000020   Code   RO         4537    i.judge_sensor_heart_beat  judge.o
    0x080099f2   0x080099f2   0x0000000c   Code   RO         4538    i.judge_sensor_init  judge.o
    0x080099fe   0x080099fe   0x000001c4   Code   RO         4539    i.judge_sensor_update  judge.o
    0x08009bc2   0x08009bc2   0x00000026   Code   RO         4093    i.lsb_to_dps        imu.o
    0x08009be8   0x08009be8   0x00000034   Code   RO         4094    i.lsb_to_mps2       imu.o
    0x08009c1c   0x08009c1c   0x0000005c   Code   RO         5915    i.main              main.o
    0x08009c78   0x08009c78   0x0000000c   Code   RO        10429    i.makeFreeRtosPriority  cmsis_os.o
    0x08009c84   0x08009c84   0x0000006c   Code   RO        11046    i.malloc            mc_w.l(malloc.o)
    0x08009cf0   0x08009cf0   0x00000020   Code   RO         4279    i.master_heart_beat  master.o
    0x08009d10   0x08009d10   0x00000054   Code   RO         4280    i.master_updata     master.o
    0x08009d64   0x08009d64   0x00000024   Code   RO         3579    i.micros            tick_drv.o
    0x08009d88   0x08009d88   0x0000002a   Code   RO         4658    i.motor_class_heartbeat  rm_motor.o
    0x08009db2   0x08009db2   0x00000002   PAD
    0x08009db4   0x08009db4   0x0000008c   Code   RO         4659    i.motor_class_init  rm_motor.o
    0x08009e40   0x08009e40   0x0000002c   Code   RO         4660    i.motor_class_pid_init  rm_motor.o
    0x08009e6c   0x08009e6c   0x0000002c   Code   RO         4661    i.motor_class_stucking_flag  rm_motor.o
    0x08009e98   0x08009e98   0x00000020   Code   RO         4662    i.motor_cycle       rm_motor.o
    0x08009eb8   0x08009eb8   0x0000003c   Code   RO         4663    i.motor_half_cycle  rm_motor.o
    0x08009ef4   0x08009ef4   0x00000032   Code   RO         4664    i.motor_judge_dir   rm_motor.o
    0x08009f26   0x08009f26   0x00000048   Code   RO         4665    i.motor_offset      rm_motor.o
    0x08009f6e   0x08009f6e   0x00000002   PAD
    0x08009f70   0x08009f70   0x00000050   Code   RO         4666    i.motor_pid_angle   rm_motor.o
    0x08009fc0   0x08009fc0   0x00000118   Code   RO         4667    i.motor_pid_cal     rm_motor.o
    0x0800a0d8   0x0800a0d8   0x0000016c   Code   RO         4668    i.motor_pid_ctrl    rm_motor.o
    0x0800a244   0x0800a244   0x00000008   Code   RO         4669    i.motor_pid_double  rm_motor.o
    0x0800a24c   0x0800a24c   0x00000024   Code   RO         4670    i.motor_pid_err     rm_motor.o
    0x0800a270   0x0800a270   0x0000003c   Code   RO         4671    i.motor_pid_position  rm_motor.o
    0x0800a2ac   0x0800a2ac   0x00000014   Code   RO         4672    i.motor_pid_single  rm_motor.o
    0x0800a2c0   0x0800a2c0   0x00000034   Code   RO         4673    i.motor_pid_speed   rm_motor.o
    0x0800a2f4   0x0800a2f4   0x00000018   Code   RO         4927    i.null_ptr_check    bmi2.o
    0x0800a30c   0x0800a30c   0x00000018   Code   RO         5598    i.null_ptr_check    bmi270.o
    0x0800a324   0x0800a324   0x0000000e   Code   RO        10431    i.osDelay           cmsis_os.o
    0x0800a332   0x0800a332   0x0000000a   Code   RO        10434    i.osKernelStart     cmsis_os.o
    0x0800a33c   0x0800a33c   0x00000054   Code   RO        10468    i.osThreadCreate    cmsis_os.o
    0x0800a390   0x0800a390   0x00000070   Code   RO        10111    i.prvAddCurrentTaskToDelayedList  tasks.o
    0x0800a400   0x0800a400   0x000000d0   Code   RO        10112    i.prvAddNewTaskToReadyList  tasks.o
    0x0800a4d0   0x0800a4d0   0x00000034   Code   RO        10113    i.prvDeleteTCB      tasks.o
    0x0800a504   0x0800a504   0x0000004c   Code   RO        10796    i.prvHeapInit       heap_4.o
    0x0800a550   0x0800a550   0x00000060   Code   RO        10114    i.prvIdleTask       tasks.o
    0x0800a5b0   0x0800a5b0   0x00000098   Code   RO        10115    i.prvInitialiseNewTask  tasks.o
    0x0800a648   0x0800a648   0x0000004c   Code   RO        10797    i.prvInsertBlockIntoFreeList  heap_4.o
    0x0800a694   0x0800a694   0x00000020   Code   RO        10116    i.prvResetNextTaskUnblockTime  tasks.o
    0x0800a6b4   0x0800a6b4   0x00000028   Code   RO        10865    i.prvTaskExitError  port.o
    0x0800a6dc   0x0800a6dc   0x000000dc   Code   RO        10798    i.pvPortMalloc      heap_4.o
    0x0800a7b8   0x0800a7b8   0x0000002c   Code   RO        10866    i.pxPortInitialiseStack  port.o
    0x0800a7e4   0x0800a7e4   0x00000028   Code   RO         3896    i.rc_heart_beat     rc.o
    0x0800a80c   0x0800a80c   0x00000014   Code   RO         3897    i.rc_init           rc.o
    0x0800a820   0x0800a820   0x00000160   Code   RO         3898    i.rc_updata         rc.o
    0x0800a980   0x0800a980   0x00000024   Code   RO         4674    i.rm_motor_rx       rm_motor.o
    0x0800a9a4   0x0800a9a4   0x0000005c   Code   RO         4675    i.rm_motor_tx       rm_motor.o
    0x0800aa00   0x0800aa00   0x000000be   Code   RO         5599    i.select_sensor     bmi270.o
    0x0800aabe   0x0800aabe   0x00000098   Code   RO         4947    i.set_accel_config  bmi2.o
    0x0800ab56   0x0800ab56   0x0000006e   Code   RO         4800    i.set_accel_gyro_config  bmi.o
    0x0800abc4   0x0800abc4   0x00000070   Code   RO         5600    i.set_any_motion    bmi270.o
    0x0800ac34   0x0800ac34   0x000000ae   Code   RO         5601    i.set_any_motion_config  bmi270.o
    0x0800ace2   0x0800ace2   0x00000090   Code   RO         4949    i.set_aux_config    bmi2.o
    0x0800ad72   0x0800ad72   0x00000036   Code   RO         4950    i.set_config_load   bmi2.o
    0x0800ada8   0x0800ada8   0x00000076   Code   RO         5602    i.set_feat_config   bmi270.o
    0x0800ae1e   0x0800ae1e   0x000000ac   Code   RO         4951    i.set_gyro_config   bmi2.o
    0x0800aeca   0x0800aeca   0x0000006c   Code   RO         5603    i.set_gyro_self_offset_corr  bmi270.o
    0x0800af36   0x0800af36   0x00000070   Code   RO         5604    i.set_gyro_user_gain  bmi270.o
    0x0800afa6   0x0800afa6   0x000000a2   Code   RO         4952    i.set_gyro_user_gain_config  bmi2.o
    0x0800b048   0x0800b048   0x00000070   Code   RO         5605    i.set_no_motion     bmi270.o
    0x0800b0b8   0x0800b0b8   0x000000ae   Code   RO         5606    i.set_no_motion_config  bmi270.o
    0x0800b166   0x0800b166   0x00000070   Code   RO         5607    i.set_sig_motion    bmi270.o
    0x0800b1d6   0x0800b1d6   0x0000009e   Code   RO         5608    i.set_sig_motion_config  bmi270.o
    0x0800b274   0x0800b274   0x00000070   Code   RO         5609    i.set_step_activity  bmi270.o
    0x0800b2e4   0x0800b2e4   0x0000008a   Code   RO         5610    i.set_step_config   bmi270.o
    0x0800b36e   0x0800b36e   0x000000d4   Code   RO         5611    i.set_step_count_params_config  bmi270.o
    0x0800b442   0x0800b442   0x00000070   Code   RO         5612    i.set_step_counter  bmi270.o
    0x0800b4b2   0x0800b4b2   0x00000070   Code   RO         5613    i.set_step_detector  bmi270.o
    0x0800b522   0x0800b522   0x0000009c   Code   RO         5614    i.set_wrist_gest_config  bmi270.o
    0x0800b5be   0x0800b5be   0x0000006c   Code   RO         5615    i.set_wrist_gesture  bmi270.o
    0x0800b62a   0x0800b62a   0x0000006c   Code   RO         5616    i.set_wrist_wear_wake_up  bmi270.o
    0x0800b696   0x0800b696   0x000000ac   Code   RO         5617    i.set_wrist_wear_wake_up_config  bmi270.o
    0x0800b742   0x0800b742   0x00000002   PAD
    0x0800b744   0x0800b744   0x000000f4   Code   RO         3783    i.uart_rx_idle_callback  uart_drv.o
    0x0800b838   0x0800b838   0x00000040   Code   RO         4969    i.upload_file       bmi2.o
    0x0800b878   0x0800b878   0x00000026   Code   RO         9750    i.uxListRemove      list.o
    0x0800b89e   0x0800b89e   0x00000002   PAD
    0x0800b8a0   0x0800b8a0   0x00000014   Code   RO         6011    i.vApplicationGetIdleTaskMemory  freertos.o
    0x0800b8b4   0x0800b8b4   0x00000016   Code   RO         9751    i.vListInitialise   list.o
    0x0800b8ca   0x0800b8ca   0x00000006   Code   RO         9752    i.vListInitialiseItem  list.o
    0x0800b8d0   0x0800b8d0   0x00000030   Code   RO         9753    i.vListInsert       list.o
    0x0800b900   0x0800b900   0x00000018   Code   RO         9754    i.vListInsertEnd    list.o
    0x0800b918   0x0800b918   0x00000040   Code   RO        10868    i.vPortEnterCritical  port.o
    0x0800b958   0x0800b958   0x00000028   Code   RO        10869    i.vPortExitCritical  port.o
    0x0800b980   0x0800b980   0x00000064   Code   RO        10799    i.vPortFree         heap_4.o
    0x0800b9e4   0x0800b9e4   0x00000024   Code   RO        10870    i.vPortSetupTimerInterrupt  port.o
    0x0800ba08   0x0800ba08   0x00000054   Code   RO        10871    i.vPortValidateInterruptPriority  port.o
    0x0800ba5c   0x0800ba5c   0x0000004c   Code   RO        10125    i.vTaskDelay        tasks.o
    0x0800baa8   0x0800baa8   0x0000006c   Code   RO        10138    i.vTaskStartScheduler  tasks.o
    0x0800bb14   0x0800bb14   0x00000010   Code   RO        10140    i.vTaskSuspendAll   tasks.o
    0x0800bb24   0x0800bb24   0x0000005c   Code   RO        10141    i.vTaskSwitchContext  tasks.o
    0x0800bb80   0x0800bb80   0x00000020   Code   RO         4588    i.vision_heart_beat  vision.o
    0x0800bba0   0x0800bba0   0x0000000c   Code   RO         4589    i.vision_init       vision.o
    0x0800bbac   0x0800bbac   0x00000008   Code   RO         4590    i.vision_sendBuff   vision.o
    0x0800bbb4   0x0800bbb4   0x0000009e   Code   RO         4591    i.vision_update     vision.o
    0x0800bc52   0x0800bc52   0x000000ba   Code   RO         4972    i.write_config_file  bmi2.o
    0x0800bd0c   0x0800bd0c   0x000000f4   Code   RO        10872    i.xPortStartScheduler  port.o
    0x0800be00   0x0800be00   0x0000005a   Code   RO        10144    i.xTaskCreate       tasks.o
    0x0800be5a   0x0800be5a   0x00000056   Code   RO        10145    i.xTaskCreateStatic  tasks.o
    0x0800beb0   0x0800beb0   0x00000010   Code   RO        10151    i.xTaskGetTickCountFromISR  tasks.o
    0x0800bec0   0x0800bec0   0x000000cc   Code   RO        10152    i.xTaskIncrementTick  tasks.o
    0x0800bf8c   0x0800bf8c   0x000000c4   Code   RO        10158    i.xTaskResumeAll    tasks.o
    0x0800c050   0x0800c050   0x00000028   Data   RO            5    .constdata          arm_atan2_f32.o
    0x0800c078   0x0800c078   0x00000804   Data   RO          787    .constdata          arm_common_tables.o
    0x0800c87c   0x0800c87c   0x00000300   Data   RO         4481    .constdata          crc.o
    0x0800cb7c   0x0800cb7c   0x00000006   Data   RO         4974    .constdata          bmi2.o
    0x0800cb82   0x0800cb82   0x00002048   Data   RO         5618    .constdata          bmi270.o
    0x0800ebca   0x0800ebca   0x00000002   PAD
    0x0800ebcc   0x0800ebcc   0x00000054   Data   RO         6013    .constdata          freertos.o
    0x0800ec20   0x0800ec20   0x00000008   Data   RO         7271    .constdata          stm32f4xx_hal_dma.o
    0x0800ec28   0x0800ec28   0x00000010   Data   RO         9613    .constdata          system_stm32f4xx.o
    0x0800ec38   0x0800ec38   0x00000008   Data   RO         9614    .constdata          system_stm32f4xx.o
    0x0800ec40   0x0800ec40   0x00000030   Data   RO        11084    .constdata          m_wm.l(cos_i.o)
    0x0800ec70   0x0800ec70   0x000000c8   Data   RO        11123    .constdata          m_wm.l(rred.o)
    0x0800ed38   0x0800ed38   0x00000028   Data   RO        11127    .constdata          m_wm.l(sin_i.o)
    0x0800ed60   0x0800ed60   0x00000026   Data   RO         6014    .conststring        freertos.o
    0x0800ed86   0x0800ed86   0x00000002   PAD
    0x0800ed88   0x0800ed88   0x00000020   Data   RO        11178    Region$$Table       anon$$obj.o


    Execution Region RW_IRAM1 (Exec base: 0x20000000, Load base: 0x0800eda8, Size: 0x00006ea0, Max: 0x0001c000, ABSOLUTE, COMPRESSED[0x00000268])

    Exec Addr    Load Addr    Size         Type   Attr      Idx    E Section Name        Object

    0x20000000   COMPRESSED   0x00000004   Data   RW         2948    .data               tasks_center.o
    0x20000004   COMPRESSED   0x00000038   Data   RW         3062    .data               center.o
    0x2000003c   COMPRESSED   0x00000098   Data   RW         3286    .data               rifle.o
    0x200000d4   COMPRESSED   0x00000060   Data   RW         3362    .data               gimbal.o
    0x20000134   COMPRESSED   0x00000088   Data   RW         3422    .data               chassis.o
    0x200001bc   COMPRESSED   0x00000004   Data   RW         3580    .data               tick_drv.o
    0x200001c0   COMPRESSED   0x000001e4   Data   RW         3899    .data               rc.o
    0x200003a4   COMPRESSED   0x0000000c   Data   RW         3982    .data               led.o
    0x200003b0   COMPRESSED   0x00000004   Data   RW         3983    .data               led.o
    0x200003b4   COMPRESSED   0x00000048   Data   RW         4027    .data               cap.o
    0x200003fc   COMPRESSED   0x00000014   Data   RW         4096    .data               imu.o
    0x20000410   COMPRESSED   0x00000140   Data   RW         4097    .data               imu.o
    0x20000550   COMPRESSED   0x000014b8   Data   RW         4225    .data               motor.o
    0x20001a08   COMPRESSED   0x00000040   Data   RW         4281    .data               master.o
    0x20001a48   COMPRESSED   0x00000014   Data   RW         4353    .data               servo.o
    0x20001a5c   COMPRESSED   0x00000002   Data   RW         4482    .data               crc.o
    0x20001a5e   COMPRESSED   0x00000002   PAD
    0x20001a60   COMPRESSED   0x000000d4   Data   RW         4540    .data               judge.o
    0x20001b34   COMPRESSED   0x00000070   Data   RW         4592    .data               vision.o
    0x20001ba4   COMPRESSED   0x00000010   Data   RW         5619    .data               bmi270.o
    0x20001bb4   COMPRESSED   0x00000008   Data   RW         5830    .data               common.o
    0x20001bbc   COMPRESSED   0x0000000c   Data   RW         6015    .data               freertos.o
    0x20001bc8   COMPRESSED   0x00000004   Data   RW         6074    .data               can.o
    0x20001bcc   COMPRESSED   0x0000000c   Data   RW         7698    .data               stm32f4xx_hal.o
    0x20001bd8   COMPRESSED   0x00000004   Data   RW         9615    .data               system_stm32f4xx.o
    0x20001bdc   COMPRESSED   0x0000003c   Data   RW        10161    .data               tasks.o
    0x20001c18   COMPRESSED   0x00000020   Data   RW        10805    .data               heap_4.o
    0x20001c38   COMPRESSED   0x0000000c   Data   RW        10873    .data               port.o
    0x20001c44   COMPRESSED   0x00000004   Data   RW        11148    .data               mc_w.l(mvars.o)
    0x20001c48   COMPRESSED   0x00000004   Data   RW        11149    .data               mc_w.l(mvars.o)
    0x20001c4c   COMPRESSED   0x00000004   Data   RW        11153    .data               mc_w.l(errno.o)
    0x20001c50        -       0x000000b8   Zero   RW         3659    .bss                can_drv.o
    0x20001d08        -       0x000005a8   Zero   RW         3784    .bss                uart_drv.o
    0x200022b0        -       0x00000068   Zero   RW         4095    .bss                imu.o
    0x20002318        -       0x00000254   Zero   RW         6012    .bss                freertos.o
    0x2000256c        -       0x00000050   Zero   RW         6073    .bss                can.o
    0x200025bc        -       0x0000000c   Zero   RW         6143    .bss                iwdg.o
    0x200025c8        -       0x00000058   Zero   RW         6175    .bss                spi.o
    0x20002620        -       0x00000090   Zero   RW         6219    .bss                tim.o
    0x200026b0        -       0x000004b4   Zero   RW         6275    .bss                usart.o
    0x20002b64        -       0x00000048   Zero   RW         6527    .bss                stm32f4xx_hal_timebase_tim.o
    0x20002bac        -       0x000000f0   Zero   RW        10160    .bss                tasks.o
    0x20002c9c        -       0x00003c00   Zero   RW        10804    .bss                heap_4.o
    0x2000689c   COMPRESSED   0x00000004   PAD
    0x200068a0        -       0x00000200   Zero   RW         5903    HEAP                startup_stm32f407xx.o
    0x20006aa0        -       0x00000400   Zero   RW         5902    STACK               startup_stm32f407xx.o


    Execution Region RW_IRAM2 (Exec base: 0x2001c000, Load base: 0x0800f010, Size: 0x00000000, Max: 0x00004000, ABSOLUTE)

    **** No section assigned to this execution region ****


==============================================================================

Image component sizes


      Code (inc. data)   RO Data    RW Data    ZI Data      Debug   Object Name

       540         28         40          0          0       9448   arm_atan2_f32.o
         0          0       2052          0          0       8397   arm_common_tables.o
       132         14          0          0          0        766   arm_cos_f32.o
       128         14          0          0          0        766   arm_sin_f32.o
       162          4          0          0          0      43547   bmi.o
      3638         12          6          0          0      37432   bmi2.o
      4408         22       8264         16          0      36058   bmi270.o
       396         46          0          4         80       2530   can.o
       362         54          0          0        184       5993   can_drv.o
        72         12          0          0          0       1630   can_potocal.o
       278          8          0         72          0       6023   cap.o
       614         68          0         56          0       9914   center.o
      1394         70          0        136          0       7791   chassis.o
       120          0          0          0          0      23389   cmsis_os.o
       530         58          0          8          0       7369   common.o
       178         18        768          2          0       3827   crc.o
       188          4          0          0          0        894   dma.o
         0          0          0          0          0      16908   event_groups.o
       104         14        122         12        596       2213   freertos.o
       578         54          0         96          0       6271   gimbal.o
       942         12          0          0          0       3401   gimbalrotationoutput.o
       140          8          0          0          0       1007   gpio.o
       472         24          0         32      15360       7475   heap_4.o
       760         72          0          0          0       5843   iic_drv.o
      3146        118          0        340        104      16044   imu.o
        44          8          0          0         12        743   iwdg.o
       768         16          0        212          0      15183   judge.o
       184         26          0         16          0       2388   led.o
       138          0          0          0          0       3594   list.o
       266         14          0          0          0       2812   main.o
       150          6          0         64          0       3806   master.o
       456         34          0       5304          0       4202   motor.o
       786         82          0         12          0      11949   port.o
      1688         66          0        484          0      14199   rc.o
      1518         74          0        152          0       7983   rifle.o
      1756        104          0          0          0      18367   rm_motor.o
       132         24          0          0          0     751392   rp_init.o
       146          4          0          0          0       1351   rp_math.o
        76          0          0         20          0       2603   servo.o
       180         24          0          0         88       1721   spi.o
        92          8          0          0          0        947   spi_drv.o
        36          8        392          0       1536        808   startup_stm32f407xx.o
       116         18          0         12          0       8786   stm32f4xx_hal.o
      1638          6          0          0          0      14447   stm32f4xx_hal_can.o
       158         14          0          0          0      33170   stm32f4xx_hal_cortex.o
      1084         16          8          0          0       7430   stm32f4xx_hal_dma.o
       522         46          0          0          0       2869   stm32f4xx_hal_gpio.o
       102          0          0          0          0       1911   stm32f4xx_hal_iwdg.o
        56          4          0          0          0        886   stm32f4xx_hal_msp.o
      1412         86          0          0          0       5957   stm32f4xx_hal_rcc.o
      1738         12          0          0          0       8554   stm32f4xx_hal_spi.o
      2144        146          0          0          0      17877   stm32f4xx_hal_tim.o
       232         28          0          0          0       3317   stm32f4xx_hal_tim_ex.o
       152         18          0          0         72       1507   stm32f4xx_hal_timebase_tim.o
      1596         30          0          0          0      12390   stm32f4xx_hal_uart.o
       288        108          0          0          0      11781   stm32f4xx_it.o
        16          4         24          4          0       1191   system_stm32f4xx.o
      1536        116          0         60        240      20277   tasks.o
       308         56          0          4          0      33415   tasks_center.o
        60          6          0          4          0       1704   tick_drv.o
       480         42          0          0        144       3233   tim.o
      1354        130          0          0       1448       8804   uart_drv.o
      1316        106          0          0       1204       5473   usart.o
        52         14          0          0          0       3035   usart_potocal.o
       210          0          0        112          0       5489   vision.o

    ----------------------------------------------------------------------
     44340       2238      11712       7236      21072    1322487   Object Totals
         0          0         32          0          0          0   (incl. Generated)
        72          0          4          2          4          0   (incl. Padding)

    ----------------------------------------------------------------------

      Code (inc. data)   RO Data    RW Data    ZI Data      Debug   Library Member Name

       200         20          0          0          0        164   cos.o
       368         46         48          0          0        200   cos_i.o
        84         16          0          0          0        372   dunder.o
        24          0          0          0          0        124   fabs.o
        48          0          0          0          0        124   fpclassify.o
       248          0          0          0          0        152   poly.o
      1080        142        200          0          0        188   rred.o
       200         20          0          0          0        164   sin.o
       304         24         40          0          0        208   sin_i.o
        86          0          0          0          0          0   __dczerorl2.o
         0          0          0          0          0          0   entry.o
         0          0          0          0          0          0   entry10a.o
         0          0          0          0          0          0   entry11a.o
         8          4          0          0          0          0   entry2.o
         4          0          0          0          0          0   entry5.o
         0          0          0          0          0          0   entry7b.o
         0          0          0          0          0          0   entry8b.o
         8          4          0          0          0          0   entry9a.o
        12          6          0          4          0         68   errno.o
        30          0          0          0          0          0   handlers.o
        36          8          0          0          0         68   init.o
         0          0          0          0          0          0   iusefp.o
        30          0          0          0          0         68   llshl.o
        36          0          0          0          0         68   llsshr.o
        32          0          0          0          0         68   llushr.o
       188         20          0          0          0        160   malloc.o
        36          0          0          0          0         68   memcpya.o
        36          0          0          0          0        108   memseta.o
         0          0          0          8          0          0   mvars.o
        98          0          0          0          0         92   uldiv.o
        56          0          0          0          0         88   d2f.o
       334          0          0          0          0        148   dadd.o
       222          0          0          0          0        100   ddiv.o
       186          0          0          0          0        176   depilogue.o
        62          0          0          0          0         80   dfixi.o
        34          0          0          0          0         76   dflti.o
        26          0          0          0          0         76   dfltui.o
       228          0          0          0          0         96   dmul.o
        38          0          0          0          0         68   f2d.o
       110          0          0          0          0        168   fepilogue.o

    ----------------------------------------------------------------------
      4500        310        288         12          0       3540   Library Totals
         8          0          0          0          0          0   (incl. Padding)

    ----------------------------------------------------------------------

      Code (inc. data)   RO Data    RW Data    ZI Data      Debug   Library Name

      2556        268        288          0          0       1696   m_wm.l
       640         42          0         12          0        768   mc_w.l
      1296          0          0          0          0       1076   mf_w.l

    ----------------------------------------------------------------------
      4500        310        288         12          0       3540   Library Totals

    ----------------------------------------------------------------------

==============================================================================


      Code (inc. data)   RO Data    RW Data    ZI Data      Debug   

     48840       2548      12000       7248      21072    1283727   Grand Totals
     48840       2548      12000        616      21072    1283727   ELF Image Totals (compressed)
     48840       2548      12000        616          0          0   ROM Totals

==============================================================================

    Total RO  Size (Code + RO Data)                60840 (  59.41kB)
    Total RW  Size (RW Data + ZI Data)             28320 (  27.66kB)
    Total ROM Size (Code + RO Data + RW Data)      61456 (  60.02kB)

==============================================================================

