Component: ARM Compiler 5.06 update 7 (build 960) Tool: armlink [4d3601]

==============================================================================

Section Cross References

    arm_atan2_f32.o(i.arm_atan2_f32) refers to arm_atan2_f32.o(.constdata) for .constdata
    arm_cos_f32.o(i.arm_cos_f32) refers to arm_common_tables.o(.constdata) for sinTable_f32
    arm_cos_q15.o(i.arm_cos_q15) refers to arm_common_tables.o(.constdata) for sinTable_q15
    arm_cos_q31.o(i.arm_cos_q31) refers to arm_common_tables.o(.constdata) for sinTable_q31
    arm_sin_f32.o(i.arm_sin_f32) refers to arm_common_tables.o(.constdata) for sinTable_f32
    arm_sin_q15.o(i.arm_sin_q15) refers to arm_common_tables.o(.constdata) for sinTable_q15
    arm_sin_q31.o(i.arm_sin_q31) refers to arm_common_tables.o(.constdata) for sinTable_q31
    arm_sqrt_q15.o(i.arm_sqrt_q15) refers to arm_common_tables.o(.constdata) for sqrt_initial_lut_q15
    arm_sqrt_q31.o(i.arm_sqrt_q31) refers to arm_common_tables.o(.constdata) for sqrt_initial_lut_q31
    arm_divide_q15.o(i.arm_divide_q15) refers to arm_abs_q15.o(i.arm_abs_q15) for arm_abs_q15
    arm_divide_q31.o(i.arm_divide_q31) refers to arm_abs_q31.o(i.arm_abs_q31) for arm_abs_q31
    arm_divide_q31.o(i.arm_divide_q31) refers to ldiv.o(.text) for __aeabi_ldivmod
    arm_divide_q31.o(i.arm_divide_q31) refers to llsshr.o(.text) for __aeabi_lasr
    arm_vexp_f32.o(i.arm_vexp_f32) refers to expf.o(i.__hardfp_expf) for __hardfp_expf
    arm_vexp_f64.o(i.arm_vexp_f64) refers to exp.o(i.__hardfp_exp) for __hardfp_exp
    arm_vlog_f32.o(i.arm_vlog_f32) refers to logf.o(i.__hardfp_logf) for __hardfp_logf
    arm_vlog_f64.o(i.arm_vlog_f64) refers to log.o(i.__hardfp_log) for __hardfp_log
    arm_atan2_q15.o(i.arm_atan2_q15) refers to arm_negate_q15.o(i.arm_negate_q15) for arm_negate_q15
    arm_atan2_q15.o(i.arm_atan2_q15) refers to arm_divide_q15.o(i.arm_divide_q15) for arm_divide_q15
    arm_atan2_q15.o(i.arm_atan2_q15) refers to arm_shift_q15.o(i.arm_shift_q15) for arm_shift_q15
    arm_atan2_q15.o(i.arm_atan2_q15) refers to arm_atan2_q15.o(.constdata) for .constdata
    arm_atan2_q31.o(i.arm_atan2_q31) refers to arm_negate_q31.o(i.arm_negate_q31) for arm_negate_q31
    arm_atan2_q31.o(i.arm_atan2_q31) refers to arm_divide_q31.o(i.arm_divide_q31) for arm_divide_q31
    arm_atan2_q31.o(i.arm_atan2_q31) refers to arm_shift_q31.o(i.arm_shift_q31) for arm_shift_q31
    arm_atan2_q31.o(i.arm_atan2_q31) refers to arm_atan2_q31.o(.constdata) for .constdata
    arm_const_structs.o(.constdata) refers to arm_common_tables.o(.constdata) for twiddleCoefF64_16
    arm_const_structs.o(.constdata) refers to arm_common_tables.o(.constdata) for armBitRevIndexTableF64_16
    arm_const_structs.o(.constdata) refers to arm_common_tables.o(.constdata) for twiddleCoefF64_32
    arm_const_structs.o(.constdata) refers to arm_common_tables.o(.constdata) for armBitRevIndexTableF64_32
    arm_const_structs.o(.constdata) refers to arm_common_tables.o(.constdata) for twiddleCoefF64_64
    arm_const_structs.o(.constdata) refers to arm_common_tables.o(.constdata) for armBitRevIndexTableF64_64
    arm_const_structs.o(.constdata) refers to arm_common_tables.o(.constdata) for twiddleCoefF64_128
    arm_const_structs.o(.constdata) refers to arm_common_tables.o(.constdata) for armBitRevIndexTableF64_128
    arm_const_structs.o(.constdata) refers to arm_common_tables.o(.constdata) for twiddleCoefF64_256
    arm_const_structs.o(.constdata) refers to arm_common_tables.o(.constdata) for armBitRevIndexTableF64_256
    arm_const_structs.o(.constdata) refers to arm_common_tables.o(.constdata) for twiddleCoefF64_512
    arm_const_structs.o(.constdata) refers to arm_common_tables.o(.constdata) for armBitRevIndexTableF64_512
    arm_const_structs.o(.constdata) refers to arm_common_tables.o(.constdata) for twiddleCoefF64_1024
    arm_const_structs.o(.constdata) refers to arm_common_tables.o(.constdata) for armBitRevIndexTableF64_1024
    arm_const_structs.o(.constdata) refers to arm_common_tables.o(.constdata) for twiddleCoefF64_2048
    arm_const_structs.o(.constdata) refers to arm_common_tables.o(.constdata) for armBitRevIndexTableF64_2048
    arm_const_structs.o(.constdata) refers to arm_common_tables.o(.constdata) for twiddleCoefF64_4096
    arm_const_structs.o(.constdata) refers to arm_common_tables.o(.constdata) for armBitRevIndexTableF64_4096
    arm_const_structs.o(.constdata) refers to arm_common_tables.o(.constdata) for twiddleCoef_16
    arm_const_structs.o(.constdata) refers to arm_common_tables.o(.constdata) for armBitRevIndexTable16
    arm_const_structs.o(.constdata) refers to arm_common_tables.o(.constdata) for twiddleCoef_32
    arm_const_structs.o(.constdata) refers to arm_common_tables.o(.constdata) for armBitRevIndexTable32
    arm_const_structs.o(.constdata) refers to arm_common_tables.o(.constdata) for twiddleCoef_64
[...]
    CAP_setBuff0x2F                          0x08000877   Thumb Code    18  cap.o(i.CAP_setBuff0x2F)
    DMA1_Stream0_IRQHandler                  0x080008e1   Thumb Code     6  stm32f4xx_it.o(i.DMA1_Stream0_IRQHandler)
    DMA1_Stream1_IRQHandler                  0x080008ed   Thumb Code     6  stm32f4xx_it.o(i.DMA1_Stream1_IRQHandler)
    DMA1_Stream2_IRQHandler                  0x080008f9   Thumb Code     6  stm32f4xx_it.o(i.DMA1_Stream2_IRQHandler)
    DMA1_Stream3_IRQHandler                  0x08000905   Thumb Code     6  stm32f4xx_it.o(i.DMA1_Stream3_IRQHandler)
    DMA1_Stream4_IRQHandler                  0x08000911   Thumb Code     6  stm32f4xx_it.o(i.DMA1_Stream4_IRQHandler)
    DMA1_Stream5_IRQHandler                  0x0800091d   Thumb Code     6  stm32f4xx_it.o(i.DMA1_Stream5_IRQHandler)
    DMA1_Stream7_IRQHandler                  0x08000929   Thumb Code     6  stm32f4xx_it.o(i.DMA1_Stream7_IRQHandler)
    DMA2_Stream2_IRQHandler                  0x08000935   Thumb Code     6  stm32f4xx_it.o(i.DMA2_Stream2_IRQHandler)
    DMA2_Stream7_IRQHandler                  0x08000941   Thumb Code     6  stm32f4xx_it.o(i.DMA2_Stream7_IRQHandler)
    DRV_UART_IRQHandler                      0x08000c97   Thumb Code    20  uart_drv.o(i.DRV_UART_IRQHandler)
    DebugMon_Handler                         0x08000cab   Thumb Code     2  stm32f4xx_it.o(i.DebugMon_Handler)
    Determine_ID                             0x08000cad   Thumb Code   258  judge.o(i.Determine_ID)
    Error_Handler                            0x08000e3d   Thumb Code     4  main.o(i.Error_Handler)
    FirstGetInto_KEY_PRESS                   0x08000e41   Thumb Code    16  rc.o(i.FirstGetInto_KEY_PRESS)
    Get_CRC16_Check_Sum                      0x08000e51   Thumb Code    38  crc.o(i.Get_CRC16_Check_Sum)
    Get_CRC8_Check_Sum                       0x08000e7d   Thumb Code    26  crc.o(i.Get_CRC8_Check_Sum)
    HAL_CAN_ActivateNotification             0x08000e9d   Thumb Code    36  stm32f4xx_hal_can.o(i.HAL_CAN_ActivateNotification)
    HAL_CAN_AddTxMessage                     0x08000ec1   Thumb Code   220  stm32f4xx_hal_can.o(i.HAL_CAN_AddTxMessage)
    HAL_CAN_ConfigFilter                     0x08000f9d   Thumb Code   262  stm32f4xx_hal_can.o(i.HAL_CAN_ConfigFilter)
    HAL_CAN_ErrorCallback                    0x080010a9   Thumb Code     2  stm32f4xx_hal_can.o(i.HAL_CAN_ErrorCallback)
    HAL_CAN_GetRxMessage                     0x080010ab   Thumb Code   232  stm32f4xx_hal_can.o(i.HAL_CAN_GetRxMessage)
    HAL_CAN_IRQHandler                       0x08001193   Thumb Code   508  stm32f4xx_hal_can.o(i.HAL_CAN_IRQHandler)
    HAL_CAN_Init                             0x0800138f   Thumb Code   282  stm32f4xx_hal_can.o(i.HAL_CAN_Init)
    HAL_CAN_MspInit                          0x080014a9   Thumb Code   226  can.o(i.HAL_CAN_MspInit)
    HAL_CAN_RxFifo0FullCallback              0x080015a5   Thumb Code     2  stm32f4xx_hal_can.o(i.HAL_CAN_RxFifo0FullCallback)
    HAL_CAN_RxFifo0MsgPendingCallback        0x080015a9   Thumb Code    20  can_drv.o(i.HAL_CAN_RxFifo0MsgPendingCallback)
    HAL_CAN_RxFifo1FullCallback              0x080015c5   Thumb Code     2  stm32f4xx_hal_can.o(i.HAL_CAN_RxFifo1FullCallback)
    HAL_CAN_RxFifo1MsgPendingCallback        0x080015c7   Thumb Code     2  stm32f4xx_hal_can.o(i.HAL_CAN_RxFifo1MsgPendingCallback)
    HAL_CAN_SleepCallback                    0x080015c9   Thumb Code     2  stm32f4xx_hal_can.o(i.HAL_CAN_SleepCallback)
    HAL_CAN_Start                            0x080015cd   Thumb Code    88  stm32f4xx_hal_can.o(i.HAL_CAN_Start)
    HAL_CAN_TxMailbox0AbortCallback          0x08001625   Thumb Code     2  stm32f4xx_hal_can.o(i.HAL_CAN_TxMailbox0AbortCallback)
    HAL_CAN_TxMailbox0CompleteCallback       0x08001627   Thumb Code     2  stm32f4xx_hal_can.o(i.HAL_CAN_TxMailbox0CompleteCallback)
    HAL_CAN_TxMailbox1AbortCallback          0x08001629   Thumb Code     2  stm32f4xx_hal_can.o(i.HAL_CAN_TxMailbox1AbortCallback)
    HAL_CAN_TxMailbox1CompleteCallback       0x0800162b   Thumb Code     2  stm32f4xx_hal_can.o(i.HAL_CAN_TxMailbox1CompleteCallback)
    HAL_CAN_TxMailbox2AbortCallback          0x0800162d   Thumb Code     2  stm32f4xx_hal_can.o(i.HAL_CAN_TxMailbox2AbortCallback)
    HAL_CAN_TxMailbox2CompleteCallback       0x0800162f   Thumb Code     2  stm32f4xx_hal_can.o(i.HAL_CAN_TxMailbox2CompleteCallback)
    HAL_CAN_WakeUpFromRxMsgCallback          0x08001631   Thumb Code     2  stm32f4xx_hal_can.o(i.HAL_CAN_WakeUpFromRxMsgCallback)
    HAL_DMA_Abort                            0x08001633   Thumb Code   146  stm32f4xx_hal_dma.o(i.HAL_DMA_Abort)
    HAL_DMA_Abort_IT                         0x080016c5   Thumb Code    36  stm32f4xx_hal_dma.o(i.HAL_DMA_Abort_IT)
    HAL_DMA_IRQHandler                       0x080016e9   Thumb Code   412  stm32f4xx_hal_dma.o(i.HAL_DMA_IRQHandler)
    HAL_DMA_Init                             0x08001889   Thumb Code   206  stm32f4xx_hal_dma.o(i.HAL_DMA_Init)
    HAL_DMA_Start_IT                         0x0800195d   Thumb Code   110  stm32f4xx_hal_dma.o(i.HAL_DMA_Start_IT)
    HAL_Delay                                0x080019cd   Thumb Code    32  stm32f4xx_hal.o(i.HAL_Delay)
    HAL_GPIO_Init                            0x080019f1   Thumb Code   450  stm32f4xx_hal_gpio.o(i.HAL_GPIO_Init)
    HAL_GPIO_TogglePin                       0x08001be1   Thumb Code    16  stm32f4xx_hal_gpio.o(i.HAL_GPIO_TogglePin)
    HAL_GPIO_WritePin                        0x08001bf1   Thumb Code    10  stm32f4xx_hal_gpio.o(i.HAL_GPIO_WritePin)
    HAL_GetTick                              0x08001bfd   Thumb Code     6  stm32f4xx_hal.o(i.HAL_GetTick)
    HAL_IWDG_Init                            0x08001c09   Thumb Code    90  stm32f4xx_hal_iwdg.o(i.HAL_IWDG_Init)
    HAL_IWDG_Refresh                         0x08001c63   Thumb Code    12  stm32f4xx_hal_iwdg.o(i.HAL_IWDG_Refresh)
    HAL_IncTick                              0x08001c71   Thumb Code    12  stm32f4xx_hal.o(i.HAL_IncTick)
    HAL_Init                                 0x08001c81   Thumb Code    48  stm32f4xx_hal.o(i.HAL_Init)
    HAL_InitTick                             0x08001cb5   Thumb Code   134  stm32f4xx_hal_timebase_tim.o(i.HAL_InitTick)
    HAL_MspInit                              0x08001d4d   Thumb Code    52  stm32f4xx_hal_msp.o(i.HAL_MspInit)
    HAL_NVIC_EnableIRQ                       0x08001d85   Thumb Code    26  stm32f4xx_hal_cortex.o(i.HAL_NVIC_EnableIRQ)
    HAL_NVIC_SetPriority                     0x08001da1   Thumb Code    60  stm32f4xx_hal_cortex.o(i.HAL_NVIC_SetPriority)
    HAL_NVIC_SetPriorityGrouping             0x08001de1   Thumb Code    26  stm32f4xx_hal_cortex.o(i.HAL_NVIC_SetPriorityGrouping)
    HAL_RCC_ClockConfig                      0x08001e05   Thumb Code   288  stm32f4xx_hal_rcc.o(i.HAL_RCC_ClockConfig)
    HAL_RCC_GetClockConfig                   0x08001f39   Thumb Code    54  stm32f4xx_hal_rcc.o(i.HAL_RCC_GetClockConfig)
    HAL_RCC_GetPCLK1Freq                     0x08001f79   Thumb Code    20  stm32f4xx_hal_rcc.o(i.HAL_RCC_GetPCLK1Freq)
    HAL_RCC_GetPCLK2Freq                     0x08001f99   Thumb Code    20  stm32f4xx_hal_rcc.o(i.HAL_RCC_GetPCLK2Freq)
    HAL_RCC_GetSysClockFreq                  0x08001fb9   Thumb Code    88  stm32f4xx_hal_rcc.o(i.HAL_RCC_GetSysClockFreq)
    HAL_RCC_OscConfig                        0x0800201d   Thumb Code   856  stm32f4xx_hal_rcc.o(i.HAL_RCC_OscConfig)
    HAL_SPI_Init                             0x08002389   Thumb Code   188  stm32f4xx_hal_spi.o(i.HAL_SPI_Init)
    HAL_SPI_MspInit                          0x08002445   Thumb Code    94  spi.o(i.HAL_SPI_MspInit)
    HAL_SPI_Receive                          0x080024b1   Thumb Code   346  stm32f4xx_hal_spi.o(i.HAL_SPI_Receive)
    HAL_SPI_Transmit                         0x0800260b   Thumb Code   358  stm32f4xx_hal_spi.o(i.HAL_SPI_Transmit)
    HAL_SPI_TransmitReceive                  0x08002771   Thumb Code   482  stm32f4xx_hal_spi.o(i.HAL_SPI_TransmitReceive)
    HAL_TIMEx_BreakCallback                  0x08002953   Thumb Code     2  stm32f4xx_hal_tim_ex.o(i.HAL_TIMEx_BreakCallback)
    HAL_TIMEx_CommutCallback                 0x08002955   Thumb Code     2  stm32f4xx_hal_tim_ex.o(i.HAL_TIMEx_CommutCallback)
    HAL_TIMEx_MasterConfigSynchronization    0x08002959   Thumb Code   116  stm32f4xx_hal_tim_ex.o(i.HAL_TIMEx_MasterConfigSynchronization)
    HAL_TIM_Base_Init                        0x080029e9   Thumb Code    90  stm32f4xx_hal_tim.o(i.HAL_TIM_Base_Init)
    HAL_TIM_Base_MspInit                     0x08002a45   Thumb Code   136  tim.o(i.HAL_TIM_Base_MspInit)
    HAL_TIM_Base_Start_IT                    0x08002add   Thumb Code   100  stm32f4xx_hal_tim.o(i.HAL_TIM_Base_Start_IT)
    HAL_TIM_ConfigClockSource                0x08002b5d   Thumb Code   220  stm32f4xx_hal_tim.o(i.HAL_TIM_ConfigClockSource)
    HAL_TIM_IC_CaptureCallback               0x08002c39   Thumb Code     2  stm32f4xx_hal_tim.o(i.HAL_TIM_IC_CaptureCallback)
    HAL_TIM_IRQHandler                       0x08002c3b   Thumb Code   358  stm32f4xx_hal_tim.o(i.HAL_TIM_IRQHandler)
    HAL_TIM_OC_DelayElapsedCallback          0x08002da1   Thumb Code     2  stm32f4xx_hal_tim.o(i.HAL_TIM_OC_DelayElapsedCallback)
    HAL_TIM_PWM_PulseFinishedCallback        0x08002da3   Thumb Code     2  stm32f4xx_hal_tim.o(i.HAL_TIM_PWM_PulseFinishedCallback)
    HAL_TIM_PeriodElapsedCallback            0x08002da5   Thumb Code    14  main.o(i.HAL_TIM_PeriodElapsedCallback)
    HAL_TIM_TriggerCallback                  0x08002db3   Thumb Code     2  stm32f4xx_hal_tim.o(i.HAL_TIM_TriggerCallback)
    HAL_UARTEx_RxEventCallback               0x08002db5   Thumb Code     2  stm32f4xx_hal_uart.o(i.HAL_UARTEx_RxEventCallback)
    HAL_UART_ErrorCallback                   0x08002db7   Thumb Code     2  stm32f4xx_hal_uart.o(i.HAL_UART_ErrorCallback)
    HAL_UART_IRQHandler                      0x08002db9   Thumb Code   610  stm32f4xx_hal_uart.o(i.HAL_UART_IRQHandler)
    HAL_UART_Init                            0x08003021   Thumb Code    98  stm32f4xx_hal_uart.o(i.HAL_UART_Init)
    HAL_UART_MspInit                         0x08003085   Thumb Code   968  usart.o(i.HAL_UART_MspInit)
    HAL_UART_RxCpltCallback                  0x08003489   Thumb Code     2  stm32f4xx_hal_uart.o(i.HAL_UART_RxCpltCallback)
    HAL_UART_Transmit_DMA                    0x0800348d   Thumb Code   126  stm32f4xx_hal_uart.o(i.HAL_UART_Transmit_DMA)
    HAL_UART_TxCpltCallback                  0x08003519   Thumb Code     2  stm32f4xx_hal_uart.o(i.HAL_UART_TxCpltCallback)
    HAL_UART_TxHalfCpltCallback              0x0800351b   Thumb Code     2  stm32f4xx_hal_uart.o(i.HAL_UART_TxHalfCpltCallback)
    HardFault_Handler                        0x0800351d   Thumb Code     2  stm32f4xx_it.o(i.HardFault_Handler)
    IIC_Ack                                  0x08003521   Thumb Code    56  iic_drv.o(i.IIC_Ack)
    IIC_Init                                 0x08003561   Thumb Code   130  iic_drv.o(i.IIC_Init)
    IIC_NAck                                 0x080035ed   Thumb Code    56  iic_drv.o(i.IIC_NAck)
    IIC_Read_Byte                            0x0800362d   Thumb Code    96  iic_drv.o(i.IIC_Read_Byte)
    IIC_Read_Cicle                           0x08003695   Thumb Code    76  iic_drv.o(i.IIC_Read_Cicle)
    IIC_Send_Byte                            0x080036e1   Thumb Code    86  iic_drv.o(i.IIC_Send_Byte)
    IIC_Start                                0x08003741   Thumb Code    56  iic_drv.o(i.IIC_Start)
    IIC_Stop                                 0x08003781   Thumb Code    58  iic_drv.o(i.IIC_Stop)
    IIC_Wait_Ack                             0x080037c5   Thumb Code    74  iic_drv.o(i.IIC_Wait_Ack)
    Imu_SPI_Init                             0x08003985   Thumb Code    84  spi_drv.o(i.Imu_SPI_Init)
    KEY_State_Judge                          0x080039e1   Thumb Code    98  rc.o(i.KEY_State_Judge)
    Led_All_Light                            0x08003a45   Thumb Code    10  led.o(i.Led_All_Light)
    Led_All_Shine                            0x08003a55   Thumb Code    30  led.o(i.Led_All_Shine)
    Led_Running                              0x08003a7d   Thumb Code   118  led.o(i.Led_Running)
    MASTER_HeartBeat                         0x08003afd   Thumb Code    26  master.o(i.MASTER_HeartBeat)
    MASTER_sendBuff                          0x08003b1d   Thumb Code     2  master.o(i.MASTER_sendBuff)
    MX_CAN1_Init                             0x08003b21   Thumb Code    62  can.o(i.MX_CAN1_Init)
    MX_CAN2_Init                             0x08003b69   Thumb Code    62  can.o(i.MX_CAN2_Init)
    MX_DMA_Init                              0x08003bb1   Thumb Code   184  dma.o(i.MX_DMA_Init)
    MX_FREERTOS_Init                         0x08003c6d   Thumb Code    74  freertos.o(i.MX_FREERTOS_Init)
    MX_GPIO_Init                             0x08003cc1   Thumb Code   132  gpio.o(i.MX_GPIO_Init)
    MX_IWDG_Init                             0x08003d4d   Thumb Code    36  iwdg.o(i.MX_IWDG_Init)
    MX_SPI2_Init                             0x08003d79   Thumb Code    62  spi.o(i.MX_SPI2_Init)
    MX_TIM1_Init                             0x08003dc1   Thumb Code    98  tim.o(i.MX_TIM1_Init)
    MX_TIM4_Init                             0x08003e2d   Thumb Code    96  tim.o(i.MX_TIM4_Init)
    MX_UART4_Init                            0x08003e95   Thumb Code    48  usart.o(i.MX_UART4_Init)
    MX_UART5_Init                            0x08003ecd   Thumb Code    48  usart.o(i.MX_UART5_Init)
    MX_USART1_UART_Init                      0x08003f05   Thumb Code    48  usart.o(i.MX_USART1_UART_Init)
    MX_USART2_UART_Init                      0x08003f3d   Thumb Code    50  usart.o(i.MX_USART2_UART_Init)
    MX_USART3_UART_Init                      0x08003f7d   Thumb Code    48  usart.o(i.MX_USART3_UART_Init)
    MemManage_Handler                        0x08003fb5   Thumb Code     2  stm32f4xx_it.o(i.MemManage_Handler)
    NMI_Handler                              0x08003fb7   Thumb Code     2  stm32f4xx_it.o(i.NMI_Handler)
    RC_DeathZoom                             0x08003fd3   Thumb Code    34  rc.o(i.RC_DeathZoom)
    RC_Key2Channel                           0x08003ff5   Thumb Code   244  rc.o(i.RC_Key2Channel)
    RC_KeyMouseReceive                       0x080040ed   Thumb Code   336  rc.o(i.RC_KeyMouseReceive)
    RC_Mouse_Speed                           0x08004241   Thumb Code   214  rc.o(i.RC_Mouse_Speed)
    RC_ResetData                             0x08004339   Thumb Code     8  rc.o(i.RC_ResetData)
    RC_ResetJudge                            0x08004341   Thumb Code   150  rc.o(i.RC_ResetJudge)
    RC_SF                                    0x080043dd   Thumb Code    56  rc.o(i.RC_SF)
    RM_MotorCAN1                             0x08004415   Thumb Code    68  motor.o(i.RM_MotorCAN1)
    RM_MotorCAN2                             0x08004465   Thumb Code    44  motor.o(i.RM_MotorCAN2)
    RM_MotorHeartBeat                        0x08004495   Thumb Code    64  motor.o(i.RM_MotorHeartBeat)
    RM_MotorInit                             0x080044dd   Thumb Code   180  motor.o(i.RM_MotorInit)
    RP_IMU_INIT                              0x080045a1   Thumb Code    38  rp_init.o(i.RP_IMU_INIT)
    RP_INIT                                  0x080045cd   Thumb Code    64  rp_init.o(i.RP_INIT)
    RP_QuaternionMartix_LeftMult             0x08004619   Thumb Code   158  imu.o(i.RP_QuaternionMartix_LeftMult)
    RP_QuaternionMartix_RightMult            0x080046b7   Thumb Code   158  imu.o(i.RP_QuaternionMartix_RightMult)
    Sim_Channel                              0x080048f9   Thumb Code    58  rc.o(i.Sim_Channel)
    StartCommunityTask                       0x08004941   Thumb Code    46  tasks_center.o(i.StartCommunityTask)
    StartControlTask                         0x08004979   Thumb Code    14  tasks_center.o(i.StartControlTask)
    StartMonitorTask                         0x0800498d   Thumb Code    84  tasks_center.o(i.StartMonitorTask)
    SysTick_Handler                          0x080049f9   Thumb Code    38  port.o(i.SysTick_Handler)
    SystemClock_Config                       0x08004a25   Thumb Code   148  main.o(i.SystemClock_Config)
    SystemInit                               0x08004ac1   Thumb Code    12  system_stm32f4xx.o(i.SystemInit)
    TIM2_IRQHandler                          0x08004ad1   Thumb Code     6  stm32f4xx_it.o(i.TIM2_IRQHandler)
    TIM4_IRQHandler                          0x08004add   Thumb Code     6  stm32f4xx_it.o(i.TIM4_IRQHandler)
    TIM_Base_SetConfig                       0x08004ae9   Thumb Code   156  stm32f4xx_hal_tim.o(i.TIM_Base_SetConfig)
    TIM_ETR_SetConfig                        0x08004bb1   Thumb Code    20  stm32f4xx_hal_tim.o(i.TIM_ETR_SetConfig)
    UART4_IRQHandler                         0x08004c1d   Thumb Code    18  stm32f4xx_it.o(i.UART4_IRQHandler)
    UART5_IRQHandler                         0x08004c35   Thumb Code    18  stm32f4xx_it.o(i.UART5_IRQHandler)
    UART_Send                                0x08004e1d   Thumb Code    58  uart_drv.o(i.UART_Send)
    USART1_IRQHandler                        0x08004f79   Thumb Code    18  stm32f4xx_it.o(i.USART1_IRQHandler)
    USART1_Init                              0x08004f91   Thumb Code    48  uart_drv.o(i.USART1_Init)
    USART1_rxDataHandler                     0x08004fc9   Thumb Code    10  usart_potocal.o(i.USART1_rxDataHandler)
    USART2_IRQHandler                        0x08004fd9   Thumb Code    18  stm32f4xx_it.o(i.USART2_IRQHandler)
    USART2_Init                              0x08004ff1   Thumb Code    52  uart_drv.o(i.USART2_Init)
    USART2_rxDataHandler                     0x0800502d   Thumb Code    12  usart_potocal.o(i.USART2_rxDataHandler)
    USART3_IRQHandler                        0x0800503d   Thumb Code    18  stm32f4xx_it.o(i.USART3_IRQHandler)
    USART3_Init                              0x08005055   Thumb Code    48  uart_drv.o(i.USART3_Init)
    USART3_rxDataHandler                     0x0800508d   Thumb Code     2  usart_potocal.o(i.USART3_rxDataHandler)
    USART4_Init                              0x08005091   Thumb Code    48  uart_drv.o(i.USART4_Init)
    USART4_rxDataHandler                     0x080050c9   Thumb Code     2  usart_potocal.o(i.USART4_rxDataHandler)
    USART5_Init                              0x080050cd   Thumb Code    48  uart_drv.o(i.USART5_Init)
    USART5_rxDataHandler                     0x08005105   Thumb Code    12  usart_potocal.o(i.USART5_rxDataHandler)
    UsageFault_Handler                       0x08005115   Thumb Code     2  stm32f4xx_it.o(i.UsageFault_Handler)
    Verify_CRC16_Check_Sum                   0x08005119   Thumb Code    54  crc.o(i.Verify_CRC16_Check_Sum)
    Verify_CRC8_Check_Sum                    0x08005155   Thumb Code    42  crc.o(i.Verify_CRC8_Check_Sum)
    __scatterload_copy                       0x0800519f   Thumb Code    14  handlers.o(i.__scatterload_copy)
    __scatterload_null                       0x080051ad   Thumb Code     2  handlers.o(i.__scatterload_null)
    __scatterload_zeroinit                   0x080051af   Thumb Code    14  handlers.o(i.__scatterload_zeroinit)
    arm_atan2_f32                            0x080051bd   Thumb Code   512  arm_atan2_f32.o(i.arm_atan2_f32)
    arm_cos_f32                              0x080053d9   Thumb Code   118  arm_cos_f32.o(i.arm_cos_f32)
    arm_sin_f32                              0x0800545d   Thumb Code   114  arm_sin_f32.o(i.arm_sin_f32)
    bmi270_get_sensor_config                 0x080054dd   Thumb Code   134  bmi270.o(i.bmi270_get_sensor_config)
    bmi270_init                              0x08005565   Thumb Code   102  bmi270.o(i.bmi270_init)
    bmi270_sensor_enable                     0x080055d9   Thumb Code   126  bmi270.o(i.bmi270_sensor_enable)
    bmi270_set_sensor_config                 0x08005657   Thumb Code   130  bmi270.o(i.bmi270_set_sensor_config)
    bmi2_delay                               0x080056d9   Thumb Code    24  common.o(i.bmi2_delay)
    bmi2_delay_us                            0x080056f1   Thumb Code    24  common.o(i.bmi2_delay_us)
    bmi2_error_codes_print_result            0x08005709   Thumb Code     2  common.o(i.bmi2_error_codes_print_result)
    bmi2_extract_input_feat_config           0x0800570b   Thumb Code    54  bmi2.o(i.bmi2_extract_input_feat_config)
    bmi2_get_feat_config                     0x08005741   Thumb Code   160  bmi2.o(i.bmi2_get_feat_config)
    bmi2_get_feature_data                    0x080057e1   Thumb Code   132  bmi2.o(i.bmi2_get_feature_data)
    bmi2_get_gyro_cross_sense                0x08005865   Thumb Code    64  bmi2.o(i.bmi2_get_gyro_cross_sense)
    bmi2_get_internal_status                 0x080058a5   Thumb Code    46  bmi2.o(i.bmi2_get_internal_status)
    bmi2_get_regs                            0x080058d9   Thumb Code   126  bmi2.o(i.bmi2_get_regs)
    bmi2_get_sensor_config                   0x08005957   Thumb Code   182  bmi2.o(i.bmi2_get_sensor_config)
    bmi2_get_status                          0x08005a0d   Thumb Code    38  bmi2.o(i.bmi2_get_status)
    bmi2_i2c_read                            0x08005a35   Thumb Code    94  common.o(i.bmi2_i2c_read)
    bmi2_i2c_write                           0x08005a99   Thumb Code    80  common.o(i.bmi2_i2c_write)
    bmi2_interface_init                      0x08005aed   Thumb Code    74  common.o(i.bmi2_interface_init)
    bmi2_map_data_int                        0x08005b51   Thumb Code   118  bmi2.o(i.bmi2_map_data_int)
    bmi2_micros                              0x08005bc9   Thumb Code    30  common.o(i.bmi2_micros)
    bmi2_sec_init                            0x08005bed   Thumb Code   114  bmi2.o(i.bmi2_sec_init)
    bmi2_set_adv_power_save                  0x08005c65   Thumb Code    84  bmi2.o(i.bmi2_set_adv_power_save)
    bmi2_set_regs                            0x08005cb9   Thumb Code   108  bmi2.o(i.bmi2_set_regs)
    bmi2_set_sensor_config                   0x08005d25   Thumb Code   170  bmi2.o(i.bmi2_set_sensor_config)
    bmi2_soft_reset                          0x08005dcf   Thumb Code   104  bmi2.o(i.bmi2_soft_reset)
    bmi2_spi_read                            0x08005e39   Thumb Code    72  common.o(i.bmi2_spi_read)
    bmi2_spi_write                           0x08005e89   Thumb Code    72  common.o(i.bmi2_spi_write)
    bmi2_write_config_file                   0x08005ed9   Thumb Code    86  bmi2.o(i.bmi2_write_config_file)
    bmi_init                                 0x08005f31   Thumb Code    48  bmi.o(i.bmi_init)
    delay_us                                 0x080060d5   Thumb Code    24  tick_drv.o(i.delay_us)
    free                                     0x08006255   Thumb Code    76  malloc.o(i.free)
    get_rm_can_drvie                         0x080066d1   Thumb Code    88  rm_motor.o(i.get_rm_can_drvie)
    get_rm_info                              0x08006731   Thumb Code   144  rm_motor.o(i.get_rm_info)
    imu_half_cycle                           0x08006a4f   Thumb Code    60  imu.o(i.imu_half_cycle)
    inVSqrt                                  0x0800701d   Thumb Code    40  imu.o(i.inVSqrt)
    int16_to_float                           0x08007049   Thumb Code    38  cap.o(i.int16_to_float)
    main                                     0x080072c1   Thumb Code    74  main.o(i.main)
    malloc                                   0x08007319   Thumb Code    92  malloc.o(i.malloc)
    micros                                   0x080073f9   Thumb Code    30  tick_drv.o(i.micros)
    motor_class_heartbeat                    0x0800741d   Thumb Code    42  rm_motor.o(i.motor_class_heartbeat)
    motor_class_init                         0x08007449   Thumb Code   100  rm_motor.o(i.motor_class_init)
    motor_class_pid_init                     0x080074d5   Thumb Code    44  rm_motor.o(i.motor_class_pid_init)
    motor_class_stucking_flag                0x08007501   Thumb Code    44  rm_motor.o(i.motor_class_stucking_flag)
    motor_cycle                              0x0800752d   Thumb Code    32  rm_motor.o(i.motor_cycle)
    motor_half_cycle                         0x0800754d   Thumb Code    60  rm_motor.o(i.motor_half_cycle)
    motor_judge_dir                          0x08007589   Thumb Code    50  rm_motor.o(i.motor_judge_dir)
    motor_offset                             0x080075bb   Thumb Code    72  rm_motor.o(i.motor_offset)
    motor_pid_angle                          0x08007605   Thumb Code    72  rm_motor.o(i.motor_pid_angle)
    motor_pid_cal                            0x08007655   Thumb Code   274  rm_motor.o(i.motor_pid_cal)
    motor_pid_ctrl                           0x0800776d   Thumb Code   346  rm_motor.o(i.motor_pid_ctrl)
    motor_pid_double                         0x080078d9   Thumb Code     8  rm_motor.o(i.motor_pid_double)
    motor_pid_err                            0x080078e1   Thumb Code    30  rm_motor.o(i.motor_pid_err)
    motor_pid_position                       0x08007905   Thumb Code    56  rm_motor.o(i.motor_pid_position)
    motor_pid_single                         0x08007941   Thumb Code    16  rm_motor.o(i.motor_pid_single)
    motor_pid_speed                          0x08007955   Thumb Code    46  rm_motor.o(i.motor_pid_speed)
    osDelay                                  0x080079b9   Thumb Code    14  cmsis_os.o(i.osDelay)
    osKernelStart                            0x080079c7   Thumb Code    10  cmsis_os.o(i.osKernelStart)
    osThreadCreate                           0x080079d1   Thumb Code    84  cmsis_os.o(i.osThreadCreate)
    pvPortMalloc                             0x08007d71   Thumb Code   216  heap_4.o(i.pvPortMalloc)
    pxPortInitialiseStack                    0x08007e4d   Thumb Code    40  port.o(i.pxPortInitialiseStack)
    rm_motor_rx                              0x08008015   Thumb Code    36  rm_motor.o(i.rm_motor_rx)
    rm_motor_tx                              0x08008039   Thumb Code    92  rm_motor.o(i.rm_motor_tx)
    uxListRemove                             0x08008f0d   Thumb Code    38  list.o(i.uxListRemove)
    vApplicationGetIdleTaskMemory            0x08008f35   Thumb Code    16  freertos.o(i.vApplicationGetIdleTaskMemory)
    vListInitialise                          0x08008f49   Thumb Code    22  list.o(i.vListInitialise)
    vListInitialiseItem                      0x08008f5f   Thumb Code     6  list.o(i.vListInitialiseItem)
    vListInsert                              0x08008f65   Thumb Code    48  list.o(i.vListInsert)
    vListInsertEnd                           0x08008f95   Thumb Code    24  list.o(i.vListInsertEnd)
    vPortEnterCritical                       0x08008fad   Thumb Code    54  port.o(i.vPortEnterCritical)
    vPortExitCritical                        0x08008fed   Thumb Code    34  port.o(i.vPortExitCritical)
    vPortFree                                0x08009015   Thumb Code    94  heap_4.o(i.vPortFree)
    vPortSetupTimerInterrupt                 0x08009079   Thumb Code    32  port.o(i.vPortSetupTimerInterrupt)
    vPortValidateInterruptPriority           0x0800909d   Thumb Code    74  port.o(i.vPortValidateInterruptPriority)
    vTaskDelay                               0x080090f1   Thumb Code    66  tasks.o(i.vTaskDelay)
    vTaskStartScheduler                      0x0800913d   Thumb Code    90  tasks.o(i.vTaskStartScheduler)
    vTaskSuspendAll                          0x080091a9   Thumb Code    10  tasks.o(i.vTaskSuspendAll)
    vTaskSwitchContext                       0x080091b9   Thumb Code    82  tasks.o(i.vTaskSwitchContext)
    xPortStartScheduler                      0x080093a1   Thumb Code   222  port.o(i.xPortStartScheduler)
    xTaskCreate                              0x08009495   Thumb Code    90  tasks.o(i.xTaskCreate)
    xTaskCreateStatic                        0x080094ef   Thumb Code    86  tasks.o(i.xTaskCreateStatic)
    xTaskGetTickCountFromISR                 0x08009545   Thumb Code    12  tasks.o(i.xTaskGetTickCountFromISR)
    xTaskIncrementTick                       0x08009555   Thumb Code   194  tasks.o(i.xTaskIncrementTick)
    xTaskResumeAll                           0x08009621   Thumb Code   182  tasks.o(i.xTaskResumeAll)
    sinTable_f32                             0x0800970c   Data        2052  arm_common_tables.o(.constdata)
    CRC8_TAB                                 0x08009f10   Data         256  crc.o(.constdata)
    wCRC_Table                               0x0800a010   Data         512  crc.o(.constdata)
    bmi270_config_file                       0x0800a216   Data        8192  bmi270.o(.constdata)
    bmi270_feat_in                           0x0800c216   Data          51  bmi270.o(.constdata)
    bmi270_feat_out                          0x0800c249   Data          21  bmi270.o(.constdata)
    AHBPrescTable                            0x0800c2bc   Data          16  system_stm32f4xx.o(.constdata)
    APBPrescTable                            0x0800c2cc   Data           8  system_stm32f4xx.o(.constdata)
    Region$$Table$$Base                      0x0800c2fc   Number         0  anon$$obj.o(Region$$Table)
    Region$$Table$$Limit                     0x0800c31c   Number         0  anon$$obj.o(Region$$Table)
    haltick                                  0x20000000   Data           4  tick_drv.o(.data)
    CH_UP                                    0x20000008   Data           4  rc.o(.data)
    CH_DOWN                                  0x2000000c   Data           4  rc.o(.data)
    Mouse_X_Last                             0x20000010   Data           4  rc.o(.data)
    Mouse_Y_Last                             0x20000014   Data           4  rc.o(.data)
    W_Chan                                   0x20000018   Data           4  rc.o(.data)
    S_Chan                                   0x2000001c   Data           4  rc.o(.data)
    A_Chan                                   0x20000020   Data           4  rc.o(.data)
    D_Chan                                   0x20000024   Data           4  rc.o(.data)
    rc                                       0x20000028   Data         448  rc.o(.data)
    led                                      0x200001e8   Data          12  led.o(.data)
    cap                                      0x200001f8   Data          68  cap.o(.data)
    bmi_client                               0x2000023c   Data          20  imu.o(.data)
    exInt                                    0x20000254   Data           4  imu.o(.data)
    eyInt                                    0x20000258   Data           4  imu.o(.data)
    ezInt                                    0x2000025c   Data           4  imu.o(.data)
    imu                                      0x20000260   Data         304  imu.o(.data)
    targetTest                               0x20000390   Data           4  motor.o(.data)
    SendBuffTest                             0x20000394   Data           8  motor.o(.data)
    motor                                    0x2000039c   Data        5040  motor.o(.data)
    test_speed_pid_param                     0x2000174c   Data          28  motor.o(.data)
    chassis_speed_pid_param                  0x20001768   Data          28  motor.o(.data)
    yaw_imu_out_pid_param                    0x20001784   Data          28  motor.o(.data)
    yaw_imu_inn_pid_param                    0x200017a0   Data          28  motor.o(.data)
    pit_imu_out_pid_param                    0x200017bc   Data          28  motor.o(.data)
    pit_imu_inn_pid_param                    0x200017d8   Data          28  motor.o(.data)
    master                                   0x200017f4   Data          64  master.o(.data)
    CRC_INIT                                 0x20001834   Data           2  crc.o(.data)
    judge                                    0x20001838   Data         212  judge.o(.data)
    vision                                   0x2000190c   Data         112  vision.o(.data)
    bmi270_map_int                           0x2000197c   Data          16  bmi270.o(.data)
    btick                                    0x20001990   Data           4  common.o(.data)
    MonitorTaskHandle                        0x20001994   Data           4  freertos.o(.data)
    CommunityTaskHandle                      0x20001998   Data           4  freertos.o(.data)
    ControlTaskHandle                        0x2000199c   Data           4  freertos.o(.data)
    uwTickFreq                               0x200019a4   Data           1  stm32f4xx_hal.o(.data)
    uwTickPrio                               0x200019a8   Data           4  stm32f4xx_hal.o(.data)
    uwTick                                   0x200019ac   Data           4  stm32f4xx_hal.o(.data)
    SystemCoreClock                          0x200019b0   Data           4  system_stm32f4xx.o(.data)
    pxCurrentTCB                             0x200019b4   Data           4  tasks.o(.data)
    __microlib_freelist                      0x20001a1c   Data           4  mvars.o(.data)
    __microlib_freelist_initialised          0x20001a20   Data           4  mvars.o(.data)
    hcan1RxFrame                             0x20001a24   Data          36  can_drv.o(.bss)
    hcan2RxFrame                             0x20001a48   Data          36  can_drv.o(.bss)
    hcan1TxFrame                             0x20001a6c   Data          32  can_drv.o(.bss)
    hcan2TxFrame                             0x20001a8c   Data          32  can_drv.o(.bss)
    hcan1RmFrame                             0x20001aac   Data          24  can_drv.o(.bss)
    hcan2RmFrame                             0x20001ac4   Data          24  can_drv.o(.bss)
    usart1_dma_rxbuf                         0x20001adc   Data         350  uart_drv.o(.bss)
    usart2_dma_rxbuf                         0x20001c3a   Data          48  uart_drv.o(.bss)
    usart3_dma_rxbuf                         0x20001c6a   Data         350  uart_drv.o(.bss)
    usart4_dma_rxbuf                         0x20001dc8   Data         350  uart_drv.o(.bss)
    usart5_dma_rxbuf                         0x20001f26   Data         350  uart_drv.o(.bss)
    bmi270                                   0x20002088   Data         104  imu.o(.bss)
    hcan1                                    0x20002344   Data          40  can.o(.bss)
    hcan2                                    0x2000236c   Data          40  can.o(.bss)
    hiwdg                                    0x20002394   Data          12  iwdg.o(.bss)
    hspi2                                    0x200023a0   Data          88  spi.o(.bss)
    htim1                                    0x200023f8   Data          72  tim.o(.bss)
    htim4                                    0x20002440   Data          72  tim.o(.bss)
    huart4                                   0x20002488   Data          68  usart.o(.bss)
    huart5                                   0x200024cc   Data          68  usart.o(.bss)
    huart1                                   0x20002510   Data          68  usart.o(.bss)
    huart2                                   0x20002554   Data          68  usart.o(.bss)
    huart3                                   0x20002598   Data          68  usart.o(.bss)
    hdma_uart4_rx                            0x200025dc   Data          96  usart.o(.bss)
    hdma_uart4_tx                            0x2000263c   Data          96  usart.o(.bss)
    hdma_uart5_rx                            0x2000269c   Data          96  usart.o(.bss)
    hdma_uart5_tx                            0x200026fc   Data          96  usart.o(.bss)
    hdma_usart1_rx                           0x2000275c   Data          96  usart.o(.bss)
    hdma_usart1_tx                           0x200027bc   Data          96  usart.o(.bss)
    hdma_usart2_rx                           0x2000281c   Data          96  usart.o(.bss)
    hdma_usart3_rx                           0x2000287c   Data          96  usart.o(.bss)
    hdma_usart3_tx                           0x200028dc   Data          96  usart.o(.bss)
    htim2                                    0x2000293c   Data          72  stm32f4xx_hal_timebase_tim.o(.bss)
    __heap_base                              0x20006678   Data           0  startup_stm32f407xx.o(HEAP)
    __heap_limit                             0x20006878   Data           0  startup_stm32f407xx.o(HEAP)
    __initial_sp                             0x20006c78   Data           0  startup_stm32f407xx.o(STACK)



==============================================================================

Memory Map of the image

  Image Entry point : 0x08000189

  Load Region LR_IROM1 (Base: 0x08000000, Size: 0x0000dd40, Max: 0x00080000, ABSOLUTE, COMPRESSED[0x0000c4bc])

    Execution Region ER_IROM1 (Exec base: 0x08000000, Load base: 0x08000000, Size: 0x0000c31c, Max: 0x00080000, ABSOLUTE)

    Exec Addr    Load Addr    Size         Type   Attr      Idx    E Section Name        Object

    0x08000000   0x08000000   0x00000188   Data   RO         5936    RESET               startup_stm32f407xx.o
    0x08000188   0x08000188   0x00000000   Code   RO        11085  * .ARM.Collect$$$$00000000  mc_w.l(entry.o)
    0x08000188   0x08000188   0x00000004   Code   RO        11177    .ARM.Collect$$$$00000001  mc_w.l(entry2.o)
    0x0800018c   0x0800018c   0x00000004   Code   RO        11180    .ARM.Collect$$$$00000004  mc_w.l(entry5.o)
    0x08000190   0x08000190   0x00000000   Code   RO        11182    .ARM.Collect$$$$00000008  mc_w.l(entry7b.o)
    0x08000190   0x08000190   0x00000000   Code   RO        11184    .ARM.Collect$$$$0000000A  mc_w.l(entry8b.o)
    0x08000190   0x08000190   0x00000008   Code   RO        11185    .ARM.Collect$$$$0000000B  mc_w.l(entry9a.o)
    0x08000198   0x08000198   0x00000004   Code   RO        11192    .ARM.Collect$$$$0000000E  mc_w.l(entry12b.o)
    0x0800019c   0x0800019c   0x00000000   Code   RO        11187    .ARM.Collect$$$$0000000F  mc_w.l(entry10a.o)
    0x0800019c   0x0800019c   0x00000000   Code   RO        11189    .ARM.Collect$$$$00000011  mc_w.l(entry11a.o)
    0x0800019c   0x0800019c   0x00000004   Code   RO        11178    .ARM.Collect$$$$00002712  mc_w.l(entry2.o)
    0x080001a0   0x080001a0   0x000000be   Code   RO        10946    .emb_text           port.o
    0x0800025e   0x0800025e   0x00000002   PAD
    0x08000260   0x08000260   0x00000024   Code   RO         5937    .text               startup_stm32f407xx.o
    0x08000284   0x08000284   0x00000062   Code   RO        11088    .text               mc_w.l(uldiv.o)
    0x080002e6   0x080002e6   0x0000001e   Code   RO        11092    .text               mc_w.l(llshl.o)
    0x08000304   0x08000304   0x00000024   Code   RO        11096    .text               mc_w.l(memcpya.o)
    0x08000328   0x08000328   0x00000024   Code   RO        11100    .text               mc_w.l(memseta.o)
    0x0800034c   0x0800034c   0x00000020   Code   RO        11193    .text               mc_w.l(llushr.o)
    0x0800036c   0x0800036c   0x00000024   Code   RO        11221    .text               mc_w.l(init.o)
    0x08000390   0x08000390   0x00000056   Code   RO        11231    .text               mc_w.l(__dczerorl2.o)
    0x080003e6   0x080003e6   0x00000002   PAD
    0x080003e8   0x080003e8   0x00000274   Code   RO         4144    i.AccGyr_2_EulerAngle  imu.o
    0x0800065c   0x0800065c   0x00000002   Code   RO         6405    i.BusFault_Handler  stm32f4xx_it.o
    0x0800065e   0x0800065e   0x00000002   PAD
    0x08000660   0x08000660   0x00000028   Code   RO         3709    i.CAN1_Init         can_drv.o
    0x08000688   0x08000688   0x0000000c   Code   RO         6406    i.CAN1_RX0_IRQHandler  stm32f4xx_it.o
    0x08000694   0x08000694   0x00000010   Code   RO         3711    i.CAN1_SendData     can_drv.o
    0x080006a4   0x080006a4   0x0000001c   Code   RO         4413    i.CAN1_rxDataHandler  can_potocal.o
    0x080006c0   0x080006c0   0x00000028   Code   RO         3714    i.CAN2_Init         can_drv.o
    0x080006e8   0x080006e8   0x0000000c   Code   RO         6407    i.CAN2_RX0_IRQHandler  stm32f4xx_it.o
    0x080006f4   0x080006f4   0x00000010   Code   RO         3716    i.CAN2_SendData     can_drv.o
    0x08000704   0x08000704   0x0000002c   Code   RO         4414    i.CAN2_rxDataHandler  can_potocal.o
    0x08000730   0x08000730   0x0000001a   Code   RO         3719    i.CAN_Filter_ParamsInit  can_drv.o
    0x0800074a   0x0800074a   0x00000002   PAD
    0x0800074c   0x0800074c   0x00000058   Code   RO         3721    i.CAN_Rx_Callback   can_drv.o
    0x080007a4   0x080007a4   0x0000006c   Code   RO         3722    i.CAN_SendData      can_drv.o
    0x08000810   0x08000810   0x00000058   Code   RO         4092    i.CAP_rxMessage     cap.o
    0x08000868   0x08000868   0x0000000e   Code   RO         4093    i.CAP_setBuff0x2E   cap.o
    0x08000876   0x08000876   0x00000012   Code   RO         4094    i.CAP_setBuff0x2F   cap.o
    0x08000888   0x08000888   0x00000056   Code   RO         4095    i.CAP_setMessage    cap.o
    0x080008de   0x080008de   0x00000002   PAD
    0x080008e0   0x080008e0   0x0000000c   Code   RO         6408    i.DMA1_Stream0_IRQHandler  stm32f4xx_it.o
    0x080008ec   0x080008ec   0x0000000c   Code   RO         6409    i.DMA1_Stream1_IRQHandler  stm32f4xx_it.o
    0x080008f8   0x080008f8   0x0000000c   Code   RO         6410    i.DMA1_Stream2_IRQHandler  stm32f4xx_it.o
    0x08000904   0x08000904   0x0000000c   Code   RO         6411    i.DMA1_Stream3_IRQHandler  stm32f4xx_it.o
    0x08000910   0x08000910   0x0000000c   Code   RO         6412    i.DMA1_Stream4_IRQHandler  stm32f4xx_it.o
    0x0800091c   0x0800091c   0x0000000c   Code   RO         6413    i.DMA1_Stream5_IRQHandler  stm32f4xx_it.o
    0x08000928   0x08000928   0x0000000c   Code   RO         6414    i.DMA1_Stream7_IRQHandler  stm32f4xx_it.o
    0x08000934   0x08000934   0x0000000c   Code   RO         6415    i.DMA2_Stream2_IRQHandler  stm32f4xx_it.o
    0x08000940   0x08000940   0x0000000c   Code   RO         6416    i.DMA2_Stream7_IRQHandler  stm32f4xx_it.o
    0x0800094c   0x0800094c   0x00000244   Code   RO         3834    i.DMAEx_MultiBufferStart_NoIT  uart_drv.o
    0x08000b90   0x08000b90   0x00000028   Code   RO         7339    i.DMA_CalcBaseAndBitshift  stm32f4xx_hal_dma.o
    0x08000bb8   0x08000bb8   0x00000054   Code   RO         7340    i.DMA_CheckFifoParam  stm32f4xx_hal_dma.o
    0x08000c0c   0x08000c0c   0x00000028   Code   RO         7341    i.DMA_SetConfig     stm32f4xx_hal_dma.o
    0x08000c34   0x08000c34   0x00000062   Code   RO         3835    i.DMA_Start         uart_drv.o
    0x08000c96   0x08000c96   0x00000014   Code   RO         3836    i.DRV_UART_IRQHandler  uart_drv.o
    0x08000caa   0x08000caa   0x00000002   Code   RO         6417    i.DebugMon_Handler  stm32f4xx_it.o
    0x08000cac   0x08000cac   0x00000108   Code   RO         4558    i.Determine_ID      judge.o
    0x08000db4   0x08000db4   0x00000088   Code   RO         4145    i.Difference_2_WorldGyro  imu.o
    0x08000e3c   0x08000e3c   0x00000004   Code   RO         5944    i.Error_Handler     main.o
    0x08000e40   0x08000e40   0x00000010   Code   RO         3953    i.FirstGetInto_KEY_PRESS  rc.o
    0x08000e50   0x08000e50   0x0000002c   Code   RO         4499    i.Get_CRC16_Check_Sum  crc.o
    0x08000e7c   0x08000e7c   0x00000020   Code   RO         4500    i.Get_CRC8_Check_Sum  crc.o
    0x08000e9c   0x08000e9c   0x00000024   Code   RO         6647    i.HAL_CAN_ActivateNotification  stm32f4xx_hal_can.o
    0x08000ec0   0x08000ec0   0x000000dc   Code   RO         6648    i.HAL_CAN_AddTxMessage  stm32f4xx_hal_can.o
    0x08000f9c   0x08000f9c   0x0000010c   Code   RO         6649    i.HAL_CAN_ConfigFilter  stm32f4xx_hal_can.o
    0x080010a8   0x080010a8   0x00000002   Code   RO         6652    i.HAL_CAN_ErrorCallback  stm32f4xx_hal_can.o
    0x080010aa   0x080010aa   0x000000e8   Code   RO         6655    i.HAL_CAN_GetRxMessage  stm32f4xx_hal_can.o
    0x08001192   0x08001192   0x000001fc   Code   RO         6659    i.HAL_CAN_IRQHandler  stm32f4xx_hal_can.o
    0x0800138e   0x0800138e   0x0000011a   Code   RO         6660    i.HAL_CAN_Init      stm32f4xx_hal_can.o
    0x080014a8   0x080014a8   0x000000fc   Code   RO         6144    i.HAL_CAN_MspInit   can.o
    0x080015a4   0x080015a4   0x00000002   Code   RO         6667    i.HAL_CAN_RxFifo0FullCallback  stm32f4xx_hal_can.o
    0x080015a6   0x080015a6   0x00000002   PAD
    0x080015a8   0x080015a8   0x0000001c   Code   RO         3725    i.HAL_CAN_RxFifo0MsgPendingCallback  can_drv.o
    0x080015c4   0x080015c4   0x00000002   Code   RO         6669    i.HAL_CAN_RxFifo1FullCallback  stm32f4xx_hal_can.o
    0x080015c6   0x080015c6   0x00000002   Code   RO         6670    i.HAL_CAN_RxFifo1MsgPendingCallback  stm32f4xx_hal_can.o
    0x080015c8   0x080015c8   0x00000002   Code   RO         6671    i.HAL_CAN_SleepCallback  stm32f4xx_hal_can.o
    0x080015ca   0x080015ca   0x00000002   PAD
    0x080015cc   0x080015cc   0x00000058   Code   RO         6672    i.HAL_CAN_Start     stm32f4xx_hal_can.o
    0x08001624   0x08001624   0x00000002   Code   RO         6674    i.HAL_CAN_TxMailbox0AbortCallback  stm32f4xx_hal_can.o
    0x08001626   0x08001626   0x00000002   Code   RO         6675    i.HAL_CAN_TxMailbox0CompleteCallback  stm32f4xx_hal_can.o
    0x08001628   0x08001628   0x00000002   Code   RO         6676    i.HAL_CAN_TxMailbox1AbortCallback  stm32f4xx_hal_can.o
    0x0800162a   0x0800162a   0x00000002   Code   RO         6677    i.HAL_CAN_TxMailbox1CompleteCallback  stm32f4xx_hal_can.o
    0x0800162c   0x0800162c   0x00000002   Code   RO         6678    i.HAL_CAN_TxMailbox2AbortCallback  stm32f4xx_hal_can.o
    0x0800162e   0x0800162e   0x00000002   Code   RO         6679    i.HAL_CAN_TxMailbox2CompleteCallback  stm32f4xx_hal_can.o
    0x08001630   0x08001630   0x00000002   Code   RO         6681    i.HAL_CAN_WakeUpFromRxMsgCallback  stm32f4xx_hal_can.o
    0x08001632   0x08001632   0x00000092   Code   RO         7342    i.HAL_DMA_Abort     stm32f4xx_hal_dma.o
    0x080016c4   0x080016c4   0x00000024   Code   RO         7343    i.HAL_DMA_Abort_IT  stm32f4xx_hal_dma.o
    0x080016e8   0x080016e8   0x000001a0   Code   RO         7347    i.HAL_DMA_IRQHandler  stm32f4xx_hal_dma.o
    0x08001888   0x08001888   0x000000d4   Code   RO         7348    i.HAL_DMA_Init      stm32f4xx_hal_dma.o
    0x0800195c   0x0800195c   0x0000006e   Code   RO         7352    i.HAL_DMA_Start_IT  stm32f4xx_hal_dma.o
    0x080019ca   0x080019ca   0x00000002   PAD
    0x080019cc   0x080019cc   0x00000024   Code   RO         7761    i.HAL_Delay         stm32f4xx_hal.o
    0x080019f0   0x080019f0   0x000001f0   Code   RO         7235    i.HAL_GPIO_Init     stm32f4xx_hal_gpio.o
    0x08001be0   0x08001be0   0x00000010   Code   RO         7238    i.HAL_GPIO_TogglePin  stm32f4xx_hal_gpio.o
    0x08001bf0   0x08001bf0   0x0000000a   Code   RO         7239    i.HAL_GPIO_WritePin  stm32f4xx_hal_gpio.o
    0x08001bfa   0x08001bfa   0x00000002   PAD
    0x08001bfc   0x08001bfc   0x0000000c   Code   RO         7767    i.HAL_GetTick       stm32f4xx_hal.o
    0x08001c08   0x08001c08   0x0000005a   Code   RO         8012    i.HAL_IWDG_Init     stm32f4xx_hal_iwdg.o
    0x08001c62   0x08001c62   0x0000000c   Code   RO         8013    i.HAL_IWDG_Refresh  stm32f4xx_hal_iwdg.o
    0x08001c6e   0x08001c6e   0x00000002   PAD
    0x08001c70   0x08001c70   0x00000010   Code   RO         7773    i.HAL_IncTick       stm32f4xx_hal.o
    0x08001c80   0x08001c80   0x00000034   Code   RO         7774    i.HAL_Init          stm32f4xx_hal.o
    0x08001cb4   0x08001cb4   0x00000098   Code   RO         6607    i.HAL_InitTick      stm32f4xx_hal_timebase_tim.o
    0x08001d4c   0x08001d4c   0x00000038   Code   RO         6583    i.HAL_MspInit       stm32f4xx_hal_msp.o
    0x08001d84   0x08001d84   0x0000001a   Code   RO         7624    i.HAL_NVIC_EnableIRQ  stm32f4xx_hal_cortex.o
    0x08001d9e   0x08001d9e   0x00000002   PAD
    0x08001da0   0x08001da0   0x00000040   Code   RO         7630    i.HAL_NVIC_SetPriority  stm32f4xx_hal_cortex.o
    0x08001de0   0x08001de0   0x00000024   Code   RO         7631    i.HAL_NVIC_SetPriorityGrouping  stm32f4xx_hal_cortex.o
    0x08001e04   0x08001e04   0x00000134   Code   RO         6881    i.HAL_RCC_ClockConfig  stm32f4xx_hal_rcc.o
    0x08001f38   0x08001f38   0x00000040   Code   RO         6885    i.HAL_RCC_GetClockConfig  stm32f4xx_hal_rcc.o
    0x08001f78   0x08001f78   0x00000020   Code   RO         6888    i.HAL_RCC_GetPCLK1Freq  stm32f4xx_hal_rcc.o
    0x08001f98   0x08001f98   0x00000020   Code   RO         6889    i.HAL_RCC_GetPCLK2Freq  stm32f4xx_hal_rcc.o
    0x08001fb8   0x08001fb8   0x00000064   Code   RO         6890    i.HAL_RCC_GetSysClockFreq  stm32f4xx_hal_rcc.o
    0x0800201c   0x0800201c   0x0000036c   Code   RO         6893    i.HAL_RCC_OscConfig  stm32f4xx_hal_rcc.o
    0x08002388   0x08002388   0x000000bc   Code   RO         8053    i.HAL_SPI_Init      stm32f4xx_hal_spi.o
    0x08002444   0x08002444   0x0000006c   Code   RO         6250    i.HAL_SPI_MspInit   spi.o
    0x080024b0   0x080024b0   0x0000015a   Code   RO         8056    i.HAL_SPI_Receive   stm32f4xx_hal_spi.o
    0x0800260a   0x0800260a   0x00000166   Code   RO         8061    i.HAL_SPI_Transmit  stm32f4xx_hal_spi.o
    0x08002770   0x08002770   0x000001e2   Code   RO         8062    i.HAL_SPI_TransmitReceive  stm32f4xx_hal_spi.o
    0x08002952   0x08002952   0x00000002   Code   RO         9070    i.HAL_TIMEx_BreakCallback  stm32f4xx_hal_tim_ex.o
    0x08002954   0x08002954   0x00000002   Code   RO         9071    i.HAL_TIMEx_CommutCallback  stm32f4xx_hal_tim_ex.o
    0x08002956   0x08002956   0x00000002   PAD
    0x08002958   0x08002958   0x00000090   Code   RO         9089    i.HAL_TIMEx_MasterConfigSynchronization  stm32f4xx_hal_tim_ex.o
    0x080029e8   0x080029e8   0x0000005a   Code   RO         8366    i.HAL_TIM_Base_Init  stm32f4xx_hal_tim.o
    0x08002a42   0x08002a42   0x00000002   PAD
    0x08002a44   0x08002a44   0x00000098   Code   RO         6292    i.HAL_TIM_Base_MspInit  tim.o
    0x08002adc   0x08002adc   0x00000080   Code   RO         8371    i.HAL_TIM_Base_Start_IT  stm32f4xx_hal_tim.o
    0x08002b5c   0x08002b5c   0x000000dc   Code   RO         8375    i.HAL_TIM_ConfigClockSource  stm32f4xx_hal_tim.o
    0x08002c38   0x08002c38   0x00000002   Code   RO         8400    i.HAL_TIM_IC_CaptureCallback  stm32f4xx_hal_tim.o
    0x08002c3a   0x08002c3a   0x00000166   Code   RO         8414    i.HAL_TIM_IRQHandler  stm32f4xx_hal_tim.o
    0x08002da0   0x08002da0   0x00000002   Code   RO         8417    i.HAL_TIM_OC_DelayElapsedCallback  stm32f4xx_hal_tim.o
    0x08002da2   0x08002da2   0x00000002   Code   RO         8444    i.HAL_TIM_PWM_PulseFinishedCallback  stm32f4xx_hal_tim.o
    0x08002da4   0x08002da4   0x0000000e   Code   RO         5945    i.HAL_TIM_PeriodElapsedCallback  main.o
    0x08002db2   0x08002db2   0x00000002   Code   RO         8457    i.HAL_TIM_TriggerCallback  stm32f4xx_hal_tim.o
    0x08002db4   0x08002db4   0x00000002   Code   RO         9348    i.HAL_UARTEx_RxEventCallback  stm32f4xx_hal_uart.o
    0x08002db6   0x08002db6   0x00000002   Code   RO         9362    i.HAL_UART_ErrorCallback  stm32f4xx_hal_uart.o
    0x08002db8   0x08002db8   0x00000268   Code   RO         9365    i.HAL_UART_IRQHandler  stm32f4xx_hal_uart.o
    0x08003020   0x08003020   0x00000062   Code   RO         9366    i.HAL_UART_Init     stm32f4xx_hal_uart.o
    0x08003082   0x08003082   0x00000002   PAD
    0x08003084   0x08003084   0x00000404   Code   RO         6340    i.HAL_UART_MspInit  usart.o
    0x08003488   0x08003488   0x00000002   Code   RO         9372    i.HAL_UART_RxCpltCallback  stm32f4xx_hal_uart.o
    0x0800348a   0x0800348a   0x00000002   PAD
    0x0800348c   0x0800348c   0x0000008c   Code   RO         9375    i.HAL_UART_Transmit_DMA  stm32f4xx_hal_uart.o
    0x08003518   0x08003518   0x00000002   Code   RO         9377    i.HAL_UART_TxCpltCallback  stm32f4xx_hal_uart.o
    0x0800351a   0x0800351a   0x00000002   Code   RO         9378    i.HAL_UART_TxHalfCpltCallback  stm32f4xx_hal_uart.o
    0x0800351c   0x0800351c   0x00000002   Code   RO         6418    i.HardFault_Handler  stm32f4xx_it.o
    0x0800351e   0x0800351e   0x00000002   PAD
    0x08003520   0x08003520   0x00000040   Code   RO         3566    i.IIC_Ack           iic_drv.o
    0x08003560   0x08003560   0x0000008c   Code   RO         3567    i.IIC_Init          iic_drv.o
    0x080035ec   0x080035ec   0x00000040   Code   RO         3568    i.IIC_NAck          iic_drv.o
    0x0800362c   0x0800362c   0x00000068   Code   RO         3569    i.IIC_Read_Byte     iic_drv.o
    0x08003694   0x08003694   0x0000004c   Code   RO         3570    i.IIC_Read_Cicle    iic_drv.o
    0x080036e0   0x080036e0   0x00000060   Code   RO         3571    i.IIC_Send_Byte     iic_drv.o
    0x08003740   0x08003740   0x00000040   Code   RO         3572    i.IIC_Start         iic_drv.o
    0x08003780   0x08003780   0x00000044   Code   RO         3573    i.IIC_Stop          iic_drv.o
    0x080037c4   0x080037c4   0x00000054   Code   RO         3574    i.IIC_Wait_Ack      iic_drv.o
    0x08003818   0x08003818   0x0000004e   Code   RO         4146    i.IMU_Lpf           imu.o
    0x08003866   0x08003866   0x0000011e   Code   RO         4147    i.IMU_LpfCenter     imu.o
    0x08003984   0x08003984   0x0000005c   Code   RO         3682    i.Imu_SPI_Init      spi_drv.o
    0x080039e0   0x080039e0   0x00000062   Code   RO         3954    i.KEY_State_Judge   rc.o
    0x08003a42   0x08003a42   0x00000002   PAD
    0x08003a44   0x08003a44   0x00000010   Code   RO         4049    i.Led_All_Light     led.o
    0x08003a54   0x08003a54   0x00000028   Code   RO         4050    i.Led_All_Shine     led.o
    0x08003a7c   0x08003a7c   0x00000080   Code   RO         4051    i.Led_Running       led.o
    0x08003afc   0x08003afc   0x00000020   Code   RO         4344    i.MASTER_HeartBeat  master.o
    0x08003b1c   0x08003b1c   0x00000002   Code   RO         4345    i.MASTER_sendBuff   master.o
    0x08003b1e   0x08003b1e   0x00000002   PAD
    0x08003b20   0x08003b20   0x00000048   Code   RO         6145    i.MX_CAN1_Init      can.o
    0x08003b68   0x08003b68   0x00000048   Code   RO         6146    i.MX_CAN2_Init      can.o
    0x08003bb0   0x08003bb0   0x000000bc   Code   RO         6192    i.MX_DMA_Init       dma.o
    0x08003c6c   0x08003c6c   0x00000054   Code   RO         6042    i.MX_FREERTOS_Init  freertos.o
    0x08003cc0   0x08003cc0   0x0000008c   Code   RO         6015    i.MX_GPIO_Init      gpio.o
    0x08003d4c   0x08003d4c   0x0000002c   Code   RO         6219    i.MX_IWDG_Init      iwdg.o
    0x08003d78   0x08003d78   0x00000048   Code   RO         6251    i.MX_SPI2_Init      spi.o
    0x08003dc0   0x08003dc0   0x0000006c   Code   RO         6293    i.MX_TIM1_Init      tim.o
    0x08003e2c   0x08003e2c   0x00000068   Code   RO         6294    i.MX_TIM4_Init      tim.o
    0x08003e94   0x08003e94   0x00000038   Code   RO         6341    i.MX_UART4_Init     usart.o
    0x08003ecc   0x08003ecc   0x00000038   Code   RO         6342    i.MX_UART5_Init     usart.o
    0x08003f04   0x08003f04   0x00000038   Code   RO         6343    i.MX_USART1_UART_Init  usart.o
    0x08003f3c   0x08003f3c   0x00000040   Code   RO         6344    i.MX_USART2_UART_Init  usart.o
    0x08003f7c   0x08003f7c   0x00000038   Code   RO         6345    i.MX_USART3_UART_Init  usart.o
    0x08003fb4   0x08003fb4   0x00000002   Code   RO         6419    i.MemManage_Handler  stm32f4xx_it.o
    0x08003fb6   0x08003fb6   0x00000002   Code   RO         6420    i.NMI_Handler       stm32f4xx_it.o
    0x08003fb8   0x08003fb8   0x0000001a   Code   RO         4148    i.QuaternionGyr_2_WorldGyro  imu.o
    0x08003fd2   0x08003fd2   0x00000022   Code   RO         3955    i.RC_DeathZoom      rc.o
    0x08003ff4   0x08003ff4   0x000000f8   Code   RO         3956    i.RC_Key2Channel    rc.o
    0x080040ec   0x080040ec   0x00000154   Code   RO         3957    i.RC_KeyMouseReceive  rc.o
    0x08004240   0x08004240   0x000000f8   Code   RO         3958    i.RC_Mouse_Speed    rc.o
    0x08004338   0x08004338   0x00000008   Code   RO         3959    i.RC_ResetData      rc.o
    0x08004340   0x08004340   0x0000009c   Code   RO         3960    i.RC_ResetJudge     rc.o
    0x080043dc   0x080043dc   0x00000038   Code   RO         3961    i.RC_SF             rc.o
    0x08004414   0x08004414   0x00000050   Code   RO         4288    i.RM_MotorCAN1      motor.o
    0x08004464   0x08004464   0x00000030   Code   RO         4289    i.RM_MotorCAN2      motor.o
    0x08004494   0x08004494   0x00000048   Code   RO         4291    i.RM_MotorHeartBeat  motor.o
    0x080044dc   0x080044dc   0x000000c4   Code   RO         4292    i.RM_MotorInit      motor.o
    0x080045a0   0x080045a0   0x0000002c   Code   RO         2592    i.RP_IMU_INIT       rp_init.o
    0x080045cc   0x080045cc   0x0000004c   Code   RO         2593    i.RP_INIT           rp_init.o
    0x08004618   0x08004618   0x0000009e   Code   RO         4150    i.RP_QuaternionMartix_LeftMult  imu.o
    0x080046b6   0x080046b6   0x0000009e   Code   RO         4151    i.RP_QuaternionMartix_RightMult  imu.o
    0x08004754   0x08004754   0x00000038   Code   RO         4153    i.RotationTransform_IMU2Pose  imu.o
    0x0800478c   0x0800478c   0x0000005c   Code   RO         8090    i.SPI_EndRxTransaction  stm32f4xx_hal_spi.o
    0x080047e8   0x080047e8   0x00000058   Code   RO         8091    i.SPI_EndRxTxTransaction  stm32f4xx_hal_spi.o
    0x08004840   0x08004840   0x000000b8   Code   RO         8096    i.SPI_WaitFlagStateUntilTimeout  stm32f4xx_hal_spi.o
    0x080048f8   0x080048f8   0x00000048   Code   RO         3962    i.Sim_Channel       rc.o
    0x08004940   0x08004940   0x00000038   Code   RO         2941    i.StartCommunityTask  tasks_center.o
    0x08004978   0x08004978   0x00000014   Code   RO         2942    i.StartControlTask  tasks_center.o
    0x0800498c   0x0800498c   0x0000006c   Code   RO         2943    i.StartMonitorTask  tasks_center.o
    0x080049f8   0x080049f8   0x0000002c   Code   RO        10947    i.SysTick_Handler   port.o
    0x08004a24   0x08004a24   0x0000009c   Code   RO         5946    i.SystemClock_Config  main.o
    0x08004ac0   0x08004ac0   0x00000010   Code   RO         9695    i.SystemInit        system_stm32f4xx.o
    0x08004ad0   0x08004ad0   0x0000000c   Code   RO         6421    i.TIM2_IRQHandler   stm32f4xx_it.o
    0x08004adc   0x08004adc   0x0000000c   Code   RO         6422    i.TIM4_IRQHandler   stm32f4xx_it.o
    0x08004ae8   0x08004ae8   0x000000c8   Code   RO         8459    i.TIM_Base_SetConfig  stm32f4xx_hal_tim.o
    0x08004bb0   0x08004bb0   0x00000014   Code   RO         8470    i.TIM_ETR_SetConfig  stm32f4xx_hal_tim.o
    0x08004bc4   0x08004bc4   0x00000010   Code   RO         8471    i.TIM_ITRx_SetConfig  stm32f4xx_hal_tim.o
    0x08004bd4   0x08004bd4   0x00000022   Code   RO         8477    i.TIM_TI1_ConfigInputStage  stm32f4xx_hal_tim.o
    0x08004bf6   0x08004bf6   0x00000024   Code   RO         8479    i.TIM_TI2_ConfigInputStage  stm32f4xx_hal_tim.o
    0x08004c1a   0x08004c1a   0x00000002   PAD
    0x08004c1c   0x08004c1c   0x00000018   Code   RO         6423    i.UART4_IRQHandler  stm32f4xx_it.o
    0x08004c34   0x08004c34   0x00000018   Code   RO         6424    i.UART5_IRQHandler  stm32f4xx_it.o
    0x08004c4c   0x08004c4c   0x00000010   Code   RO         9379    i.UART_DMAAbortOnError  stm32f4xx_hal_uart.o
    0x08004c5c   0x08004c5c   0x0000004a   Code   RO         9380    i.UART_DMAError     stm32f4xx_hal_uart.o
    0x08004ca6   0x08004ca6   0x00000042   Code   RO         9385    i.UART_DMATransmitCplt  stm32f4xx_hal_uart.o
    0x08004ce8   0x08004ce8   0x0000000a   Code   RO         9387    i.UART_DMATxHalfCplt  stm32f4xx_hal_uart.o
    0x08004cf2   0x08004cf2   0x0000004e   Code   RO         9389    i.UART_EndRxTransfer  stm32f4xx_hal_uart.o
    0x08004d40   0x08004d40   0x0000001c   Code   RO         9390    i.UART_EndTxTransfer  stm32f4xx_hal_uart.o
    0x08004d5c   0x08004d5c   0x000000c0   Code   RO         9391    i.UART_Receive_IT   stm32f4xx_hal_uart.o
    0x08004e1c   0x08004e1c   0x00000050   Code   RO         3837    i.UART_Send         uart_drv.o
    0x08004e6c   0x08004e6c   0x0000010c   Code   RO         9392    i.UART_SetConfig    stm32f4xx_hal_uart.o
    0x08004f78   0x08004f78   0x00000018   Code   RO         6425    i.USART1_IRQHandler  stm32f4xx_it.o
    0x08004f90   0x08004f90   0x00000038   Code   RO         3838    i.USART1_Init       uart_drv.o
    0x08004fc8   0x08004fc8   0x00000010   Code   RO         4446    i.USART1_rxDataHandler  usart_potocal.o
    0x08004fd8   0x08004fd8   0x00000018   Code   RO         6426    i.USART2_IRQHandler  stm32f4xx_it.o
    0x08004ff0   0x08004ff0   0x0000003c   Code   RO         3840    i.USART2_Init       uart_drv.o
    0x0800502c   0x0800502c   0x00000010   Code   RO         4447    i.USART2_rxDataHandler  usart_potocal.o
    0x0800503c   0x0800503c   0x00000018   Code   RO         6427    i.USART3_IRQHandler  stm32f4xx_it.o
    0x08005054   0x08005054   0x00000038   Code   RO         3842    i.USART3_Init       uart_drv.o
    0x0800508c   0x0800508c   0x00000002   Code   RO         4448    i.USART3_rxDataHandler  usart_potocal.o
    0x0800508e   0x0800508e   0x00000002   PAD
    0x08005090   0x08005090   0x00000038   Code   RO         3844    i.USART4_Init       uart_drv.o
    0x080050c8   0x080050c8   0x00000002   Code   RO         4449    i.USART4_rxDataHandler  usart_potocal.o
    0x080050ca   0x080050ca   0x00000002   PAD
    0x080050cc   0x080050cc   0x00000038   Code   RO         3846    i.USART5_Init       uart_drv.o
    0x08005104   0x08005104   0x00000010   Code   RO         4450    i.USART5_rxDataHandler  usart_potocal.o
    0x08005114   0x08005114   0x00000002   Code   RO         6428    i.UsageFault_Handler  stm32f4xx_it.o
    0x08005116   0x08005116   0x00000002   PAD
    0x08005118   0x08005118   0x0000003c   Code   RO         4501    i.Verify_CRC16_Check_Sum  crc.o
    0x08005154   0x08005154   0x0000002a   Code   RO         4502    i.Verify_CRC8_Check_Sum  crc.o
    0x0800517e   0x0800517e   0x00000020   Code   RO         7637    i.__NVIC_SetPriority  stm32f4xx_hal_cortex.o
    0x0800519e   0x0800519e   0x0000000e   Code   RO        11225    i.__scatterload_copy  mc_w.l(handlers.o)
    0x080051ac   0x080051ac   0x00000002   Code   RO        11226    i.__scatterload_null  mc_w.l(handlers.o)
    0x080051ae   0x080051ae   0x0000000e   Code   RO        11227    i.__scatterload_zeroinit  mc_w.l(handlers.o)
    0x080051bc   0x080051bc   0x0000021c   Code   RO            4    i.arm_atan2_f32     arm_atan2_f32.o
    0x080053d8   0x080053d8   0x00000084   Code   RO           73    i.arm_cos_f32       arm_cos_f32.o
    0x0800545c   0x0800545c   0x00000080   Code   RO          224    i.arm_sin_f32       arm_sin_f32.o
    0x080054dc   0x080054dc   0x00000086   Code   RO         5606    i.bmi270_get_sensor_config  bmi270.o
    0x08005562   0x08005562   0x00000002   PAD
    0x08005564   0x08005564   0x00000074   Code   RO         5607    i.bmi270_init       bmi270.o
    0x080055d8   0x080055d8   0x0000007e   Code   RO         5611    i.bmi270_sensor_enable  bmi270.o
    0x08005656   0x08005656   0x00000082   Code   RO         5612    i.bmi270_set_sensor_config  bmi270.o
    0x080056d8   0x080056d8   0x00000018   Code   RO         5853    i.bmi2_delay        common.o
    0x080056f0   0x080056f0   0x00000018   Code   RO         5854    i.bmi2_delay_us     common.o
    0x08005708   0x08005708   0x00000002   Code   RO         5855    i.bmi2_error_codes_print_result  common.o
    0x0800570a   0x0800570a   0x00000036   Code   RO         4879    i.bmi2_extract_input_feat_config  bmi2.o
    0x08005740   0x08005740   0x000000a0   Code   RO         4882    i.bmi2_get_feat_config  bmi2.o
    0x080057e0   0x080057e0   0x00000084   Code   RO         4883    i.bmi2_get_feature_data  bmi2.o
    0x08005864   0x08005864   0x00000040   Code   RO         4890    i.bmi2_get_gyro_cross_sense  bmi2.o
    0x080058a4   0x080058a4   0x00000034   Code   RO         4893    i.bmi2_get_internal_status  bmi2.o
    0x080058d8   0x080058d8   0x0000007e   Code   RO         4894    i.bmi2_get_regs     bmi2.o
    0x08005956   0x08005956   0x000000b6   Code   RO         4896    i.bmi2_get_sensor_config  bmi2.o
    0x08005a0c   0x08005a0c   0x00000026   Code   RO         4898    i.bmi2_get_status   bmi2.o
    0x08005a32   0x08005a32   0x00000002   PAD
    0x08005a34   0x08005a34   0x00000064   Code   RO         5856    i.bmi2_i2c_read     common.o
    0x08005a98   0x08005a98   0x00000054   Code   RO         5857    i.bmi2_i2c_write    common.o
    0x08005aec   0x08005aec   0x00000064   Code   RO         5858    i.bmi2_interface_init  common.o
    0x08005b50   0x08005b50   0x00000076   Code   RO         4899    i.bmi2_map_data_int  bmi2.o
    0x08005bc6   0x08005bc6   0x00000002   PAD
    0x08005bc8   0x08005bc8   0x00000024   Code   RO         5859    i.bmi2_micros       common.o
    0x08005bec   0x08005bec   0x00000078   Code   RO         4908    i.bmi2_sec_init     bmi2.o
    0x08005c64   0x08005c64   0x00000054   Code   RO         4911    i.bmi2_set_adv_power_save  bmi2.o
    0x08005cb8   0x08005cb8   0x0000006c   Code   RO         4921    i.bmi2_set_regs     bmi2.o
    0x08005d24   0x08005d24   0x000000aa   Code   RO         4923    i.bmi2_set_sensor_config  bmi2.o
    0x08005dce   0x08005dce   0x00000068   Code   RO         4924    i.bmi2_soft_reset   bmi2.o
    0x08005e36   0x08005e36   0x00000002   PAD
    0x08005e38   0x08005e38   0x00000050   Code   RO         5860    i.bmi2_spi_read     common.o
    0x08005e88   0x08005e88   0x00000050   Code   RO         5861    i.bmi2_spi_write    common.o
    0x08005ed8   0x08005ed8   0x00000056   Code   RO         4926    i.bmi2_write_config_file  bmi2.o
    0x08005f2e   0x08005f2e   0x00000002   PAD
    0x08005f30   0x08005f30   0x00000034   Code   RO         4825    i.bmi_init          bmi.o
    0x08005f64   0x08005f64   0x00000024   Code   RO         4096    i.cap_heart_beat    cap.o
    0x08005f88   0x08005f88   0x0000003e   Code   RO         4929    i.cfg_error_status  bmi2.o
    0x08005fc6   0x08005fc6   0x00000030   Code   RO         4930    i.check_boundary_val  bmi2.o
    0x08005ff6   0x08005ff6   0x000000dc   Code   RO         4934    i.config_aux_interface  bmi2.o
    0x080060d2   0x080060d2   0x00000002   PAD
    0x080060d4   0x080060d4   0x00000018   Code   RO         3645    i.delay_us          tick_drv.o
    0x080060ec   0x080060ec   0x00000018   Code   RO         3848    i.dma_m0_rxcplt_callback  uart_drv.o
    0x08006104   0x08006104   0x00000018   Code   RO         3849    i.dma_m1_rxcplt_callback  uart_drv.o
    0x0800611c   0x0800611c   0x00000076   Code   RO         5616    i.enable_main_sensors  bmi270.o
    0x08006192   0x08006192   0x0000008c   Code   RO         5617    i.enable_sensor_features  bmi270.o
    0x0800621e   0x0800621e   0x00000036   Code   RO         4944    i.extract_output_feat_config  bmi2.o
    0x08006254   0x08006254   0x00000050   Code   RO        11104    i.free              mc_w.l(malloc.o)
    0x080062a4   0x080062a4   0x0000004e   Code   RO         4946    i.get_accel_config  bmi2.o
    0x080062f2   0x080062f2   0x0000007e   Code   RO         5619    i.get_any_motion_config  bmi270.o
    0x08006370   0x08006370   0x000000aa   Code   RO         4947    i.get_aux_config    bmi2.o
    0x0800641a   0x0800641a   0x00000076   Code   RO         5620    i.get_feat_config   bmi270.o
    0x08006490   0x08006490   0x0000005e   Code   RO         4948    i.get_gyro_config   bmi2.o
    0x080064ee   0x080064ee   0x00000072   Code   RO         4949    i.get_gyro_cross_sense  bmi2.o
    0x08006560   0x08006560   0x0000008a   Code   RO         4950    i.get_gyro_gain_update_config  bmi2.o
    0x080065ea   0x080065ea   0x00000068   Code   RO         4951    i.get_gyro_gain_update_status  bmi2.o
    0x08006652   0x08006652   0x0000007e   Code   RO         5621    i.get_no_motion_config  bmi270.o
    0x080066d0   0x080066d0   0x00000060   Code   RO         4682    i.get_rm_can_drvie  rm_motor.o
    0x08006730   0x08006730   0x00000094   Code   RO         4683    i.get_rm_info       rm_motor.o
    0x080067c4   0x080067c4   0x000000a2   Code   RO         5623    i.get_sig_motion_config  bmi270.o
    0x08006866   0x08006866   0x0000005a   Code   RO         5624    i.get_step_config   bmi270.o
    0x080068c0   0x080068c0   0x000000aa   Code   RO         5625    i.get_step_count_params_config  bmi270.o
    0x0800696a   0x0800696a   0x00000068   Code   RO         5628    i.get_wrist_gest_config  bmi270.o
    0x080069d2   0x080069d2   0x0000007c   Code   RO         5629    i.get_wrist_wear_wake_up_config  bmi270.o
    0x08006a4e   0x08006a4e   0x0000003c   Code   RO         4154    i.imu_half_cycle    imu.o
    0x08006a8a   0x08006a8a   0x0000002e   Code   RO         4155    i.imu_heart_beat    imu.o
    0x08006ab8   0x08006ab8   0x000000e4   Code   RO         4156    i.imu_iic_get_data  imu.o
    0x08006b9c   0x08006b9c   0x00000184   Code   RO         4157    i.imu_init          imu.o
    0x08006d20   0x08006d20   0x0000013c   Code   RO         4158    i.imu_spi_get_data  imu.o
    0x08006e5c   0x08006e5c   0x000001c0   Code   RO         4159    i.imu_updata        imu.o
    0x0800701c   0x0800701c   0x0000002c   Code   RO         4160    i.inVSqrt           imu.o
    0x08007048   0x08007048   0x00000026   Code   RO         4098    i.int16_to_float    cap.o
    0x0800706e   0x0800706e   0x00000008   Code   RO         4559    i.judge_sendBuff    judge.o
    0x08007076   0x08007076   0x00000020   Code   RO         4560    i.judge_sensor_heart_beat  judge.o
    0x08007096   0x08007096   0x0000000c   Code   RO         4561    i.judge_sensor_init  judge.o
    0x080070a2   0x080070a2   0x000001c4   Code   RO         4562    i.judge_sensor_update  judge.o
    0x08007266   0x08007266   0x00000026   Code   RO         4161    i.lsb_to_dps        imu.o
    0x0800728c   0x0800728c   0x00000034   Code   RO         4162    i.lsb_to_mps2       imu.o
    0x080072c0   0x080072c0   0x0000004a   Code   RO         5947    i.main              main.o
    0x0800730a   0x0800730a   0x0000000c   Code   RO        10512    i.makeFreeRtosPriority  cmsis_os.o
    0x08007316   0x08007316   0x00000002   PAD
    0x08007318   0x08007318   0x0000006c   Code   RO        11105    i.malloc            mc_w.l(malloc.o)
    0x08007384   0x08007384   0x00000020   Code   RO         4346    i.master_heart_beat  master.o
    0x080073a4   0x080073a4   0x00000054   Code   RO         4347    i.master_updata     master.o
    0x080073f8   0x080073f8   0x00000024   Code   RO         3646    i.micros            tick_drv.o
    0x0800741c   0x0800741c   0x0000002a   Code   RO         4684    i.motor_class_heartbeat  rm_motor.o
    0x08007446   0x08007446   0x00000002   PAD
    0x08007448   0x08007448   0x0000008c   Code   RO         4685    i.motor_class_init  rm_motor.o
    0x080074d4   0x080074d4   0x0000002c   Code   RO         4686    i.motor_class_pid_init  rm_motor.o
    0x08007500   0x08007500   0x0000002c   Code   RO         4687    i.motor_class_stucking_flag  rm_motor.o
    0x0800752c   0x0800752c   0x00000020   Code   RO         4688    i.motor_cycle       rm_motor.o
    0x0800754c   0x0800754c   0x0000003c   Code   RO         4689    i.motor_half_cycle  rm_motor.o
    0x08007588   0x08007588   0x00000032   Code   RO         4690    i.motor_judge_dir   rm_motor.o
    0x080075ba   0x080075ba   0x00000048   Code   RO         4691    i.motor_offset      rm_motor.o
    0x08007602   0x08007602   0x00000002   PAD
    0x08007604   0x08007604   0x00000050   Code   RO         4692    i.motor_pid_angle   rm_motor.o
    0x08007654   0x08007654   0x00000118   Code   RO         4693    i.motor_pid_cal     rm_motor.o
    0x0800776c   0x0800776c   0x0000016c   Code   RO         4694    i.motor_pid_ctrl    rm_motor.o
    0x080078d8   0x080078d8   0x00000008   Code   RO         4695    i.motor_pid_double  rm_motor.o
    0x080078e0   0x080078e0   0x00000024   Code   RO         4696    i.motor_pid_err     rm_motor.o
    0x08007904   0x08007904   0x0000003c   Code   RO         4697    i.motor_pid_position  rm_motor.o
    0x08007940   0x08007940   0x00000014   Code   RO         4698    i.motor_pid_single  rm_motor.o
    0x08007954   0x08007954   0x00000034   Code   RO         4699    i.motor_pid_speed   rm_motor.o
    0x08007988   0x08007988   0x00000018   Code   RO         4959    i.null_ptr_check    bmi2.o
    0x080079a0   0x080079a0   0x00000018   Code   RO         5630    i.null_ptr_check    bmi270.o
    0x080079b8   0x080079b8   0x0000000e   Code   RO        10514    i.osDelay           cmsis_os.o
    0x080079c6   0x080079c6   0x0000000a   Code   RO        10517    i.osKernelStart     cmsis_os.o
    0x080079d0   0x080079d0   0x00000054   Code   RO        10551    i.osThreadCreate    cmsis_os.o
    0x08007a24   0x08007a24   0x00000070   Code   RO        10194    i.prvAddCurrentTaskToDelayedList  tasks.o
    0x08007a94   0x08007a94   0x000000d0   Code   RO        10195    i.prvAddNewTaskToReadyList  tasks.o
    0x08007b64   0x08007b64   0x00000034   Code   RO        10196    i.prvDeleteTCB      tasks.o
    0x08007b98   0x08007b98   0x0000004c   Code   RO        10879    i.prvHeapInit       heap_4.o
    0x08007be4   0x08007be4   0x00000060   Code   RO        10197    i.prvIdleTask       tasks.o
    0x08007c44   0x08007c44   0x00000098   Code   RO        10198    i.prvInitialiseNewTask  tasks.o
    0x08007cdc   0x08007cdc   0x0000004c   Code   RO        10880    i.prvInsertBlockIntoFreeList  heap_4.o
    0x08007d28   0x08007d28   0x00000020   Code   RO        10199    i.prvResetNextTaskUnblockTime  tasks.o
    0x08007d48   0x08007d48   0x00000028   Code   RO        10948    i.prvTaskExitError  port.o
    0x08007d70   0x08007d70   0x000000dc   Code   RO        10881    i.pvPortMalloc      heap_4.o
    0x08007e4c   0x08007e4c   0x0000002c   Code   RO        10949    i.pxPortInitialiseStack  port.o
    0x08007e78   0x08007e78   0x00000028   Code   RO         3963    i.rc_heart_beat     rc.o
    0x08007ea0   0x08007ea0   0x00000014   Code   RO         3964    i.rc_init           rc.o
    0x08007eb4   0x08007eb4   0x00000160   Code   RO         3965    i.rc_updata         rc.o
    0x08008014   0x08008014   0x00000024   Code   RO         4700    i.rm_motor_rx       rm_motor.o
    0x08008038   0x08008038   0x0000005c   Code   RO         4701    i.rm_motor_tx       rm_motor.o
    0x08008094   0x08008094   0x000000c0   Code   RO         5631    i.select_sensor     bmi270.o
    0x08008154   0x08008154   0x00000098   Code   RO         4979    i.set_accel_config  bmi2.o
    0x080081ec   0x080081ec   0x0000006e   Code   RO         4826    i.set_accel_gyro_config  bmi.o
    0x0800825a   0x0800825a   0x00000070   Code   RO         5632    i.set_any_motion    bmi270.o
    0x080082ca   0x080082ca   0x000000ae   Code   RO         5633    i.set_any_motion_config  bmi270.o
    0x08008378   0x08008378   0x00000090   Code   RO         4981    i.set_aux_config    bmi2.o
    0x08008408   0x08008408   0x00000036   Code   RO         4982    i.set_config_load   bmi2.o
    0x0800843e   0x0800843e   0x00000076   Code   RO         5634    i.set_feat_config   bmi270.o
    0x080084b4   0x080084b4   0x000000ac   Code   RO         4983    i.set_gyro_config   bmi2.o
    0x08008560   0x08008560   0x0000006c   Code   RO         5635    i.set_gyro_self_offset_corr  bmi270.o
    0x080085cc   0x080085cc   0x00000070   Code   RO         5636    i.set_gyro_user_gain  bmi270.o
    0x0800863c   0x0800863c   0x000000a2   Code   RO         4984    i.set_gyro_user_gain_config  bmi2.o
    0x080086de   0x080086de   0x00000070   Code   RO         5637    i.set_no_motion     bmi270.o
    0x0800874e   0x0800874e   0x000000ae   Code   RO         5638    i.set_no_motion_config  bmi270.o
    0x080087fc   0x080087fc   0x00000070   Code   RO         5639    i.set_sig_motion    bmi270.o
    0x0800886c   0x0800886c   0x0000009e   Code   RO         5640    i.set_sig_motion_config  bmi270.o
    0x0800890a   0x0800890a   0x00000070   Code   RO         5641    i.set_step_activity  bmi270.o
    0x0800897a   0x0800897a   0x0000008a   Code   RO         5642    i.set_step_config   bmi270.o
    0x08008a04   0x08008a04   0x000000d4   Code   RO         5643    i.set_step_count_params_config  bmi270.o
    0x08008ad8   0x08008ad8   0x00000070   Code   RO         5644    i.set_step_counter  bmi270.o
    0x08008b48   0x08008b48   0x00000070   Code   RO         5645    i.set_step_detector  bmi270.o
    0x08008bb8   0x08008bb8   0x0000009c   Code   RO         5646    i.set_wrist_gest_config  bmi270.o
    0x08008c54   0x08008c54   0x0000006c   Code   RO         5647    i.set_wrist_gesture  bmi270.o
    0x08008cc0   0x08008cc0   0x0000006c   Code   RO         5648    i.set_wrist_wear_wake_up  bmi270.o
    0x08008d2c   0x08008d2c   0x000000ac   Code   RO         5649    i.set_wrist_wear_wake_up_config  bmi270.o
    0x08008dd8   0x08008dd8   0x000000f4   Code   RO         3850    i.uart_rx_idle_callback  uart_drv.o
    0x08008ecc   0x08008ecc   0x00000040   Code   RO         5001    i.upload_file       bmi2.o
    0x08008f0c   0x08008f0c   0x00000026   Code   RO         9833    i.uxListRemove      list.o
    0x08008f32   0x08008f32   0x00000002   PAD
    0x08008f34   0x08008f34   0x00000014   Code   RO         6046    i.vApplicationGetIdleTaskMemory  freertos.o
    0x08008f48   0x08008f48   0x00000016   Code   RO         9834    i.vListInitialise   list.o
    0x08008f5e   0x08008f5e   0x00000006   Code   RO         9835    i.vListInitialiseItem  list.o
    0x08008f64   0x08008f64   0x00000030   Code   RO         9836    i.vListInsert       list.o
    0x08008f94   0x08008f94   0x00000018   Code   RO         9837    i.vListInsertEnd    list.o
    0x08008fac   0x08008fac   0x00000040   Code   RO        10951    i.vPortEnterCritical  port.o
    0x08008fec   0x08008fec   0x00000028   Code   RO        10952    i.vPortExitCritical  port.o
    0x08009014   0x08009014   0x00000064   Code   RO        10882    i.vPortFree         heap_4.o
    0x08009078   0x08009078   0x00000024   Code   RO        10953    i.vPortSetupTimerInterrupt  port.o
    0x0800909c   0x0800909c   0x00000054   Code   RO        10954    i.vPortValidateInterruptPriority  port.o
    0x080090f0   0x080090f0   0x0000004c   Code   RO        10208    i.vTaskDelay        tasks.o
    0x0800913c   0x0800913c   0x0000006c   Code   RO        10221    i.vTaskStartScheduler  tasks.o
    0x080091a8   0x080091a8   0x00000010   Code   RO        10223    i.vTaskSuspendAll   tasks.o
    0x080091b8   0x080091b8   0x0000005c   Code   RO        10224    i.vTaskSwitchContext  tasks.o
    0x08009214   0x08009214   0x00000020   Code   RO         4614    i.vision_heart_beat  vision.o
    0x08009234   0x08009234   0x0000000c   Code   RO         4615    i.vision_init       vision.o
    0x08009240   0x08009240   0x00000008   Code   RO         4616    i.vision_sendBuff   vision.o
    0x08009248   0x08009248   0x0000009e   Code   RO         4617    i.vision_update     vision.o
    0x080092e6   0x080092e6   0x000000ba   Code   RO         5004    i.write_config_file  bmi2.o
    0x080093a0   0x080093a0   0x000000f4   Code   RO        10955    i.xPortStartScheduler  port.o
    0x08009494   0x08009494   0x0000005a   Code   RO        10227    i.xTaskCreate       tasks.o
    0x080094ee   0x080094ee   0x00000056   Code   RO        10228    i.xTaskCreateStatic  tasks.o
    0x08009544   0x08009544   0x00000010   Code   RO        10234    i.xTaskGetTickCountFromISR  tasks.o
    0x08009554   0x08009554   0x000000cc   Code   RO        10235    i.xTaskIncrementTick  tasks.o
    0x08009620   0x08009620   0x000000c4   Code   RO        10241    i.xTaskResumeAll    tasks.o
    0x080096e4   0x080096e4   0x00000028   Data   RO            5    .constdata          arm_atan2_f32.o
    0x0800970c   0x0800970c   0x00000804   Data   RO          787    .constdata          arm_common_tables.o
    0x08009f10   0x08009f10   0x00000300   Data   RO         4504    .constdata          crc.o
    0x0800a210   0x0800a210   0x00000006   Data   RO         5006    .constdata          bmi2.o
    0x0800a216   0x0800a216   0x00002048   Data   RO         5650    .constdata          bmi270.o
    0x0800c25e   0x0800c25e   0x00000002   PAD
    0x0800c260   0x0800c260   0x00000054   Data   RO         6048    .constdata          freertos.o
    0x0800c2b4   0x0800c2b4   0x00000008   Data   RO         7354    .constdata          stm32f4xx_hal_dma.o
    0x0800c2bc   0x0800c2bc   0x00000010   Data   RO         9696    .constdata          system_stm32f4xx.o
    0x0800c2cc   0x0800c2cc   0x00000008   Data   RO         9697    .constdata          system_stm32f4xx.o
    0x0800c2d4   0x0800c2d4   0x00000026   Data   RO         6049    .conststring        freertos.o
    0x0800c2fa   0x0800c2fa   0x00000002   PAD
    0x0800c2fc   0x0800c2fc   0x00000020   Data   RO        11223    Region$$Table       anon$$obj.o


    Execution Region RW_IRAM1 (Exec base: 0x20000000, Load base: 0x0800c31c, Size: 0x00006c78, Max: 0x0001c000, ABSOLUTE, COMPRESSED[0x000001a0])

    Exec Addr    Load Addr    Size         Type   Attr      Idx    E Section Name        Object

    0x20000000   COMPRESSED   0x00000004   Data   RW         3647    .data               tick_drv.o
    0x20000004   COMPRESSED   0x000001e4   Data   RW         3966    .data               rc.o
    0x200001e8   COMPRESSED   0x0000000c   Data   RW         4052    .data               led.o
    0x200001f4   COMPRESSED   0x00000004   Data   RW         4053    .data               led.o
    0x200001f8   COMPRESSED   0x00000044   Data   RW         4099    .data               cap.o
    0x2000023c   COMPRESSED   0x00000014   Data   RW         4164    .data               imu.o
    0x20000250   COMPRESSED   0x00000140   Data   RW         4165    .data               imu.o
    0x20000390   COMPRESSED   0x00001464   Data   RW         4293    .data               motor.o
    0x200017f4   COMPRESSED   0x00000040   Data   RW         4348    .data               master.o
    0x20001834   COMPRESSED   0x00000002   Data   RW         4505    .data               crc.o
    0x20001836   COMPRESSED   0x00000002   PAD
    0x20001838   COMPRESSED   0x000000d4   Data   RW         4563    .data               judge.o
    0x2000190c   COMPRESSED   0x00000070   Data   RW         4618    .data               vision.o
    0x2000197c   COMPRESSED   0x00000010   Data   RW         5651    .data               bmi270.o
    0x2000198c   COMPRESSED   0x00000008   Data   RW         5862    .data               common.o
    0x20001994   COMPRESSED   0x0000000c   Data   RW         6050    .data               freertos.o
    0x200019a0   COMPRESSED   0x00000004   Data   RW         6148    .data               can.o
    0x200019a4   COMPRESSED   0x0000000c   Data   RW         7781    .data               stm32f4xx_hal.o
    0x200019b0   COMPRESSED   0x00000004   Data   RW         9698    .data               system_stm32f4xx.o
    0x200019b4   COMPRESSED   0x0000003c   Data   RW        10244    .data               tasks.o
    0x200019f0   COMPRESSED   0x00000020   Data   RW        10888    .data               heap_4.o
    0x20001a10   COMPRESSED   0x0000000c   Data   RW        10956    .data               port.o
    0x20001a1c   COMPRESSED   0x00000004   Data   RW        11195    .data               mc_w.l(mvars.o)
    0x20001a20   COMPRESSED   0x00000004   Data   RW        11196    .data               mc_w.l(mvars.o)
    0x20001a24        -       0x000000b8   Zero   RW         3726    .bss                can_drv.o
    0x20001adc        -       0x000005a8   Zero   RW         3851    .bss                uart_drv.o
    0x20002084   COMPRESSED   0x00000004   PAD
    0x20002088        -       0x00000068   Zero   RW         4163    .bss                imu.o
    0x200020f0        -       0x00000254   Zero   RW         6047    .bss                freertos.o
    0x20002344        -       0x00000050   Zero   RW         6147    .bss                can.o
    0x20002394        -       0x0000000c   Zero   RW         6220    .bss                iwdg.o
    0x200023a0        -       0x00000058   Zero   RW         6252    .bss                spi.o
    0x200023f8        -       0x00000090   Zero   RW         6295    .bss                tim.o
    0x20002488        -       0x000004b4   Zero   RW         6346    .bss                usart.o
    0x2000293c        -       0x00000048   Zero   RW         6610    .bss                stm32f4xx_hal_timebase_tim.o
    0x20002984        -       0x000000f0   Zero   RW        10243    .bss                tasks.o
    0x20002a74        -       0x00003c00   Zero   RW        10887    .bss                heap_4.o
    0x20006674   COMPRESSED   0x00000004   PAD
    0x20006678        -       0x00000200   Zero   RW         5935    HEAP                startup_stm32f407xx.o
    0x20006878        -       0x00000400   Zero   RW         5934    STACK               startup_stm32f407xx.o


    Execution Region RW_IRAM2 (Exec base: 0x2001c000, Load base: 0x0800c4bc, Size: 0x00000000, Max: 0x00004000, ABSOLUTE)

    **** No section assigned to this execution region ****


==============================================================================

Image component sizes


      Code (inc. data)   RO Data    RW Data    ZI Data      Debug   Object Name

       540         28         40          0          0       9420   arm_atan2_f32.o
         0          0       2052          0          0       8373   arm_common_tables.o
       132         14          0          0          0        758   arm_cos_f32.o
       128         14          0          0          0        758   arm_sin_f32.o
       162          4          0          0          0      43511   bmi.o
      3638         12          6          0          0      37088   bmi2.o
      4410         22       8264         16          0      35718   bmi270.o
       396         46          0          4         80       2486   can.o
       362         54          0          0        184       5877   can_drv.o
        72         12          0          0          0       1630   can_potocal.o
       280          8          0         68          0       5467   cap.o
         0          0          0          0          0       3052   center.o
       120          0          0          0          0      23305   cmsis_os.o
       530         58          0          8          0       7257   common.o
       178         18        768          2          0       3771   crc.o
       188          4          0          0          0        874   dma.o
         0          0          0          0          0      16884   event_groups.o
       104         14        122         12        596      33797   freertos.o
       140          8          0          0          0        983   gpio.o
         0          0          0          0          0     142700   gpio_drv.o
       472         24          0         32      15360       7407   heap_4.o
       760         72          0          0          0       5755   iic_drv.o
      3146        118          0        340        104      16072   imu.o
        44          8          0          0         12        723   iwdg.o
       768         16          0        212          0      15203   judge.o
       184         26          0         16          0       2340   led.o
       138          0          0          0          0       3534   list.o
       248          8          0          0          0       2808   main.o
       150          6          0         64          0       3814   master.o
       396         40          0       5220          0       3886   motor.o
       786         82          0         12          0      11825   port.o
      1688         66          0        484          0      17083   rc.o
      1756        104          0          0          0      18395   rm_motor.o
       120         18          0          0          0     725220   rp_init.o
       180         24          0          0         88       1685   spi.o
        92          8          0          0          0        931   spi_drv.o
        36          8        392          0       1536        808   startup_stm32f407xx.o
       116         18          0         12          0       8710   stm32f4xx_hal.o
      1658          6          0          0          0      14243   stm32f4xx_hal_can.o
       158         14          0          0          0      33106   stm32f4xx_hal_cortex.o
      1084         16          8          0          0       7338   stm32f4xx_hal_dma.o
       522         46          0          0          0       2837   stm32f4xx_hal_gpio.o
       102          0          0          0          0       1883   stm32f4xx_hal_iwdg.o
        56          4          0          0          0        866   stm32f4xx_hal_msp.o
      1412         86          0          0          0       5889   stm32f4xx_hal_rcc.o
      1738         12          0          0          0       8470   stm32f4xx_hal_spi.o
      1110         72          0          0          0      10157   stm32f4xx_hal_tim.o
       148         28          0          0          0       2449   stm32f4xx_hal_tim_ex.o
       152         18          0          0         72       1475   stm32f4xx_hal_timebase_tim.o
      1596         30          0          0          0      12218   stm32f4xx_hal_uart.o
       288        108          0          0          0      11513   stm32f4xx_it.o
        16          4         24          4          0       1163   system_stm32f4xx.o
      1536        116          0         60        240      20093   tasks.o
       184         40          0          0          0       3255   tasks_center.o
        60          6          0          4          0       1668   tick_drv.o
       364         34          0          0        144       2527   tim.o
      1354        130          0          0       1448       8668   uart_drv.o
      1316        106          0          0       1204       5385   usart.o
        52         14          0          0          0       3039   usart_potocal.o
       210          0          0        112          0       5501   vision.o

    ----------------------------------------------------------------------
     37638       1852      11712       6684      21076    1393651   Object Totals
         0          0         32          0          0          0   (incl. Generated)
        62          0          4          2          8          0   (incl. Padding)

    ----------------------------------------------------------------------

      Code (inc. data)   RO Data    RW Data    ZI Data      Debug   Library Member Name

        86          0          0          0          0          0   __dczerorl2.o
         0          0          0          0          0          0   entry.o
         0          0          0          0          0          0   entry10a.o
         0          0          0          0          0          0   entry11a.o
         4          0          0          0          0          0   entry12b.o
         8          4          0          0          0          0   entry2.o
         4          0          0          0          0          0   entry5.o
         0          0          0          0          0          0   entry7b.o
         0          0          0          0          0          0   entry8b.o
         8          4          0          0          0          0   entry9a.o
        30          0          0          0          0          0   handlers.o
        36          8          0          0          0         68   init.o
        30          0          0          0          0         68   llshl.o
        32          0          0          0          0         68   llushr.o
       188         20          0          0          0        160   malloc.o
        36          0          0          0          0         68   memcpya.o
        36          0          0          0          0        108   memseta.o
         0          0          0          8          0          0   mvars.o
        98          0          0          0          0         92   uldiv.o

    ----------------------------------------------------------------------
       598         36          0          8          0        632   Library Totals
         2          0          0          0          0          0   (incl. Padding)

    ----------------------------------------------------------------------

      Code (inc. data)   RO Data    RW Data    ZI Data      Debug   Library Name

       596         36          0          8          0        632   mc_w.l

    ----------------------------------------------------------------------
       598         36          0          8          0        632   Library Totals

    ----------------------------------------------------------------------

==============================================================================


      Code (inc. data)   RO Data    RW Data    ZI Data      Debug   

     38236       1888      11712       6692      21076    1358707   Grand Totals
     38236       1888      11712        416      21076    1358707   ELF Image Totals (compressed)
     38236       1888      11712        416          0          0   ROM Totals

==============================================================================

    Total RO  Size (Code + RO Data)                49948 (  48.78kB)
    Total RW  Size (RW Data + ZI Data)             27768 (  27.12kB)
    Total ROM Size (Code + RO Data + RW Data)      50364 (  49.18kB)

==============================================================================

